17:47:14 **** Incremental Build of configuration Debug for project Simple_Scheduler ****
make -j12 all 
arm-none-eabi-gcc "../Core/Src/sched.c" -mcpu=cortex-m3 -std=gnu11 -g3 -DDEBUG -DUSE_HAL_DRIVER -DSTM32F103x6 -c -I../Core/Inc -I../Drivers/STM32F1xx_HAL_Driver/Inc/Legacy -I../Drivers/STM32F1xx_HAL_Driver/Inc -I../Drivers/CMSIS/Device/ST/STM32F1xx/Include -I../Drivers/CMSIS/Include -O0 -ffunction-sections -fdata-sections -Wall -fstack-usage -MMD -MP -MF"Core/Src/sched.d" -MT"Core/Src/sched.o" --specs=nano.specs -mfloat-abi=soft -mthumb -o "Core/Src/sched.o"
arm-none-eabi-gcc -o "Simple_Scheduler.elf" @"objects.list"   -mcpu=cortex-m3 -T"C:\Users\ADMIN\Documents\MCU\Lab4\Simple_Scheduler\STM32F103C6UX_FLASH.ld" --specs=nosys.specs -Wl,-Map="Simple_Scheduler.map" -Wl,--gc-sections -static --specs=nano.specs -mfloat-abi=soft -mthumb -Wl,--start-group -lc -lm -Wl,--end-group
Finished building target: Simple_Scheduler.elf
 
arm-none-eabi-size   Simple_Scheduler.elf 
arm-none-eabi-objdump -h -S  Simple_Scheduler.elf  > "Simple_Scheduler.list"
arm-none-eabi-objcopy  -O ihex  Simple_Scheduler.elf  "Simple_Scheduler.hex"
arm-none-eabi-objcopy  -O binary  Simple_Scheduler.elf  "Simple_Scheduler.bin"
   text	   data	    bss	    dec	    hex	filename
   8196	    120	   1672	   9988	   2704	Simple_Scheduler.elf
Finished building: default.size.stdout
 
Finished building: Simple_Scheduler.hex
Finished building: Simple_Scheduler.bin
 
 
Finished building: Simple_Scheduler.list
 
17:53:00 **** Incremental Build of configuration Debug for project Simple_Scheduler ****
make -j12 all 
arm-none-eabi-gcc "../Core/Src/sched.c" -mcpu=cortex-m3 -std=gnu11 -g3 -DDEBUG -DUSE_HAL_DRIVER -DSTM32F103x6 -c -I../Core/Inc -I../Drivers/STM32F1xx_HAL_Driver/Inc/Legacy -I../Drivers/STM32F1xx_HAL_Driver/Inc -I../Drivers/CMSIS/Device/ST/STM32F1xx/Include -I../Drivers/CMSIS/Include -O0 -ffunction-sections -fdata-sections -Wall -fstack-usage -MMD -MP -MF"Core/Src/sched.d" -MT"Core/Src/sched.o" --specs=nano.specs -mfloat-abi=soft -mthumb -o "Core/Src/sched.o"
../Core/Src/sched.c:62:6: error: conflicting types for 'SCH_Delete_Task'
   62 | void SCH_Delete_Task(TaskNode * task) {
      |      ^~~~~~~~~~~~~~~
In file included from ../Core/Src/sched.c:9:
../Core/Inc/sched.h:17:6: note: previous declaration of 'SCH_Delete_Task' was here
   17 | void SCH_Delete_Task(void);
      |      ^~~~~~~~~~~~~~~
make: *** [Core/Src/subdir.mk:43: Core/Src/sched.o] Error 1
"make -j12 all" terminated with exit code 2. Build might be incomplete.
17:53:09 **** Incremental Build of configuration Debug for project Simple_Scheduler ****
make -j12 all 
arm-none-eabi-gcc "../Core/Src/main.c" -mcpu=cortex-m3 -std=gnu11 -g3 -DDEBUG -DUSE_HAL_DRIVER -DSTM32F103x6 -c -I../Core/Inc -I../Drivers/STM32F1xx_HAL_Driver/Inc/Legacy -I../Drivers/STM32F1xx_HAL_Driver/Inc -I../Drivers/CMSIS/Device/ST/STM32F1xx/Include -I../Drivers/CMSIS/Include -O0 -ffunction-sections -fdata-sections -Wall -fstack-usage -MMD -MP -MF"Core/Src/main.d" -MT"Core/Src/main.o" --specs=nano.specs -mfloat-abi=soft -mthumb -o "Core/Src/main.o"
arm-none-eabi-gcc "../Core/Src/sched.c" -mcpu=cortex-m3 -std=gnu11 -g3 -DDEBUG -DUSE_HAL_DRIVER -DSTM32F103x6 -c -I../Core/Inc -I../Drivers/STM32F1xx_HAL_Driver/Inc/Legacy -I../Drivers/STM32F1xx_HAL_Driver/Inc -I../Drivers/CMSIS/Device/ST/STM32F1xx/Include -I../Drivers/CMSIS/Include -O0 -ffunction-sections -fdata-sections -Wall -fstack-usage -MMD -MP -MF"Core/Src/sched.d" -MT"Core/Src/sched.o" --specs=nano.specs -mfloat-abi=soft -mthumb -o "Core/Src/sched.o"
arm-none-eabi-gcc -o "Simple_Scheduler.elf" @"objects.list"   -mcpu=cortex-m3 -T"C:\Users\ADMIN\Documents\MCU\Lab4\Simple_Scheduler\STM32F103C6UX_FLASH.ld" --specs=nosys.specs -Wl,-Map="Simple_Scheduler.map" -Wl,--gc-sections -static --specs=nano.specs -mfloat-abi=soft -mthumb -Wl,--start-group -lc -lm -Wl,--end-group
Finished building target: Simple_Scheduler.elf
 
arm-none-eabi-size   Simple_Scheduler.elf 
arm-none-eabi-objdump -h -S  Simple_Scheduler.elf  > "Simple_Scheduler.list"
arm-none-eabi-objcopy  -O ihex  Simple_Scheduler.elf  "Simple_Scheduler.hex"
arm-none-eabi-objcopy  -O binary  Simple_Scheduler.elf  "Simple_Scheduler.bin"
   text	   data	    bss	    dec	    hex	filename
   8196	    120	   1672	   9988	   2704	Simple_Scheduler.elf
Finished building: default.size.stdout
 
Finished building: Simple_Scheduler.hex
Finished building: Simple_Scheduler.bin
 
 
Finished building: Simple_Scheduler.list
 
17:54:59 **** Incremental Build of configuration Debug for project Simple_Scheduler ****
make -j12 all 
arm-none-eabi-gcc "../Core/Src/main.c" -mcpu=cortex-m3 -std=gnu11 -g3 -DDEBUG -DUSE_HAL_DRIVER -DSTM32F103x6 -c -I../Core/Inc -I../Drivers/STM32F1xx_HAL_Driver/Inc/Legacy -I../Drivers/STM32F1xx_HAL_Driver/Inc -I../Drivers/CMSIS/Device/ST/STM32F1xx/Include -I../Drivers/CMSIS/Include -O0 -ffunction-sections -fdata-sections -Wall -fstack-usage -MMD -MP -MF"Core/Src/main.d" -MT"Core/Src/main.o" --specs=nano.specs -mfloat-abi=soft -mthumb -o "Core/Src/main.o"
arm-none-eabi-gcc "../Core/Src/sched.c" -mcpu=cortex-m3 -std=gnu11 -g3 -DDEBUG -DUSE_HAL_DRIVER -DSTM32F103x6 -c -I../Core/Inc -I../Drivers/STM32F1xx_HAL_Driver/Inc/Legacy -I../Drivers/STM32F1xx_HAL_Driver/Inc -I../Drivers/CMSIS/Device/ST/STM32F1xx/Include -I../Drivers/CMSIS/Include -O0 -ffunction-sections -fdata-sections -Wall -fstack-usage -MMD -MP -MF"Core/Src/sched.d" -MT"Core/Src/sched.o" --specs=nano.specs -mfloat-abi=soft -mthumb -o "Core/Src/sched.o"
arm-none-eabi-gcc -o "Simple_Scheduler.elf" @"objects.list"   -mcpu=cortex-m3 -T"C:\Users\ADMIN\Documents\MCU\Lab4\Simple_Scheduler\STM32F103C6UX_FLASH.ld" --specs=nosys.specs -Wl,-Map="Simple_Scheduler.map" -Wl,--gc-sections -static --specs=nano.specs -mfloat-abi=soft -mthumb -Wl,--start-group -lc -lm -Wl,--end-group
d:\st\stm32cubeide_1.10.1\stm32cubeide\plugins\com.st.stm32cube.ide.mcu.externaltools.gnu-tools-for-stm32.10.3-2021.10.win32_1.0.0.202111181127\tools\arm-none-eabi\bin\ld.exe: ./Core/Src/sched.o:C:/Users/ADMIN/Documents/MCU/Lab4/Simple_Scheduler/Debug/../Core/Inc/sched.h:15: multiple definition of `SCH_tasks_G'; ./Core/Src/main.o:C:/Users/ADMIN/Documents/MCU/Lab4/Simple_Scheduler/Debug/../Core/Inc/sched.h:15: first defined here
collect2.exe: error: ld returned 1 exit status
make: *** [makefile:70: Simple_Scheduler.elf] Error 1
"make -j12 all" terminated with exit code 2. Build might be incomplete.
17:55:10 **** Incremental Build of configuration Debug for project Simple_Scheduler ****
make -j12 all 
arm-none-eabi-gcc "../Core/Src/main.c" -mcpu=cortex-m3 -std=gnu11 -g3 -DDEBUG -DUSE_HAL_DRIVER -DSTM32F103x6 -c -I../Core/Inc -I../Drivers/STM32F1xx_HAL_Driver/Inc/Legacy -I../Drivers/STM32F1xx_HAL_Driver/Inc -I../Drivers/CMSIS/Device/ST/STM32F1xx/Include -I../Drivers/CMSIS/Include -O0 -ffunction-sections -fdata-sections -Wall -fstack-usage -MMD -MP -MF"Core/Src/main.d" -MT"Core/Src/main.o" --specs=nano.specs -mfloat-abi=soft -mthumb -o "Core/Src/main.o"
arm-none-eabi-gcc "../Core/Src/sched.c" -mcpu=cortex-m3 -std=gnu11 -g3 -DDEBUG -DUSE_HAL_DRIVER -DSTM32F103x6 -c -I../Core/Inc -I../Drivers/STM32F1xx_HAL_Driver/Inc/Legacy -I../Drivers/STM32F1xx_HAL_Driver/Inc -I../Drivers/CMSIS/Device/ST/STM32F1xx/Include -I../Drivers/CMSIS/Include -O0 -ffunction-sections -fdata-sections -Wall -fstack-usage -MMD -MP -MF"Core/Src/sched.d" -MT"Core/Src/sched.o" --specs=nano.specs -mfloat-abi=soft -mthumb -o "Core/Src/sched.o"
arm-none-eabi-gcc -o "Simple_Scheduler.elf" @"objects.list"   -mcpu=cortex-m3 -T"C:\Users\ADMIN\Documents\MCU\Lab4\Simple_Scheduler\STM32F103C6UX_FLASH.ld" --specs=nosys.specs -Wl,-Map="Simple_Scheduler.map" -Wl,--gc-sections -static --specs=nano.specs -mfloat-abi=soft -mthumb -Wl,--start-group -lc -lm -Wl,--end-group
d:\st\stm32cubeide_1.10.1\stm32cubeide\plugins\com.st.stm32cube.ide.mcu.externaltools.gnu-tools-for-stm32.10.3-2021.10.win32_1.0.0.202111181127\tools\arm-none-eabi\bin\ld.exe: ./Core/Src/sched.o: in function `SCH_Init':
C:/Users/ADMIN/Documents/MCU/Lab4/Simple_Scheduler/Debug/../Core/Src/sched.c:14: undefined reference to `SCH_tasks_G'
d:\st\stm32cubeide_1.10.1\stm32cubeide\plugins\com.st.stm32cube.ide.mcu.externaltools.gnu-tools-for-stm32.10.3-2021.10.win32_1.0.0.202111181127\tools\arm-none-eabi\bin\ld.exe: ./Core/Src/sched.o: in function `SCH_Add_Task':
C:/Users/ADMIN/Documents/MCU/Lab4/Simple_Scheduler/Debug/../Core/Src/sched.c:58: undefined reference to `SCH_tasks_G'
d:\st\stm32cubeide_1.10.1\stm32cubeide\plugins\com.st.stm32cube.ide.mcu.externaltools.gnu-tools-for-stm32.10.3-2021.10.win32_1.0.0.202111181127\tools\arm-none-eabi\bin\ld.exe: ./Core/Src/sched.o: in function `SCH_Delete_Task':
C:/Users/ADMIN/Documents/MCU/Lab4/Simple_Scheduler/Debug/../Core/Src/sched.c:63: undefined reference to `SCH_tasks_G'
d:\st\stm32cubeide_1.10.1\stm32cubeide\plugins\com.st.stm32cube.ide.mcu.externaltools.gnu-tools-for-stm32.10.3-2021.10.win32_1.0.0.202111181127\tools\arm-none-eabi\bin\ld.exe: ./Core/Src/sched.o: in function `SCH_Dispatch_Tasks':
C:/Users/ADMIN/Documents/MCU/Lab4/Simple_Scheduler/Debug/../Core/Src/sched.c:77: undefined reference to `SCH_tasks_G'
d:\st\stm32cubeide_1.10.1\stm32cubeide\plugins\com.st.stm32cube.ide.mcu.externaltools.gnu-tools-for-stm32.10.3-2021.10.win32_1.0.0.202111181127\tools\arm-none-eabi\bin\ld.exe: ./Core/Src/sched.o: in function `SCH_Update':
C:/Users/ADMIN/Documents/MCU/Lab4/Simple_Scheduler/Debug/../Core/Src/sched.c:91: undefined reference to `SCH_tasks_G'
collect2.exe: error: ld returned 1 exit status
make: *** [makefile:70: Simple_Scheduler.elf] Error 1
"make -j12 all" terminated with exit code 2. Build might be incomplete.
17:56:05 **** Incremental Build of configuration Debug for project Simple_Scheduler ****
make -j12 all 
arm-none-eabi-gcc "../Core/Src/sched.c" -mcpu=cortex-m3 -std=gnu11 -g3 -DDEBUG -DUSE_HAL_DRIVER -DSTM32F103x6 -c -I../Core/Inc -I../Drivers/STM32F1xx_HAL_Driver/Inc/Legacy -I../Drivers/STM32F1xx_HAL_Driver/Inc -I../Drivers/CMSIS/Device/ST/STM32F1xx/Include -I../Drivers/CMSIS/Include -O0 -ffunction-sections -fdata-sections -Wall -fstack-usage -MMD -MP -MF"Core/Src/sched.d" -MT"Core/Src/sched.o" --specs=nano.specs -mfloat-abi=soft -mthumb -o "Core/Src/sched.o"
arm-none-eabi-gcc -o "Simple_Scheduler.elf" @"objects.list"   -mcpu=cortex-m3 -T"C:\Users\ADMIN\Documents\MCU\Lab4\Simple_Scheduler\STM32F103C6UX_FLASH.ld" --specs=nosys.specs -Wl,-Map="Simple_Scheduler.map" -Wl,--gc-sections -static --specs=nano.specs -mfloat-abi=soft -mthumb -Wl,--start-group -lc -lm -Wl,--end-group
Finished building target: Simple_Scheduler.elf
 
arm-none-eabi-size   Simple_Scheduler.elf 
arm-none-eabi-objdump -h -S  Simple_Scheduler.elf  > "Simple_Scheduler.list"
arm-none-eabi-objcopy  -O ihex  Simple_Scheduler.elf  "Simple_Scheduler.hex"
arm-none-eabi-objcopy  -O binary  Simple_Scheduler.elf  "Simple_Scheduler.bin"
   text	   data	    bss	    dec	    hex	filename
   8196	    120	   1672	   9988	   2704	Simple_Scheduler.elf
Finished building: default.size.stdout
 
Finished building: Simple_Scheduler.hex
Finished building: Simple_Scheduler.bin
 
 
Finished building: Simple_Scheduler.list
 
17:58:01 **** Incremental Build of configuration Debug for project Simple_Scheduler ****
make -j12 all 
arm-none-eabi-gcc "../Core/Src/sched.c" -mcpu=cortex-m3 -std=gnu11 -g3 -DDEBUG -DUSE_HAL_DRIVER -DSTM32F103x6 -c -I../Core/Inc -I../Drivers/STM32F1xx_HAL_Driver/Inc/Legacy -I../Drivers/STM32F1xx_HAL_Driver/Inc -I../Drivers/CMSIS/Device/ST/STM32F1xx/Include -I../Drivers/CMSIS/Include -O0 -ffunction-sections -fdata-sections -Wall -fstack-usage -MMD -MP -MF"Core/Src/sched.d" -MT"Core/Src/sched.o" --specs=nano.specs -mfloat-abi=soft -mthumb -o "Core/Src/sched.o"
arm-none-eabi-gcc -o "Simple_Scheduler.elf" @"objects.list"   -mcpu=cortex-m3 -T"C:\Users\ADMIN\Documents\MCU\Lab4\Simple_Scheduler\STM32F103C6UX_FLASH.ld" --specs=nosys.specs -Wl,-Map="Simple_Scheduler.map" -Wl,--gc-sections -static --specs=nano.specs -mfloat-abi=soft -mthumb -Wl,--start-group -lc -lm -Wl,--end-group
Finished building target: Simple_Scheduler.elf
 
arm-none-eabi-size   Simple_Scheduler.elf 
arm-none-eabi-objdump -h -S  Simple_Scheduler.elf  > "Simple_Scheduler.list"
arm-none-eabi-objcopy  -O ihex  Simple_Scheduler.elf  "Simple_Scheduler.hex"
arm-none-eabi-objcopy  -O binary  Simple_Scheduler.elf  "Simple_Scheduler.bin"
   text	   data	    bss	    dec	    hex	filename
   8200	    120	   1672	   9992	   2708	Simple_Scheduler.elf
Finished building: default.size.stdout
 
Finished building: Simple_Scheduler.hex
Finished building: Simple_Scheduler.bin
 
 
Finished building: Simple_Scheduler.list
 
18:00:18 **** Incremental Build of configuration Debug for project Simple_Scheduler ****
make -j12 all 
arm-none-eabi-gcc "../Core/Src/sched.c" -mcpu=cortex-m3 -std=gnu11 -g3 -DDEBUG -DUSE_HAL_DRIVER -DSTM32F103x6 -c -I../Core/Inc -I../Drivers/STM32F1xx_HAL_Driver/Inc/Legacy -I../Drivers/STM32F1xx_HAL_Driver/Inc -I../Drivers/CMSIS/Device/ST/STM32F1xx/Include -I../Drivers/CMSIS/Include -O0 -ffunction-sections -fdata-sections -Wall -fstack-usage -MMD -MP -MF"Core/Src/sched.d" -MT"Core/Src/sched.o" --specs=nano.specs -mfloat-abi=soft -mthumb -o "Core/Src/sched.o"
arm-none-eabi-gcc -o "Simple_Scheduler.elf" @"objects.list"   -mcpu=cortex-m3 -T"C:\Users\ADMIN\Documents\MCU\Lab4\Simple_Scheduler\STM32F103C6UX_FLASH.ld" --specs=nosys.specs -Wl,-Map="Simple_Scheduler.map" -Wl,--gc-sections -static --specs=nano.specs -mfloat-abi=soft -mthumb -Wl,--start-group -lc -lm -Wl,--end-group
Finished building target: Simple_Scheduler.elf
 
arm-none-eabi-size   Simple_Scheduler.elf 
arm-none-eabi-objdump -h -S  Simple_Scheduler.elf  > "Simple_Scheduler.list"
arm-none-eabi-objcopy  -O ihex  Simple_Scheduler.elf  "Simple_Scheduler.hex"
arm-none-eabi-objcopy  -O binary  Simple_Scheduler.elf  "Simple_Scheduler.bin"
   text	   data	    bss	    dec	    hex	filename
   8204	    120	   1672	   9996	   270c	Simple_Scheduler.elf
Finished building: default.size.stdout
 
Finished building: Simple_Scheduler.hex
Finished building: Simple_Scheduler.bin
 
Finished building: Simple_Scheduler.list
 
 
18:43:45 **** Incremental Build of configuration Debug for project Simple_Scheduler ****
make -j12 all 
arm-none-eabi-gcc "../Core/Src/main.c" -mcpu=cortex-m3 -std=gnu11 -g3 -DDEBUG -DUSE_HAL_DRIVER -DSTM32F103x6 -c -I../Core/Inc -I../Drivers/STM32F1xx_HAL_Driver/Inc/Legacy -I../Drivers/STM32F1xx_HAL_Driver/Inc -I../Drivers/CMSIS/Device/ST/STM32F1xx/Include -I../Drivers/CMSIS/Include -O0 -ffunction-sections -fdata-sections -Wall -fstack-usage -MMD -MP -MF"Core/Src/main.d" -MT"Core/Src/main.o" --specs=nano.specs -mfloat-abi=soft -mthumb -o "Core/Src/main.o"
arm-none-eabi-gcc "../Core/Src/sched.c" -mcpu=cortex-m3 -std=gnu11 -g3 -DDEBUG -DUSE_HAL_DRIVER -DSTM32F103x6 -c -I../Core/Inc -I../Drivers/STM32F1xx_HAL_Driver/Inc/Legacy -I../Drivers/STM32F1xx_HAL_Driver/Inc -I../Drivers/CMSIS/Device/ST/STM32F1xx/Include -I../Drivers/CMSIS/Include -O0 -ffunction-sections -fdata-sections -Wall -fstack-usage -MMD -MP -MF"Core/Src/sched.d" -MT"Core/Src/sched.o" --specs=nano.specs -mfloat-abi=soft -mthumb -o "Core/Src/sched.o"
arm-none-eabi-gcc -o "Simple_Scheduler.elf" @"objects.list"   -mcpu=cortex-m3 -T"C:\Users\ADMIN\Documents\MCU\Lab4\Simple_Scheduler\STM32F103C6UX_FLASH.ld" --specs=nosys.specs -Wl,-Map="Simple_Scheduler.map" -Wl,--gc-sections -static --specs=nano.specs -mfloat-abi=soft -mthumb -Wl,--start-group -lc -lm -Wl,--end-group
d:\st\stm32cubeide_1.10.1\stm32cubeide\plugins\com.st.stm32cube.ide.mcu.externaltools.gnu-tools-for-stm32.10.3-2021.10.win32_1.0.0.202111181127\tools\arm-none-eabi\bin\ld.exe: ./Core/Src/main.o: in function `main':
C:/Users/ADMIN/Documents/MCU/Lab4/Simple_Scheduler/Debug/../Core/Src/main.c:125: undefined reference to `SCH_Dispatch_Tasks'
collect2.exe: error: ld returned 1 exit status
make: *** [makefile:70: Simple_Scheduler.elf] Error 1
"make -j12 all" terminated with exit code 2. Build might be incomplete.
18:43:59 **** Incremental Build of configuration Debug for project Simple_Scheduler ****
make -j12 all 
arm-none-eabi-gcc "../Core/Src/sched.c" -mcpu=cortex-m3 -std=gnu11 -g3 -DDEBUG -DUSE_HAL_DRIVER -DSTM32F103x6 -c -I../Core/Inc -I../Drivers/STM32F1xx_HAL_Driver/Inc/Legacy -I../Drivers/STM32F1xx_HAL_Driver/Inc -I../Drivers/CMSIS/Device/ST/STM32F1xx/Include -I../Drivers/CMSIS/Include -O0 -ffunction-sections -fdata-sections -Wall -fstack-usage -MMD -MP -MF"Core/Src/sched.d" -MT"Core/Src/sched.o" --specs=nano.specs -mfloat-abi=soft -mthumb -o "Core/Src/sched.o"
arm-none-eabi-gcc -o "Simple_Scheduler.elf" @"objects.list"   -mcpu=cortex-m3 -T"C:\Users\ADMIN\Documents\MCU\Lab4\Simple_Scheduler\STM32F103C6UX_FLASH.ld" --specs=nosys.specs -Wl,-Map="Simple_Scheduler.map" -Wl,--gc-sections -static --specs=nano.specs -mfloat-abi=soft -mthumb -Wl,--start-group -lc -lm -Wl,--end-group
Finished building target: Simple_Scheduler.elf
 
arm-none-eabi-size   Simple_Scheduler.elf 
arm-none-eabi-objdump -h -S  Simple_Scheduler.elf  > "Simple_Scheduler.list"
arm-none-eabi-objcopy  -O ihex  Simple_Scheduler.elf  "Simple_Scheduler.hex"
arm-none-eabi-objcopy  -O binary  Simple_Scheduler.elf  "Simple_Scheduler.bin"
   text	   data	    bss	    dec	    hex	filename
   8212	    120	   1672	  10004	   2714	Simple_Scheduler.elf
Finished building: default.size.stdout
 
Finished building: Simple_Scheduler.hex
Finished building: Simple_Scheduler.bin
 
 
Finished building: Simple_Scheduler.list
 
22:07:25 **** Incremental Build of configuration Debug for project Simple_Scheduler ****
make -j12 all 
arm-none-eabi-gcc "../Core/Src/main.c" -mcpu=cortex-m3 -std=gnu11 -g3 -DDEBUG -DUSE_HAL_DRIVER -DSTM32F103x6 -c -I../Core/Inc -I../Drivers/STM32F1xx_HAL_Driver/Inc/Legacy -I../Drivers/STM32F1xx_HAL_Driver/Inc -I../Drivers/CMSIS/Device/ST/STM32F1xx/Include -I../Drivers/CMSIS/Include -O0 -ffunction-sections -fdata-sections -Wall -fstack-usage -MMD -MP -MF"Core/Src/main.d" -MT"Core/Src/main.o" --specs=nano.specs -mfloat-abi=soft -mthumb -o "Core/Src/main.o"
arm-none-eabi-gcc "../Core/Src/sched.c" -mcpu=cortex-m3 -std=gnu11 -g3 -DDEBUG -DUSE_HAL_DRIVER -DSTM32F103x6 -c -I../Core/Inc -I../Drivers/STM32F1xx_HAL_Driver/Inc/Legacy -I../Drivers/STM32F1xx_HAL_Driver/Inc -I../Drivers/CMSIS/Device/ST/STM32F1xx/Include -I../Drivers/CMSIS/Include -O0 -ffunction-sections -fdata-sections -Wall -fstack-usage -MMD -MP -MF"Core/Src/sched.d" -MT"Core/Src/sched.o" --specs=nano.specs -mfloat-abi=soft -mthumb -o "Core/Src/sched.o"
../Core/Src/sched.c: In function 'SCH_Add_Task':
../Core/Src/sched.c:48:23: error: 'head' undeclared (first use in this function)
   48 |    SCH_tasks_G.todo = head;
      |                       ^~~~
../Core/Src/sched.c:48:23: note: each undeclared identifier is reported only once for each function it appears in
../Core/Src/sched.c: In function 'SCH_Dispatch_Tasks':
../Core/Src/sched.c:95:5: warning: implicit declaration of function 'SCH_Add_Tasks'; did you mean 'SCH_Add_Task'? [-Wimplicit-function-declaration]
   95 |     SCH_Add_Tasks(cur->task.pTask, cur->task.Period, cur->task.Period);
      |     ^~~~~~~~~~~~~
      |     SCH_Add_Task
make: *** [Core/Src/subdir.mk:43: Core/Src/sched.o] Error 1
make: *** Waiting for unfinished jobs....
"make -j12 all" terminated with exit code 2. Build might be incomplete.
22:07:31 **** Incremental Build of configuration Debug for project Simple_Scheduler ****
make -j12 all 
arm-none-eabi-gcc "../Core/Src/sched.c" -mcpu=cortex-m3 -std=gnu11 -g3 -DDEBUG -DUSE_HAL_DRIVER -DSTM32F103x6 -c -I../Core/Inc -I../Drivers/STM32F1xx_HAL_Driver/Inc/Legacy -I../Drivers/STM32F1xx_HAL_Driver/Inc -I../Drivers/CMSIS/Device/ST/STM32F1xx/Include -I../Drivers/CMSIS/Include -O0 -ffunction-sections -fdata-sections -Wall -fstack-usage -MMD -MP -MF"Core/Src/sched.d" -MT"Core/Src/sched.o" --specs=nano.specs -mfloat-abi=soft -mthumb -o "Core/Src/sched.o"
../Core/Src/sched.c: In function 'SCH_Add_Task':
../Core/Src/sched.c:48:23: error: 'head' undeclared (first use in this function)
   48 |    SCH_tasks_G.todo = head;
      |                       ^~~~
../Core/Src/sched.c:48:23: note: each undeclared identifier is reported only once for each function it appears in
make: *** [Core/Src/subdir.mk:43: Core/Src/sched.o] Error 1
"make -j12 all" terminated with exit code 2. Build might be incomplete.
22:07:55 **** Incremental Build of configuration Debug for project Simple_Scheduler ****
make -j12 all 
arm-none-eabi-gcc "../Core/Src/sched.c" -mcpu=cortex-m3 -std=gnu11 -g3 -DDEBUG -DUSE_HAL_DRIVER -DSTM32F103x6 -c -I../Core/Inc -I../Drivers/STM32F1xx_HAL_Driver/Inc/Legacy -I../Drivers/STM32F1xx_HAL_Driver/Inc -I../Drivers/CMSIS/Device/ST/STM32F1xx/Include -I../Drivers/CMSIS/Include -O0 -ffunction-sections -fdata-sections -Wall -fstack-usage -MMD -MP -MF"Core/Src/sched.d" -MT"Core/Src/sched.o" --specs=nano.specs -mfloat-abi=soft -mthumb -o "Core/Src/sched.o"
arm-none-eabi-gcc -o "Simple_Scheduler.elf" @"objects.list"   -mcpu=cortex-m3 -T"C:\Users\ADMIN\Documents\MCU\Lab4\Simple_Scheduler\STM32F103C6UX_FLASH.ld" --specs=nosys.specs -Wl,-Map="Simple_Scheduler.map" -Wl,--gc-sections -static --specs=nano.specs -mfloat-abi=soft -mthumb -Wl,--start-group -lc -lm -Wl,--end-group
Finished building target: Simple_Scheduler.elf
 
arm-none-eabi-size   Simple_Scheduler.elf 
arm-none-eabi-objdump -h -S  Simple_Scheduler.elf  > "Simple_Scheduler.list"
arm-none-eabi-objcopy  -O ihex  Simple_Scheduler.elf  "Simple_Scheduler.hex"
arm-none-eabi-objcopy  -O binary  Simple_Scheduler.elf  "Simple_Scheduler.bin"
   text	   data	    bss	    dec	    hex	filename
   8300	    120	   1672	  10092	   276c	Simple_Scheduler.elf
Finished building: default.size.stdout
 
Finished building: Simple_Scheduler.hex
Finished building: Simple_Scheduler.bin
 
 
Finished building: Simple_Scheduler.list
 
22:12:09 **** Incremental Build of configuration Debug for project Simple_Scheduler ****
make -j12 all 
arm-none-eabi-gcc "../Core/Src/sched.c" -mcpu=cortex-m3 -std=gnu11 -g3 -DDEBUG -DUSE_HAL_DRIVER -DSTM32F103x6 -c -I../Core/Inc -I../Drivers/STM32F1xx_HAL_Driver/Inc/Legacy -I../Drivers/STM32F1xx_HAL_Driver/Inc -I../Drivers/CMSIS/Device/ST/STM32F1xx/Include -I../Drivers/CMSIS/Include -O0 -ffunction-sections -fdata-sections -Wall -fstack-usage -MMD -MP -MF"Core/Src/sched.d" -MT"Core/Src/sched.o" --specs=nano.specs -mfloat-abi=soft -mthumb -o "Core/Src/sched.o"
arm-none-eabi-gcc -o "Simple_Scheduler.elf" @"objects.list"   -mcpu=cortex-m3 -T"C:\Users\ADMIN\Documents\MCU\Lab4\Simple_Scheduler\STM32F103C6UX_FLASH.ld" --specs=nosys.specs -Wl,-Map="Simple_Scheduler.map" -Wl,--gc-sections -static --specs=nano.specs -mfloat-abi=soft -mthumb -Wl,--start-group -lc -lm -Wl,--end-group
Finished building target: Simple_Scheduler.elf
 
arm-none-eabi-size   Simple_Scheduler.elf 
arm-none-eabi-objdump -h -S  Simple_Scheduler.elf  > "Simple_Scheduler.list"
arm-none-eabi-objcopy  -O ihex  Simple_Scheduler.elf  "Simple_Scheduler.hex"
arm-none-eabi-objcopy  -O binary  Simple_Scheduler.elf  "Simple_Scheduler.bin"
   text	   data	    bss	    dec	    hex	filename
   8300	    120	   1672	  10092	   276c	Simple_Scheduler.elf
Finished building: default.size.stdout
 
Finished building: Simple_Scheduler.hex
Finished building: Simple_Scheduler.bin
 
 
Finished building: Simple_Scheduler.list
 
22:13:14 **** Incremental Build of configuration Debug for project Simple_Scheduler ****
make -j12 all 
arm-none-eabi-gcc "../Core/Src/sched.c" -mcpu=cortex-m3 -std=gnu11 -g3 -DDEBUG -DUSE_HAL_DRIVER -DSTM32F103x6 -c -I../Core/Inc -I../Drivers/STM32F1xx_HAL_Driver/Inc/Legacy -I../Drivers/STM32F1xx_HAL_Driver/Inc -I../Drivers/CMSIS/Device/ST/STM32F1xx/Include -I../Drivers/CMSIS/Include -O0 -ffunction-sections -fdata-sections -Wall -fstack-usage -MMD -MP -MF"Core/Src/sched.d" -MT"Core/Src/sched.o" --specs=nano.specs -mfloat-abi=soft -mthumb -o "Core/Src/sched.o"
../Core/Src/sched.c: In function 'SCH_Update':
../Core/Src/sched.c:106:6: error: 'cur' undeclared (first use in this function)
  106 |   if(cur->task.Period > 0) {
      |      ^~~
../Core/Src/sched.c:106:6: note: each undeclared identifier is reported only once for each function it appears in
make: *** [Core/Src/subdir.mk:43: Core/Src/sched.o] Error 1
"make -j12 all" terminated with exit code 2. Build might be incomplete.
22:13:29 **** Incremental Build of configuration Debug for project Simple_Scheduler ****
make -j12 all 
arm-none-eabi-gcc "../Core/Src/sched.c" -mcpu=cortex-m3 -std=gnu11 -g3 -DDEBUG -DUSE_HAL_DRIVER -DSTM32F103x6 -c -I../Core/Inc -I../Drivers/STM32F1xx_HAL_Driver/Inc/Legacy -I../Drivers/STM32F1xx_HAL_Driver/Inc -I../Drivers/CMSIS/Device/ST/STM32F1xx/Include -I../Drivers/CMSIS/Include -O0 -ffunction-sections -fdata-sections -Wall -fstack-usage -MMD -MP -MF"Core/Src/sched.d" -MT"Core/Src/sched.o" --specs=nano.specs -mfloat-abi=soft -mthumb -o "Core/Src/sched.o"
arm-none-eabi-gcc -o "Simple_Scheduler.elf" @"objects.list"   -mcpu=cortex-m3 -T"C:\Users\ADMIN\Documents\MCU\Lab4\Simple_Scheduler\STM32F103C6UX_FLASH.ld" --specs=nosys.specs -Wl,-Map="Simple_Scheduler.map" -Wl,--gc-sections -static --specs=nano.specs -mfloat-abi=soft -mthumb -Wl,--start-group -lc -lm -Wl,--end-group
Finished building target: Simple_Scheduler.elf
 
arm-none-eabi-size   Simple_Scheduler.elf 
arm-none-eabi-objdump -h -S  Simple_Scheduler.elf  > "Simple_Scheduler.list"
arm-none-eabi-objcopy  -O ihex  Simple_Scheduler.elf  "Simple_Scheduler.hex"
arm-none-eabi-objcopy  -O binary  Simple_Scheduler.elf  "Simple_Scheduler.bin"
   text	   data	    bss	    dec	    hex	filename
   8304	    120	   1672	  10096	   2770	Simple_Scheduler.elf
Finished building: default.size.stdout
 
Finished building: Simple_Scheduler.hex
Finished building: Simple_Scheduler.bin
 
 
Finished building: Simple_Scheduler.list
 
22:14:35 **** Incremental Build of configuration Debug for project Simple_Scheduler ****
make -j12 all 
arm-none-eabi-gcc "../Core/Src/sched.c" -mcpu=cortex-m3 -std=gnu11 -g3 -DDEBUG -DUSE_HAL_DRIVER -DSTM32F103x6 -c -I../Core/Inc -I../Drivers/STM32F1xx_HAL_Driver/Inc/Legacy -I../Drivers/STM32F1xx_HAL_Driver/Inc -I../Drivers/CMSIS/Device/ST/STM32F1xx/Include -I../Drivers/CMSIS/Include -O0 -ffunction-sections -fdata-sections -Wall -fstack-usage -MMD -MP -MF"Core/Src/sched.d" -MT"Core/Src/sched.o" --specs=nano.specs -mfloat-abi=soft -mthumb -o "Core/Src/sched.o"
arm-none-eabi-gcc -o "Simple_Scheduler.elf" @"objects.list"   -mcpu=cortex-m3 -T"C:\Users\ADMIN\Documents\MCU\Lab4\Simple_Scheduler\STM32F103C6UX_FLASH.ld" --specs=nosys.specs -Wl,-Map="Simple_Scheduler.map" -Wl,--gc-sections -static --specs=nano.specs -mfloat-abi=soft -mthumb -Wl,--start-group -lc -lm -Wl,--end-group
Finished building target: Simple_Scheduler.elf
 
arm-none-eabi-size   Simple_Scheduler.elf 
arm-none-eabi-objdump -h -S  Simple_Scheduler.elf  > "Simple_Scheduler.list"
arm-none-eabi-objcopy  -O ihex  Simple_Scheduler.elf  "Simple_Scheduler.hex"
arm-none-eabi-objcopy  -O binary  Simple_Scheduler.elf  "Simple_Scheduler.bin"
   text	   data	    bss	    dec	    hex	filename
   8312	    120	   1672	  10104	   2778	Simple_Scheduler.elf
Finished building: default.size.stdout
 
Finished building: Simple_Scheduler.hex
Finished building: Simple_Scheduler.bin
 
 
Finished building: Simple_Scheduler.list
 
22:15:25 **** Incremental Build of configuration Debug for project Simple_Scheduler ****
make -j12 all 
arm-none-eabi-gcc "../Core/Src/sched.c" -mcpu=cortex-m3 -std=gnu11 -g3 -DDEBUG -DUSE_HAL_DRIVER -DSTM32F103x6 -c -I../Core/Inc -I../Drivers/STM32F1xx_HAL_Driver/Inc/Legacy -I../Drivers/STM32F1xx_HAL_Driver/Inc -I../Drivers/CMSIS/Device/ST/STM32F1xx/Include -I../Drivers/CMSIS/Include -O0 -ffunction-sections -fdata-sections -Wall -fstack-usage -MMD -MP -MF"Core/Src/sched.d" -MT"Core/Src/sched.o" --specs=nano.specs -mfloat-abi=soft -mthumb -o "Core/Src/sched.o"
arm-none-eabi-gcc -o "Simple_Scheduler.elf" @"objects.list"   -mcpu=cortex-m3 -T"C:\Users\ADMIN\Documents\MCU\Lab4\Simple_Scheduler\STM32F103C6UX_FLASH.ld" --specs=nosys.specs -Wl,-Map="Simple_Scheduler.map" -Wl,--gc-sections -static --specs=nano.specs -mfloat-abi=soft -mthumb -Wl,--start-group -lc -lm -Wl,--end-group
Finished building target: Simple_Scheduler.elf
 
arm-none-eabi-size   Simple_Scheduler.elf 
arm-none-eabi-objdump -h -S  Simple_Scheduler.elf  > "Simple_Scheduler.list"
arm-none-eabi-objcopy  -O ihex  Simple_Scheduler.elf  "Simple_Scheduler.hex"
arm-none-eabi-objcopy  -O binary  Simple_Scheduler.elf  "Simple_Scheduler.bin"
   text	   data	    bss	    dec	    hex	filename
   8312	    120	   1672	  10104	   2778	Simple_Scheduler.elf
Finished building: default.size.stdout
 
Finished building: Simple_Scheduler.hex
Finished building: Simple_Scheduler.bin
 
 
Finished building: Simple_Scheduler.list
 
22:19:38 **** Incremental Build of configuration Debug for project Simple_Scheduler ****
make -j12 all 
arm-none-eabi-gcc "../Core/Src/sched.c" -mcpu=cortex-m3 -std=gnu11 -g3 -DDEBUG -DUSE_HAL_DRIVER -DSTM32F103x6 -c -I../Core/Inc -I../Drivers/STM32F1xx_HAL_Driver/Inc/Legacy -I../Drivers/STM32F1xx_HAL_Driver/Inc -I../Drivers/CMSIS/Device/ST/STM32F1xx/Include -I../Drivers/CMSIS/Include -O0 -ffunction-sections -fdata-sections -Wall -fstack-usage -MMD -MP -MF"Core/Src/sched.d" -MT"Core/Src/sched.o" --specs=nano.specs -mfloat-abi=soft -mthumb -o "Core/Src/sched.o"
arm-none-eabi-gcc -o "Simple_Scheduler.elf" @"objects.list"   -mcpu=cortex-m3 -T"C:\Users\ADMIN\Documents\MCU\Lab4\Simple_Scheduler\STM32F103C6UX_FLASH.ld" --specs=nosys.specs -Wl,-Map="Simple_Scheduler.map" -Wl,--gc-sections -static --specs=nano.specs -mfloat-abi=soft -mthumb -Wl,--start-group -lc -lm -Wl,--end-group
Finished building target: Simple_Scheduler.elf
 
arm-none-eabi-size   Simple_Scheduler.elf 
arm-none-eabi-objdump -h -S  Simple_Scheduler.elf  > "Simple_Scheduler.list"
arm-none-eabi-objcopy  -O ihex  Simple_Scheduler.elf  "Simple_Scheduler.hex"
arm-none-eabi-objcopy  -O binary  Simple_Scheduler.elf  "Simple_Scheduler.bin"
   text	   data	    bss	    dec	    hex	filename
   8280	    120	   1672	  10072	   2758	Simple_Scheduler.elf
Finished building: default.size.stdout
 
Finished building: Simple_Scheduler.hex
Finished building: Simple_Scheduler.bin
 
 
Finished building: Simple_Scheduler.list
 
22:20:29 **** Incremental Build of configuration Debug for project Simple_Scheduler ****
make -j12 all 
arm-none-eabi-gcc "../Core/Src/main.c" -mcpu=cortex-m3 -std=gnu11 -g3 -DDEBUG -DUSE_HAL_DRIVER -DSTM32F103x6 -c -I../Core/Inc -I../Drivers/STM32F1xx_HAL_Driver/Inc/Legacy -I../Drivers/STM32F1xx_HAL_Driver/Inc -I../Drivers/CMSIS/Device/ST/STM32F1xx/Include -I../Drivers/CMSIS/Include -O0 -ffunction-sections -fdata-sections -Wall -fstack-usage -MMD -MP -MF"Core/Src/main.d" -MT"Core/Src/main.o" --specs=nano.specs -mfloat-abi=soft -mthumb -o "Core/Src/main.o"
arm-none-eabi-gcc -o "Simple_Scheduler.elf" @"objects.list"   -mcpu=cortex-m3 -T"C:\Users\ADMIN\Documents\MCU\Lab4\Simple_Scheduler\STM32F103C6UX_FLASH.ld" --specs=nosys.specs -Wl,-Map="Simple_Scheduler.map" -Wl,--gc-sections -static --specs=nano.specs -mfloat-abi=soft -mthumb -Wl,--start-group -lc -lm -Wl,--end-group
Finished building target: Simple_Scheduler.elf
 
arm-none-eabi-size   Simple_Scheduler.elf 
arm-none-eabi-objdump -h -S  Simple_Scheduler.elf  > "Simple_Scheduler.list"
arm-none-eabi-objcopy  -O ihex  Simple_Scheduler.elf  "Simple_Scheduler.hex"
arm-none-eabi-objcopy  -O binary  Simple_Scheduler.elf  "Simple_Scheduler.bin"
   text	   data	    bss	    dec	    hex	filename
   8280	    120	   1672	  10072	   2758	Simple_Scheduler.elf
Finished building: default.size.stdout
 
Finished building: Simple_Scheduler.hex
Finished building: Simple_Scheduler.bin
 
Finished building: Simple_Scheduler.list
 
 
22:24:46 **** Incremental Build of configuration Debug for project Simple_Scheduler ****
make -j12 all 
arm-none-eabi-gcc "../Core/Src/sched.c" -mcpu=cortex-m3 -std=gnu11 -g3 -DDEBUG -DUSE_HAL_DRIVER -DSTM32F103x6 -c -I../Core/Inc -I../Drivers/STM32F1xx_HAL_Driver/Inc/Legacy -I../Drivers/STM32F1xx_HAL_Driver/Inc -I../Drivers/CMSIS/Device/ST/STM32F1xx/Include -I../Drivers/CMSIS/Include -O0 -ffunction-sections -fdata-sections -Wall -fstack-usage -MMD -MP -MF"Core/Src/sched.d" -MT"Core/Src/sched.o" --specs=nano.specs -mfloat-abi=soft -mthumb -o "Core/Src/sched.o"
arm-none-eabi-gcc -o "Simple_Scheduler.elf" @"objects.list"   -mcpu=cortex-m3 -T"C:\Users\ADMIN\Documents\MCU\Lab4\Simple_Scheduler\STM32F103C6UX_FLASH.ld" --specs=nosys.specs -Wl,-Map="Simple_Scheduler.map" -Wl,--gc-sections -static --specs=nano.specs -mfloat-abi=soft -mthumb -Wl,--start-group -lc -lm -Wl,--end-group
Finished building target: Simple_Scheduler.elf
 
arm-none-eabi-size   Simple_Scheduler.elf 
arm-none-eabi-objdump -h -S  Simple_Scheduler.elf  > "Simple_Scheduler.list"
arm-none-eabi-objcopy  -O ihex  Simple_Scheduler.elf  "Simple_Scheduler.hex"
arm-none-eabi-objcopy  -O binary  Simple_Scheduler.elf  "Simple_Scheduler.bin"
   text	   data	    bss	    dec	    hex	filename
   8228	    120	   1672	  10020	   2724	Simple_Scheduler.elf
Finished building: default.size.stdout
 
Finished building: Simple_Scheduler.hex
Finished building: Simple_Scheduler.bin
 
 
Finished building: Simple_Scheduler.list
 
22:25:55 **** Incremental Build of configuration Debug for project Simple_Scheduler ****
make -j12 all 
arm-none-eabi-gcc "../Core/Src/sched.c" -mcpu=cortex-m3 -std=gnu11 -g3 -DDEBUG -DUSE_HAL_DRIVER -DSTM32F103x6 -c -I../Core/Inc -I../Drivers/STM32F1xx_HAL_Driver/Inc/Legacy -I../Drivers/STM32F1xx_HAL_Driver/Inc -I../Drivers/CMSIS/Device/ST/STM32F1xx/Include -I../Drivers/CMSIS/Include -O0 -ffunction-sections -fdata-sections -Wall -fstack-usage -MMD -MP -MF"Core/Src/sched.d" -MT"Core/Src/sched.o" --specs=nano.specs -mfloat-abi=soft -mthumb -o "Core/Src/sched.o"
arm-none-eabi-gcc -o "Simple_Scheduler.elf" @"objects.list"   -mcpu=cortex-m3 -T"C:\Users\ADMIN\Documents\MCU\Lab4\Simple_Scheduler\STM32F103C6UX_FLASH.ld" --specs=nosys.specs -Wl,-Map="Simple_Scheduler.map" -Wl,--gc-sections -static --specs=nano.specs -mfloat-abi=soft -mthumb -Wl,--start-group -lc -lm -Wl,--end-group
Finished building target: Simple_Scheduler.elf
 
arm-none-eabi-size   Simple_Scheduler.elf 
arm-none-eabi-objdump -h -S  Simple_Scheduler.elf  > "Simple_Scheduler.list"
arm-none-eabi-objcopy  -O ihex  Simple_Scheduler.elf  "Simple_Scheduler.hex"
arm-none-eabi-objcopy  -O binary  Simple_Scheduler.elf  "Simple_Scheduler.bin"
   text	   data	    bss	    dec	    hex	filename
   8248	    120	   1672	  10040	   2738	Simple_Scheduler.elf
Finished building: default.size.stdout
 
Finished building: Simple_Scheduler.hex
Finished building: Simple_Scheduler.bin
 
 
Finished building: Simple_Scheduler.list
 
22:26:31 **** Incremental Build of configuration Debug for project Simple_Scheduler ****
make -j12 all 
arm-none-eabi-gcc "../Core/Src/sched.c" -mcpu=cortex-m3 -std=gnu11 -g3 -DDEBUG -DUSE_HAL_DRIVER -DSTM32F103x6 -c -I../Core/Inc -I../Drivers/STM32F1xx_HAL_Driver/Inc/Legacy -I../Drivers/STM32F1xx_HAL_Driver/Inc -I../Drivers/CMSIS/Device/ST/STM32F1xx/Include -I../Drivers/CMSIS/Include -O0 -ffunction-sections -fdata-sections -Wall -fstack-usage -MMD -MP -MF"Core/Src/sched.d" -MT"Core/Src/sched.o" --specs=nano.specs -mfloat-abi=soft -mthumb -o "Core/Src/sched.o"
arm-none-eabi-gcc -o "Simple_Scheduler.elf" @"objects.list"   -mcpu=cortex-m3 -T"C:\Users\ADMIN\Documents\MCU\Lab4\Simple_Scheduler\STM32F103C6UX_FLASH.ld" --specs=nosys.specs -Wl,-Map="Simple_Scheduler.map" -Wl,--gc-sections -static --specs=nano.specs -mfloat-abi=soft -mthumb -Wl,--start-group -lc -lm -Wl,--end-group
Finished building target: Simple_Scheduler.elf
 
arm-none-eabi-size   Simple_Scheduler.elf 
arm-none-eabi-objdump -h -S  Simple_Scheduler.elf  > "Simple_Scheduler.list"
arm-none-eabi-objcopy  -O ihex  Simple_Scheduler.elf  "Simple_Scheduler.hex"
arm-none-eabi-objcopy  -O binary  Simple_Scheduler.elf  "Simple_Scheduler.bin"
   text	   data	    bss	    dec	    hex	filename
   8220	    120	   1672	  10012	   271c	Simple_Scheduler.elf
Finished building: default.size.stdout
 
Finished building: Simple_Scheduler.hex
Finished building: Simple_Scheduler.bin
 
Finished building: Simple_Scheduler.list
 
 
22:30:13 **** Incremental Build of configuration Debug for project Simple_Scheduler ****
make -j12 all 
arm-none-eabi-gcc "../Core/Src/sched.c" -mcpu=cortex-m3 -std=gnu11 -g3 -DDEBUG -DUSE_HAL_DRIVER -DSTM32F103x6 -c -I../Core/Inc -I../Drivers/STM32F1xx_HAL_Driver/Inc/Legacy -I../Drivers/STM32F1xx_HAL_Driver/Inc -I../Drivers/CMSIS/Device/ST/STM32F1xx/Include -I../Drivers/CMSIS/Include -O0 -ffunction-sections -fdata-sections -Wall -fstack-usage -MMD -MP -MF"Core/Src/sched.d" -MT"Core/Src/sched.o" --specs=nano.specs -mfloat-abi=soft -mthumb -o "Core/Src/sched.o"
arm-none-eabi-gcc -o "Simple_Scheduler.elf" @"objects.list"   -mcpu=cortex-m3 -T"C:\Users\ADMIN\Documents\MCU\Lab4\Simple_Scheduler\STM32F103C6UX_FLASH.ld" --specs=nosys.specs -Wl,-Map="Simple_Scheduler.map" -Wl,--gc-sections -static --specs=nano.specs -mfloat-abi=soft -mthumb -Wl,--start-group -lc -lm -Wl,--end-group
Finished building target: Simple_Scheduler.elf
 
arm-none-eabi-size   Simple_Scheduler.elf 
arm-none-eabi-objdump -h -S  Simple_Scheduler.elf  > "Simple_Scheduler.list"
arm-none-eabi-objcopy  -O ihex  Simple_Scheduler.elf  "Simple_Scheduler.hex"
arm-none-eabi-objcopy  -O binary  Simple_Scheduler.elf  "Simple_Scheduler.bin"
   text	   data	    bss	    dec	    hex	filename
   8252	    120	   1672	  10044	   273c	Simple_Scheduler.elf
Finished building: default.size.stdout
 
Finished building: Simple_Scheduler.hex
Finished building: Simple_Scheduler.bin
 
 
Finished building: Simple_Scheduler.list
 
22:32:26 **** Incremental Build of configuration Debug for project Simple_Scheduler ****
make -j12 all 
arm-none-eabi-gcc "../Core/Src/sched.c" -mcpu=cortex-m3 -std=gnu11 -g3 -DDEBUG -DUSE_HAL_DRIVER -DSTM32F103x6 -c -I../Core/Inc -I../Drivers/STM32F1xx_HAL_Driver/Inc/Legacy -I../Drivers/STM32F1xx_HAL_Driver/Inc -I../Drivers/CMSIS/Device/ST/STM32F1xx/Include -I../Drivers/CMSIS/Include -O0 -ffunction-sections -fdata-sections -Wall -fstack-usage -MMD -MP -MF"Core/Src/sched.d" -MT"Core/Src/sched.o" --specs=nano.specs -mfloat-abi=soft -mthumb -o "Core/Src/sched.o"
arm-none-eabi-gcc -o "Simple_Scheduler.elf" @"objects.list"   -mcpu=cortex-m3 -T"C:\Users\ADMIN\Documents\MCU\Lab4\Simple_Scheduler\STM32F103C6UX_FLASH.ld" --specs=nosys.specs -Wl,-Map="Simple_Scheduler.map" -Wl,--gc-sections -static --specs=nano.specs -mfloat-abi=soft -mthumb -Wl,--start-group -lc -lm -Wl,--end-group
Finished building target: Simple_Scheduler.elf
 
arm-none-eabi-size   Simple_Scheduler.elf 
arm-none-eabi-objdump -h -S  Simple_Scheduler.elf  > "Simple_Scheduler.list"
arm-none-eabi-objcopy  -O ihex  Simple_Scheduler.elf  "Simple_Scheduler.hex"
arm-none-eabi-objcopy  -O binary  Simple_Scheduler.elf  "Simple_Scheduler.bin"
   text	   data	    bss	    dec	    hex	filename
   7968	    120	   1672	   9760	   2620	Simple_Scheduler.elf
Finished building: default.size.stdout
 
Finished building: Simple_Scheduler.hex
Finished building: Simple_Scheduler.bin
 
 
Finished building: Simple_Scheduler.list
 
22:35:32 **** Incremental Build of configuration Debug for project Simple_Scheduler ****
make -j12 all 
arm-none-eabi-gcc "../Core/Src/sched.c" -mcpu=cortex-m3 -std=gnu11 -g3 -DDEBUG -DUSE_HAL_DRIVER -DSTM32F103x6 -c -I../Core/Inc -I../Drivers/STM32F1xx_HAL_Driver/Inc/Legacy -I../Drivers/STM32F1xx_HAL_Driver/Inc -I../Drivers/CMSIS/Device/ST/STM32F1xx/Include -I../Drivers/CMSIS/Include -O0 -ffunction-sections -fdata-sections -Wall -fstack-usage -MMD -MP -MF"Core/Src/sched.d" -MT"Core/Src/sched.o" --specs=nano.specs -mfloat-abi=soft -mthumb -o "Core/Src/sched.o"
arm-none-eabi-gcc -o "Simple_Scheduler.elf" @"objects.list"   -mcpu=cortex-m3 -T"C:\Users\ADMIN\Documents\MCU\Lab4\Simple_Scheduler\STM32F103C6UX_FLASH.ld" --specs=nosys.specs -Wl,-Map="Simple_Scheduler.map" -Wl,--gc-sections -static --specs=nano.specs -mfloat-abi=soft -mthumb -Wl,--start-group -lc -lm -Wl,--end-group
Finished building target: Simple_Scheduler.elf
 
arm-none-eabi-size   Simple_Scheduler.elf 
arm-none-eabi-objdump -h -S  Simple_Scheduler.elf  > "Simple_Scheduler.list"
arm-none-eabi-objcopy  -O ihex  Simple_Scheduler.elf  "Simple_Scheduler.hex"
arm-none-eabi-objcopy  -O binary  Simple_Scheduler.elf  "Simple_Scheduler.bin"
   text	   data	    bss	    dec	    hex	filename
   7972	    120	   1672	   9764	   2624	Simple_Scheduler.elf
Finished building: default.size.stdout
 
Finished building: Simple_Scheduler.hex
Finished building: Simple_Scheduler.bin
 
 
Finished building: Simple_Scheduler.list
 
00:14:35 **** Incremental Build of configuration Debug for project Simple_Scheduler ****
make -j12 all 
arm-none-eabi-gcc "../Core/Src/main.c" -mcpu=cortex-m3 -std=gnu11 -g3 -DDEBUG -DUSE_HAL_DRIVER -DSTM32F103x6 -c -I../Core/Inc -I../Drivers/STM32F1xx_HAL_Driver/Inc/Legacy -I../Drivers/STM32F1xx_HAL_Driver/Inc -I../Drivers/CMSIS/Device/ST/STM32F1xx/Include -I../Drivers/CMSIS/Include -O0 -ffunction-sections -fdata-sections -Wall -fstack-usage -MMD -MP -MF"Core/Src/main.d" -MT"Core/Src/main.o" --specs=nano.specs -mfloat-abi=soft -mthumb -o "Core/Src/main.o"
arm-none-eabi-gcc "../Core/Src/sched.c" -mcpu=cortex-m3 -std=gnu11 -g3 -DDEBUG -DUSE_HAL_DRIVER -DSTM32F103x6 -c -I../Core/Inc -I../Drivers/STM32F1xx_HAL_Driver/Inc/Legacy -I../Drivers/STM32F1xx_HAL_Driver/Inc -I../Drivers/CMSIS/Device/ST/STM32F1xx/Include -I../Drivers/CMSIS/Include -O0 -ffunction-sections -fdata-sections -Wall -fstack-usage -MMD -MP -MF"Core/Src/sched.d" -MT"Core/Src/sched.o" --specs=nano.specs -mfloat-abi=soft -mthumb -o "Core/Src/sched.o"
In file included from ../Core/Src/sched.c:9:
../Core/Inc/sched.h:16:2: error: unknown type name 'uint32_t'
   16 |  uint32_t Delay;
      |  ^~~~~~~~
../Core/Inc/sched.h:18:2: error: unknown type name 'uint32_t'
   18 |  uint32_t Period;
      |  ^~~~~~~~
../Core/Inc/sched.h:20:2: error: unknown type name 'uint8_t'
   20 |  uint8_t RunMe;
      |  ^~~~~~~
../Core/Inc/sched.h:22:2: error: unknown type name 'uint32_t'
   22 |  uint32_t TaskID;
      |  ^~~~~~~~
../Core/Inc/sched.h:29:1: error: unknown type name 'uint32_t'
   29 | uint32_t SCH_Add_Task(void (* pFunction)(void), uint32_t DELAY, uint32_t PERIOD);
      | ^~~~~~~~
../Core/Inc/sched.h:29:49: error: unknown type name 'uint32_t'
   29 | uint32_t SCH_Add_Task(void (* pFunction)(void), uint32_t DELAY, uint32_t PERIOD);
      |                                                 ^~~~~~~~
../Core/Inc/sched.h:29:65: error: unknown type name 'uint32_t'
   29 | uint32_t SCH_Add_Task(void (* pFunction)(void), uint32_t DELAY, uint32_t PERIOD);
      |                                                                 ^~~~~~~~
../Core/Inc/sched.h:30:22: error: unknown type name 'uint32_t'
   30 | void SCH_Delete_Task(uint32_t TASK_INDEX);
      |                      ^~~~~~~~
../Core/Src/sched.c:12:1: error: unknown type name 'uint32_t'
   12 | uint32_t Current = 0;
      | ^~~~~~~~
../Core/Src/sched.c:13:1: error: unknown type name 'uint32_t'
   13 | uint32_t Size = 0;
      | ^~~~~~~~
../Core/Src/sched.c: In function 'SCH_Init':
../Core/Src/sched.c:16:6: error: unknown type name 'uint32_t'
   16 |  for(uint32_t Index = 0; Index < SCH_MAX_TASKS; Index++) {
      |      ^~~~~~~~
../Core/Src/sched.c: At top level:
../Core/Src/sched.c:24:1: error: unknown type name 'uint32_t'
   24 | uint32_t SCH_Add_Task(void (* pFunction)(void), uint32_t DELAY, uint32_t PERIOD) {
      | ^~~~~~~~
../Core/Src/sched.c:24:49: error: unknown type name 'uint32_t'
   24 | uint32_t SCH_Add_Task(void (* pFunction)(void), uint32_t DELAY, uint32_t PERIOD) {
      |                                                 ^~~~~~~~
../Core/Src/sched.c:24:65: error: unknown type name 'uint32_t'
   24 | uint32_t SCH_Add_Task(void (* pFunction)(void), uint32_t DELAY, uint32_t PERIOD) {
      |                                                                 ^~~~~~~~
../Core/Src/sched.c:58:22: error: unknown type name 'uint32_t'
   58 | void SCH_Delete_Task(uint32_t TASK_INDEX) {
      |                      ^~~~~~~~
../Core/Src/sched.c: In function 'SCH_Dispatch_Tasks':
../Core/Src/sched.c:72:6: error: unknown type name 'uint32_t'
   72 |  for(uint32_t Index = 0; Index < Size; Index++) {
      |      ^~~~~~~~
../Core/Src/sched.c:74:6: error: 'SCH_task_G' undeclared (first use in this function); did you mean 'SCH_tasks_G'?
   74 |    (*SCH_task_G[Index].pTask)();
      |      ^~~~~~~~~~
      |      SCH_tasks_G
../Core/Src/sched.c:74:6: note: each undeclared identifier is reported only once for each function it appears in
../Core/Src/sched.c:78:5: warning: implicit declaration of function 'SCH_Add_Task' [-Wimplicit-function-declaration]
   78 |     SCH_Add_Task(SCH_task_G[Index].pTask, SCH_task_G[Index].Period, SCH_task_G[Index].Period);
      |     ^~~~~~~~~~~~
../Core/Src/sched.c:81:4: warning: implicit declaration of function 'SCH_Delete_Task' [-Wimplicit-function-declaration]
   81 |    SCH_Delete_Task(Index);
      |    ^~~~~~~~~~~~~~~
make: *** [Core/Src/subdir.mk:43: Core/Src/sched.o] Error 1
make: *** Waiting for unfinished jobs....
"make -j12 all" terminated with exit code 2. Build might be incomplete.
00:15:06 **** Incremental Build of configuration Debug for project Simple_Scheduler ****
make -j12 all 
arm-none-eabi-gcc "../Core/Src/main.c" -mcpu=cortex-m3 -std=gnu11 -g3 -DDEBUG -DUSE_HAL_DRIVER -DSTM32F103x6 -c -I../Core/Inc -I../Drivers/STM32F1xx_HAL_Driver/Inc/Legacy -I../Drivers/STM32F1xx_HAL_Driver/Inc -I../Drivers/CMSIS/Device/ST/STM32F1xx/Include -I../Drivers/CMSIS/Include -O0 -ffunction-sections -fdata-sections -Wall -fstack-usage -MMD -MP -MF"Core/Src/main.d" -MT"Core/Src/main.o" --specs=nano.specs -mfloat-abi=soft -mthumb -o "Core/Src/main.o"
arm-none-eabi-gcc "../Core/Src/sched.c" -mcpu=cortex-m3 -std=gnu11 -g3 -DDEBUG -DUSE_HAL_DRIVER -DSTM32F103x6 -c -I../Core/Inc -I../Drivers/STM32F1xx_HAL_Driver/Inc/Legacy -I../Drivers/STM32F1xx_HAL_Driver/Inc -I../Drivers/CMSIS/Device/ST/STM32F1xx/Include -I../Drivers/CMSIS/Include -O0 -ffunction-sections -fdata-sections -Wall -fstack-usage -MMD -MP -MF"Core/Src/sched.d" -MT"Core/Src/sched.o" --specs=nano.specs -mfloat-abi=soft -mthumb -o "Core/Src/sched.o"
../Core/Src/sched.c: In function 'SCH_Add_Task':
../Core/Src/sched.c:30:35: error: 'Free' undeclared (first use in this function)
   30 |  for(; Index < Size && flag == 0; Free++) {
      |                                   ^~~~
../Core/Src/sched.c:30:35: note: each undeclared identifier is reported only once for each function it appears in
../Core/Src/sched.c: In function 'SCH_Dispatch_Tasks':
../Core/Src/sched.c:78:18: error: 'SCH_task_G' undeclared (first use in this function); did you mean 'SCH_tasks_G'?
   78 |     SCH_Add_Task(SCH_task_G[Index].pTask, SCH_task_G[Index].Period, SCH_task_G[Index].Period);
      |                  ^~~~~~~~~~
      |                  SCH_tasks_G
make: *** [Core/Src/subdir.mk:43: Core/Src/sched.o] Error 1
make: *** Waiting for unfinished jobs....
"make -j12 all" terminated with exit code 2. Build might be incomplete.
00:15:49 **** Incremental Build of configuration Debug for project Simple_Scheduler ****
make -j12 all 
arm-none-eabi-gcc "../Core/Src/sched.c" -mcpu=cortex-m3 -std=gnu11 -g3 -DDEBUG -DUSE_HAL_DRIVER -DSTM32F103x6 -c -I../Core/Inc -I../Drivers/STM32F1xx_HAL_Driver/Inc/Legacy -I../Drivers/STM32F1xx_HAL_Driver/Inc -I../Drivers/CMSIS/Device/ST/STM32F1xx/Include -I../Drivers/CMSIS/Include -O0 -ffunction-sections -fdata-sections -Wall -fstack-usage -MMD -MP -MF"Core/Src/sched.d" -MT"Core/Src/sched.o" --specs=nano.specs -mfloat-abi=soft -mthumb -o "Core/Src/sched.o"
arm-none-eabi-gcc -o "Simple_Scheduler.elf" @"objects.list"   -mcpu=cortex-m3 -T"C:\Users\ADMIN\Documents\MCU\Lab4\Simple_Scheduler\STM32F103C6UX_FLASH.ld" --specs=nosys.specs -Wl,-Map="Simple_Scheduler.map" -Wl,--gc-sections -static --specs=nano.specs -mfloat-abi=soft -mthumb -Wl,--start-group -lc -lm -Wl,--end-group
d:\st\stm32cubeide_1.10.1\stm32cubeide\plugins\com.st.stm32cube.ide.mcu.externaltools.gnu-tools-for-stm32.10.3-2021.10.win32_1.0.0.202111181127\tools\arm-none-eabi\bin\ld.exe: ./Core/Src/main.o: in function `HAL_TIM_PeriodElapsedCallback':
C:/Users/ADMIN/Documents/MCU/Lab4/Simple_Scheduler/Debug/../Core/Src/main.c:172: undefined reference to `SCH_Update'
collect2.exe: error: ld returned 1 exit status
make: *** [makefile:70: Simple_Scheduler.elf] Error 1
"make -j12 all" terminated with exit code 2. Build might be incomplete.
00:16:02 **** Incremental Build of configuration Debug for project Simple_Scheduler ****
make -j12 all 
arm-none-eabi-gcc "../Core/Src/sched.c" -mcpu=cortex-m3 -std=gnu11 -g3 -DDEBUG -DUSE_HAL_DRIVER -DSTM32F103x6 -c -I../Core/Inc -I../Drivers/STM32F1xx_HAL_Driver/Inc/Legacy -I../Drivers/STM32F1xx_HAL_Driver/Inc -I../Drivers/CMSIS/Device/ST/STM32F1xx/Include -I../Drivers/CMSIS/Include -O0 -ffunction-sections -fdata-sections -Wall -fstack-usage -MMD -MP -MF"Core/Src/sched.d" -MT"Core/Src/sched.o" --specs=nano.specs -mfloat-abi=soft -mthumb -o "Core/Src/sched.o"
arm-none-eabi-gcc -o "Simple_Scheduler.elf" @"objects.list"   -mcpu=cortex-m3 -T"C:\Users\ADMIN\Documents\MCU\Lab4\Simple_Scheduler\STM32F103C6UX_FLASH.ld" --specs=nosys.specs -Wl,-Map="Simple_Scheduler.map" -Wl,--gc-sections -static --specs=nano.specs -mfloat-abi=soft -mthumb -Wl,--start-group -lc -lm -Wl,--end-group
Finished building target: Simple_Scheduler.elf
 
arm-none-eabi-size   Simple_Scheduler.elf 
arm-none-eabi-objdump -h -S  Simple_Scheduler.elf  > "Simple_Scheduler.list"
arm-none-eabi-objcopy  -O ihex  Simple_Scheduler.elf  "Simple_Scheduler.hex"
arm-none-eabi-objcopy  -O binary  Simple_Scheduler.elf  "Simple_Scheduler.bin"
   text	   data	    bss	    dec	    hex	filename
   8348	     20	   2452	  10820	   2a44	Simple_Scheduler.elf
Finished building: default.size.stdout
 
Finished building: Simple_Scheduler.bin
Finished building: Simple_Scheduler.hex
 
 
Finished building: Simple_Scheduler.list
 
00:21:47 **** Incremental Build of configuration Debug for project Simple_Scheduler ****
make -j12 all 
arm-none-eabi-gcc "../Core/Src/sched.c" -mcpu=cortex-m3 -std=gnu11 -g3 -DDEBUG -DUSE_HAL_DRIVER -DSTM32F103x6 -c -I../Core/Inc -I../Drivers/STM32F1xx_HAL_Driver/Inc/Legacy -I../Drivers/STM32F1xx_HAL_Driver/Inc -I../Drivers/CMSIS/Device/ST/STM32F1xx/Include -I../Drivers/CMSIS/Include -O0 -ffunction-sections -fdata-sections -Wall -fstack-usage -MMD -MP -MF"Core/Src/sched.d" -MT"Core/Src/sched.o" --specs=nano.specs -mfloat-abi=soft -mthumb -o "Core/Src/sched.o"
arm-none-eabi-gcc -o "Simple_Scheduler.elf" @"objects.list"   -mcpu=cortex-m3 -T"C:\Users\ADMIN\Documents\MCU\Lab4\Simple_Scheduler\STM32F103C6UX_FLASH.ld" --specs=nosys.specs -Wl,-Map="Simple_Scheduler.map" -Wl,--gc-sections -static --specs=nano.specs -mfloat-abi=soft -mthumb -Wl,--start-group -lc -lm -Wl,--end-group
Finished building target: Simple_Scheduler.elf
 
arm-none-eabi-size   Simple_Scheduler.elf 
arm-none-eabi-objdump -h -S  Simple_Scheduler.elf  > "Simple_Scheduler.list"
arm-none-eabi-objcopy  -O ihex  Simple_Scheduler.elf  "Simple_Scheduler.hex"
arm-none-eabi-objcopy  -O binary  Simple_Scheduler.elf  "Simple_Scheduler.bin"
   text	   data	    bss	    dec	    hex	filename
   8328	     20	   2452	  10800	   2a30	Simple_Scheduler.elf
Finished building: default.size.stdout
 
Finished building: Simple_Scheduler.hex
Finished building: Simple_Scheduler.bin
 
 
Finished building: Simple_Scheduler.list
 
00:22:32 **** Incremental Build of configuration Debug for project Simple_Scheduler ****
make -j12 all 
arm-none-eabi-gcc "../Core/Src/main.c" -mcpu=cortex-m3 -std=gnu11 -g3 -DDEBUG -DUSE_HAL_DRIVER -DSTM32F103x6 -c -I../Core/Inc -I../Drivers/STM32F1xx_HAL_Driver/Inc/Legacy -I../Drivers/STM32F1xx_HAL_Driver/Inc -I../Drivers/CMSIS/Device/ST/STM32F1xx/Include -I../Drivers/CMSIS/Include -O0 -ffunction-sections -fdata-sections -Wall -fstack-usage -MMD -MP -MF"Core/Src/main.d" -MT"Core/Src/main.o" --specs=nano.specs -mfloat-abi=soft -mthumb -o "Core/Src/main.o"
arm-none-eabi-gcc -o "Simple_Scheduler.elf" @"objects.list"   -mcpu=cortex-m3 -T"C:\Users\ADMIN\Documents\MCU\Lab4\Simple_Scheduler\STM32F103C6UX_FLASH.ld" --specs=nosys.specs -Wl,-Map="Simple_Scheduler.map" -Wl,--gc-sections -static --specs=nano.specs -mfloat-abi=soft -mthumb -Wl,--start-group -lc -lm -Wl,--end-group
Finished building target: Simple_Scheduler.elf
 
arm-none-eabi-size   Simple_Scheduler.elf 
arm-none-eabi-objdump -h -S  Simple_Scheduler.elf  > "Simple_Scheduler.list"
arm-none-eabi-objcopy  -O ihex  Simple_Scheduler.elf  "Simple_Scheduler.hex"
arm-none-eabi-objcopy  -O binary  Simple_Scheduler.elf  "Simple_Scheduler.bin"
   text	   data	    bss	    dec	    hex	filename
   8328	     20	   2452	  10800	   2a30	Simple_Scheduler.elf
Finished building: default.size.stdout
 
Finished building: Simple_Scheduler.hex
Finished building: Simple_Scheduler.bin
 
 
Finished building: Simple_Scheduler.list
 
15:01:17 **** Incremental Build of configuration Debug for project Simple_Scheduler ****
make -j12 all 
arm-none-eabi-gcc "../Core/Src/sched.c" -mcpu=cortex-m3 -std=gnu11 -g3 -DDEBUG -DUSE_HAL_DRIVER -DSTM32F103x6 -c -I../Core/Inc -I../Drivers/STM32F1xx_HAL_Driver/Inc/Legacy -I../Drivers/STM32F1xx_HAL_Driver/Inc -I../Drivers/CMSIS/Device/ST/STM32F1xx/Include -I../Drivers/CMSIS/Include -O0 -ffunction-sections -fdata-sections -Wall -fstack-usage -MMD -MP -MF"Core/Src/sched.d" -MT"Core/Src/sched.o" --specs=nano.specs -mfloat-abi=soft -mthumb -o "Core/Src/sched.o"
arm-none-eabi-gcc -o "Simple_Scheduler.elf" @"objects.list"   -mcpu=cortex-m3 -T"C:\Users\ADMIN\Documents\MCU\Lab4\Simple_Scheduler\STM32F103C6UX_FLASH.ld" --specs=nosys.specs -Wl,-Map="Simple_Scheduler.map" -Wl,--gc-sections -static --specs=nano.specs -mfloat-abi=soft -mthumb -Wl,--start-group -lc -lm -Wl,--end-group
Finished building target: Simple_Scheduler.elf
 
arm-none-eabi-size   Simple_Scheduler.elf 
arm-none-eabi-objdump -h -S  Simple_Scheduler.elf  > "Simple_Scheduler.list"
arm-none-eabi-objcopy  -O ihex  Simple_Scheduler.elf  "Simple_Scheduler.hex"
arm-none-eabi-objcopy  -O binary  Simple_Scheduler.elf  "Simple_Scheduler.bin"
   text	   data	    bss	    dec	    hex	filename
   8332	     20	   2452	  10804	   2a34	Simple_Scheduler.elf
Finished building: default.size.stdout
 
Finished building: Simple_Scheduler.hex
Finished building: Simple_Scheduler.bin
 
 
Finished building: Simple_Scheduler.list
 
15:15:27 **** Incremental Build of configuration Debug for project Simple_Scheduler ****
make -j12 all 
arm-none-eabi-gcc "../Core/Src/sched.c" -mcpu=cortex-m3 -std=gnu11 -g3 -DDEBUG -DUSE_HAL_DRIVER -DSTM32F103x6 -c -I../Core/Inc -I../Drivers/STM32F1xx_HAL_Driver/Inc/Legacy -I../Drivers/STM32F1xx_HAL_Driver/Inc -I../Drivers/CMSIS/Device/ST/STM32F1xx/Include -I../Drivers/CMSIS/Include -O0 -ffunction-sections -fdata-sections -Wall -fstack-usage -MMD -MP -MF"Core/Src/sched.d" -MT"Core/Src/sched.o" --specs=nano.specs -mfloat-abi=soft -mthumb -o "Core/Src/sched.o"
../Core/Src/sched.c: In function 'SCH_Update':
../Core/Src/sched.c:83:18: error: 'Index' undeclared (first use in this function)
   83 |   if(SCH_tasks_G[Index].Period > 0) {
      |                  ^~~~~
../Core/Src/sched.c:83:18: note: each undeclared identifier is reported only once for each function it appears in
../Core/Src/sched.c:84:31: error: 'Period' undeclared (first use in this function)
   84 |    SCH_tasks_G[Index].Delay = Period;
      |                               ^~~~~~
make: *** [Core/Src/subdir.mk:43: Core/Src/sched.o] Error 1
"make -j12 all" terminated with exit code 2. Build might be incomplete.
15:15:37 **** Incremental Build of configuration Debug for project Simple_Scheduler ****
make -j12 all 
arm-none-eabi-gcc "../Core/Src/sched.c" -mcpu=cortex-m3 -std=gnu11 -g3 -DDEBUG -DUSE_HAL_DRIVER -DSTM32F103x6 -c -I../Core/Inc -I../Drivers/STM32F1xx_HAL_Driver/Inc/Legacy -I../Drivers/STM32F1xx_HAL_Driver/Inc -I../Drivers/CMSIS/Device/ST/STM32F1xx/Include -I../Drivers/CMSIS/Include -O0 -ffunction-sections -fdata-sections -Wall -fstack-usage -MMD -MP -MF"Core/Src/sched.d" -MT"Core/Src/sched.o" --specs=nano.specs -mfloat-abi=soft -mthumb -o "Core/Src/sched.o"
../Core/Src/sched.c: In function 'SCH_Update':
../Core/Src/sched.c:83:18: error: 'Index' undeclared (first use in this function)
   83 |   if(SCH_tasks_G[Index].Period > 0) {
      |                  ^~~~~
../Core/Src/sched.c:83:18: note: each undeclared identifier is reported only once for each function it appears in
make: *** [Core/Src/subdir.mk:43: Core/Src/sched.o] Error 1
"make -j12 all" terminated with exit code 2. Build might be incomplete.
15:15:49 **** Incremental Build of configuration Debug for project Simple_Scheduler ****
make -j12 all 
arm-none-eabi-gcc "../Core/Src/sched.c" -mcpu=cortex-m3 -std=gnu11 -g3 -DDEBUG -DUSE_HAL_DRIVER -DSTM32F103x6 -c -I../Core/Inc -I../Drivers/STM32F1xx_HAL_Driver/Inc/Legacy -I../Drivers/STM32F1xx_HAL_Driver/Inc -I../Drivers/CMSIS/Device/ST/STM32F1xx/Include -I../Drivers/CMSIS/Include -O0 -ffunction-sections -fdata-sections -Wall -fstack-usage -MMD -MP -MF"Core/Src/sched.d" -MT"Core/Src/sched.o" --specs=nano.specs -mfloat-abi=soft -mthumb -o "Core/Src/sched.o"
arm-none-eabi-gcc -o "Simple_Scheduler.elf" @"objects.list"   -mcpu=cortex-m3 -T"C:\Users\ADMIN\Documents\MCU\Lab4\Simple_Scheduler\STM32F103C6UX_FLASH.ld" --specs=nosys.specs -Wl,-Map="Simple_Scheduler.map" -Wl,--gc-sections -static --specs=nano.specs -mfloat-abi=soft -mthumb -Wl,--start-group -lc -lm -Wl,--end-group
Finished building target: Simple_Scheduler.elf
 
arm-none-eabi-size   Simple_Scheduler.elf 
arm-none-eabi-objdump -h -S  Simple_Scheduler.elf  > "Simple_Scheduler.list"
arm-none-eabi-objcopy  -O ihex  Simple_Scheduler.elf  "Simple_Scheduler.hex"
arm-none-eabi-objcopy  -O binary  Simple_Scheduler.elf  "Simple_Scheduler.bin"
   text	   data	    bss	    dec	    hex	filename
   8156	     20	   2452	  10628	   2984	Simple_Scheduler.elf
Finished building: default.size.stdout
 
Finished building: Simple_Scheduler.hex
Finished building: Simple_Scheduler.bin
 
 
Finished building: Simple_Scheduler.list
 
15:16:47 **** Incremental Build of configuration Debug for project Simple_Scheduler ****
make -j12 all 
arm-none-eabi-gcc "../Core/Src/sched.c" -mcpu=cortex-m3 -std=gnu11 -g3 -DDEBUG -DUSE_HAL_DRIVER -DSTM32F103x6 -c -I../Core/Inc -I../Drivers/STM32F1xx_HAL_Driver/Inc/Legacy -I../Drivers/STM32F1xx_HAL_Driver/Inc -I../Drivers/CMSIS/Device/ST/STM32F1xx/Include -I../Drivers/CMSIS/Include -O0 -ffunction-sections -fdata-sections -Wall -fstack-usage -MMD -MP -MF"Core/Src/sched.d" -MT"Core/Src/sched.o" --specs=nano.specs -mfloat-abi=soft -mthumb -o "Core/Src/sched.o"
arm-none-eabi-gcc -o "Simple_Scheduler.elf" @"objects.list"   -mcpu=cortex-m3 -T"C:\Users\ADMIN\Documents\MCU\Lab4\Simple_Scheduler\STM32F103C6UX_FLASH.ld" --specs=nosys.specs -Wl,-Map="Simple_Scheduler.map" -Wl,--gc-sections -static --specs=nano.specs -mfloat-abi=soft -mthumb -Wl,--start-group -lc -lm -Wl,--end-group
Finished building target: Simple_Scheduler.elf
 
arm-none-eabi-size   Simple_Scheduler.elf 
arm-none-eabi-objdump -h -S  Simple_Scheduler.elf  > "Simple_Scheduler.list"
arm-none-eabi-objcopy  -O ihex  Simple_Scheduler.elf  "Simple_Scheduler.hex"
arm-none-eabi-objcopy  -O binary  Simple_Scheduler.elf  "Simple_Scheduler.bin"
   text	   data	    bss	    dec	    hex	filename
   8148	     20	   2452	  10620	   297c	Simple_Scheduler.elf
Finished building: default.size.stdout
 
Finished building: Simple_Scheduler.hex
Finished building: Simple_Scheduler.bin
 
Finished building: Simple_Scheduler.list
 
 
15:18:42 **** Incremental Build of configuration Debug for project Simple_Scheduler ****
make -j12 all 
arm-none-eabi-gcc "../Core/Src/sched.c" -mcpu=cortex-m3 -std=gnu11 -g3 -DDEBUG -DUSE_HAL_DRIVER -DSTM32F103x6 -c -I../Core/Inc -I../Drivers/STM32F1xx_HAL_Driver/Inc/Legacy -I../Drivers/STM32F1xx_HAL_Driver/Inc -I../Drivers/CMSIS/Device/ST/STM32F1xx/Include -I../Drivers/CMSIS/Include -O0 -ffunction-sections -fdata-sections -Wall -fstack-usage -MMD -MP -MF"Core/Src/sched.d" -MT"Core/Src/sched.o" --specs=nano.specs -mfloat-abi=soft -mthumb -o "Core/Src/sched.o"
arm-none-eabi-gcc -o "Simple_Scheduler.elf" @"objects.list"   -mcpu=cortex-m3 -T"C:\Users\ADMIN\Documents\MCU\Lab4\Simple_Scheduler\STM32F103C6UX_FLASH.ld" --specs=nosys.specs -Wl,-Map="Simple_Scheduler.map" -Wl,--gc-sections -static --specs=nano.specs -mfloat-abi=soft -mthumb -Wl,--start-group -lc -lm -Wl,--end-group
Finished building target: Simple_Scheduler.elf
 
arm-none-eabi-size   Simple_Scheduler.elf 
arm-none-eabi-objdump -h -S  Simple_Scheduler.elf  > "Simple_Scheduler.list"
arm-none-eabi-objcopy  -O ihex  Simple_Scheduler.elf  "Simple_Scheduler.hex"
arm-none-eabi-objcopy  -O binary  Simple_Scheduler.elf  "Simple_Scheduler.bin"
   text	   data	    bss	    dec	    hex	filename
   8128	     20	   2452	  10600	   2968	Simple_Scheduler.elf
Finished building: default.size.stdout
 
Finished building: Simple_Scheduler.hex
Finished building: Simple_Scheduler.bin
 
 
Finished building: Simple_Scheduler.list
 
15:21:39 **** Incremental Build of configuration Debug for project Simple_Scheduler ****
make -j12 all 
arm-none-eabi-gcc "../Core/Src/sched.c" -mcpu=cortex-m3 -std=gnu11 -g3 -DDEBUG -DUSE_HAL_DRIVER -DSTM32F103x6 -c -I../Core/Inc -I../Drivers/STM32F1xx_HAL_Driver/Inc/Legacy -I../Drivers/STM32F1xx_HAL_Driver/Inc -I../Drivers/CMSIS/Device/ST/STM32F1xx/Include -I../Drivers/CMSIS/Include -O0 -ffunction-sections -fdata-sections -Wall -fstack-usage -MMD -MP -MF"Core/Src/sched.d" -MT"Core/Src/sched.o" --specs=nano.specs -mfloat-abi=soft -mthumb -o "Core/Src/sched.o"
arm-none-eabi-gcc -o "Simple_Scheduler.elf" @"objects.list"   -mcpu=cortex-m3 -T"C:\Users\ADMIN\Documents\MCU\Lab4\Simple_Scheduler\STM32F103C6UX_FLASH.ld" --specs=nosys.specs -Wl,-Map="Simple_Scheduler.map" -Wl,--gc-sections -static --specs=nano.specs -mfloat-abi=soft -mthumb -Wl,--start-group -lc -lm -Wl,--end-group
Finished building target: Simple_Scheduler.elf
 
arm-none-eabi-size   Simple_Scheduler.elf 
arm-none-eabi-objdump -h -S  Simple_Scheduler.elf  > "Simple_Scheduler.list"
arm-none-eabi-objcopy  -O ihex  Simple_Scheduler.elf  "Simple_Scheduler.hex"
arm-none-eabi-objcopy  -O binary  Simple_Scheduler.elf  "Simple_Scheduler.bin"
   text	   data	    bss	    dec	    hex	filename
   8092	     20	   2452	  10564	   2944	Simple_Scheduler.elf
Finished building: default.size.stdout
 
Finished building: Simple_Scheduler.hex
Finished building: Simple_Scheduler.bin
 
 
Finished building: Simple_Scheduler.list
 
15:23:38 **** Incremental Build of configuration Debug for project Simple_Scheduler ****
make -j12 all 
arm-none-eabi-gcc "../Core/Src/main.c" -mcpu=cortex-m3 -std=gnu11 -g3 -DDEBUG -DUSE_HAL_DRIVER -DSTM32F103x6 -c -I../Core/Inc -I../Drivers/STM32F1xx_HAL_Driver/Inc/Legacy -I../Drivers/STM32F1xx_HAL_Driver/Inc -I../Drivers/CMSIS/Device/ST/STM32F1xx/Include -I../Drivers/CMSIS/Include -O0 -ffunction-sections -fdata-sections -Wall -fstack-usage -MMD -MP -MF"Core/Src/main.d" -MT"Core/Src/main.o" --specs=nano.specs -mfloat-abi=soft -mthumb -o "Core/Src/main.o"
arm-none-eabi-gcc -o "Simple_Scheduler.elf" @"objects.list"   -mcpu=cortex-m3 -T"C:\Users\ADMIN\Documents\MCU\Lab4\Simple_Scheduler\STM32F103C6UX_FLASH.ld" --specs=nosys.specs -Wl,-Map="Simple_Scheduler.map" -Wl,--gc-sections -static --specs=nano.specs -mfloat-abi=soft -mthumb -Wl,--start-group -lc -lm -Wl,--end-group
Finished building target: Simple_Scheduler.elf
 
arm-none-eabi-size   Simple_Scheduler.elf 
arm-none-eabi-objdump -h -S  Simple_Scheduler.elf  > "Simple_Scheduler.list"
arm-none-eabi-objcopy  -O ihex  Simple_Scheduler.elf  "Simple_Scheduler.hex"
arm-none-eabi-objcopy  -O binary  Simple_Scheduler.elf  "Simple_Scheduler.bin"
   text	   data	    bss	    dec	    hex	filename
   8092	     20	   2452	  10564	   2944	Simple_Scheduler.elf
Finished building: default.size.stdout
 
Finished building: Simple_Scheduler.hex
Finished building: Simple_Scheduler.bin
 
Finished building: Simple_Scheduler.list
 
 
15:23:50 **** Incremental Build of configuration Debug for project Simple_Scheduler ****
make -j12 all 
arm-none-eabi-size   Simple_Scheduler.elf 
   text	   data	    bss	    dec	    hex	filename
   8092	     20	   2452	  10564	   2944	Simple_Scheduler.elf
Finished building: default.size.stdout
 
15:25:55 **** Incremental Build of configuration Debug for project Simple_Scheduler ****
make -j12 all 
arm-none-eabi-size   Simple_Scheduler.elf 
   text	   data	    bss	    dec	    hex	filename
   8092	     20	   2452	  10564	   2944	Simple_Scheduler.elf
Finished building: default.size.stdout
 
15:35:58 **** Incremental Build of configuration Debug for project Simple_Scheduler ****
make -j12 all 
arm-none-eabi-gcc "../Core/Src/sched.c" -mcpu=cortex-m3 -std=gnu11 -g3 -DDEBUG -DUSE_HAL_DRIVER -DSTM32F103x6 -c -I../Core/Inc -I../Drivers/STM32F1xx_HAL_Driver/Inc/Legacy -I../Drivers/STM32F1xx_HAL_Driver/Inc -I../Drivers/CMSIS/Device/ST/STM32F1xx/Include -I../Drivers/CMSIS/Include -O0 -ffunction-sections -fdata-sections -Wall -fstack-usage -MMD -MP -MF"Core/Src/sched.d" -MT"Core/Src/sched.o" --specs=nano.specs -mfloat-abi=soft -mthumb -o "Core/Src/sched.o"
arm-none-eabi-gcc -o "Simple_Scheduler.elf" @"objects.list"   -mcpu=cortex-m3 -T"C:\Users\ADMIN\Documents\MCU\Lab4\Simple_Scheduler\STM32F103C6UX_FLASH.ld" --specs=nosys.specs -Wl,-Map="Simple_Scheduler.map" -Wl,--gc-sections -static --specs=nano.specs -mfloat-abi=soft -mthumb -Wl,--start-group -lc -lm -Wl,--end-group
Finished building target: Simple_Scheduler.elf
 
arm-none-eabi-size   Simple_Scheduler.elf 
arm-none-eabi-objdump -h -S  Simple_Scheduler.elf  > "Simple_Scheduler.list"
arm-none-eabi-objcopy  -O ihex  Simple_Scheduler.elf  "Simple_Scheduler.hex"
arm-none-eabi-objcopy  -O binary  Simple_Scheduler.elf  "Simple_Scheduler.bin"
   text	   data	    bss	    dec	    hex	filename
   8092	     20	   2452	  10564	   2944	Simple_Scheduler.elf
Finished building: default.size.stdout
 
Finished building: Simple_Scheduler.hex
Finished building: Simple_Scheduler.bin
Finished building: Simple_Scheduler.list
 
 
 
16:50:02 **** Incremental Build of configuration Debug for project Simple_Scheduler ****
make -j12 all 
arm-none-eabi-gcc "../Core/Src/main.c" -mcpu=cortex-m3 -std=gnu11 -g3 -DDEBUG -DUSE_HAL_DRIVER -DSTM32F103x6 -c -I../Core/Inc -I../Drivers/STM32F1xx_HAL_Driver/Inc/Legacy -I../Drivers/STM32F1xx_HAL_Driver/Inc -I../Drivers/CMSIS/Device/ST/STM32F1xx/Include -I../Drivers/CMSIS/Include -O0 -ffunction-sections -fdata-sections -Wall -fstack-usage -MMD -MP -MF"Core/Src/main.d" -MT"Core/Src/main.o" --specs=nano.specs -mfloat-abi=soft -mthumb -o "Core/Src/main.o"
arm-none-eabi-gcc "../Core/Src/sched.c" -mcpu=cortex-m3 -std=gnu11 -g3 -DDEBUG -DUSE_HAL_DRIVER -DSTM32F103x6 -c -I../Core/Inc -I../Drivers/STM32F1xx_HAL_Driver/Inc/Legacy -I../Drivers/STM32F1xx_HAL_Driver/Inc -I../Drivers/CMSIS/Device/ST/STM32F1xx/Include -I../Drivers/CMSIS/Include -O0 -ffunction-sections -fdata-sections -Wall -fstack-usage -MMD -MP -MF"Core/Src/sched.d" -MT"Core/Src/sched.o" --specs=nano.specs -mfloat-abi=soft -mthumb -o "Core/Src/sched.o"
arm-none-eabi-gcc -o "Simple_Scheduler.elf" @"objects.list"   -mcpu=cortex-m3 -T"C:\Users\ADMIN\Documents\MCU\Lab4\Simple_Scheduler\STM32F103C6UX_FLASH.ld" --specs=nosys.specs -Wl,-Map="Simple_Scheduler.map" -Wl,--gc-sections -static --specs=nano.specs -mfloat-abi=soft -mthumb -Wl,--start-group -lc -lm -Wl,--end-group
Finished building target: Simple_Scheduler.elf
 
arm-none-eabi-size   Simple_Scheduler.elf 
arm-none-eabi-objdump -h -S  Simple_Scheduler.elf  > "Simple_Scheduler.list"
arm-none-eabi-objcopy  -O ihex  Simple_Scheduler.elf  "Simple_Scheduler.hex"
arm-none-eabi-objcopy  -O binary  Simple_Scheduler.elf  "Simple_Scheduler.bin"
   text	   data	    bss	    dec	    hex	filename
   8148	     20	   2452	  10620	   297c	Simple_Scheduler.elf
Finished building: default.size.stdout
 
Finished building: Simple_Scheduler.hex
Finished building: Simple_Scheduler.bin
 
 
Finished building: Simple_Scheduler.list
 
17:01:20 **** Incremental Build of configuration Debug for project Simple_Scheduler ****
make -j12 all 
arm-none-eabi-gcc "../Core/Src/sched.c" -mcpu=cortex-m3 -std=gnu11 -g3 -DDEBUG -DUSE_HAL_DRIVER -DSTM32F103x6 -c -I../Core/Inc -I../Drivers/STM32F1xx_HAL_Driver/Inc/Legacy -I../Drivers/STM32F1xx_HAL_Driver/Inc -I../Drivers/CMSIS/Device/ST/STM32F1xx/Include -I../Drivers/CMSIS/Include -O0 -ffunction-sections -fdata-sections -Wall -fstack-usage -MMD -MP -MF"Core/Src/sched.d" -MT"Core/Src/sched.o" --specs=nano.specs -mfloat-abi=soft -mthumb -o "Core/Src/sched.o"
arm-none-eabi-gcc -o "Simple_Scheduler.elf" @"objects.list"   -mcpu=cortex-m3 -T"C:\Users\ADMIN\Documents\MCU\Lab4\Simple_Scheduler\STM32F103C6UX_FLASH.ld" --specs=nosys.specs -Wl,-Map="Simple_Scheduler.map" -Wl,--gc-sections -static --specs=nano.specs -mfloat-abi=soft -mthumb -Wl,--start-group -lc -lm -Wl,--end-group
Finished building target: Simple_Scheduler.elf
 
arm-none-eabi-size   Simple_Scheduler.elf 
arm-none-eabi-objdump -h -S  Simple_Scheduler.elf  > "Simple_Scheduler.list"
arm-none-eabi-objcopy  -O ihex  Simple_Scheduler.elf  "Simple_Scheduler.hex"
arm-none-eabi-objcopy  -O binary  Simple_Scheduler.elf  "Simple_Scheduler.bin"
   text	   data	    bss	    dec	    hex	filename
   8236	     20	   2452	  10708	   29d4	Simple_Scheduler.elf
Finished building: default.size.stdout
 
Finished building: Simple_Scheduler.hex
Finished building: Simple_Scheduler.bin
 
 
Finished building: Simple_Scheduler.list
 
17:08:30 **** Incremental Build of configuration Debug for project Simple_Scheduler ****
make -j12 all 
arm-none-eabi-gcc "../Core/Src/sched.c" -mcpu=cortex-m3 -std=gnu11 -g3 -DDEBUG -DUSE_HAL_DRIVER -DSTM32F103x6 -c -I../Core/Inc -I../Drivers/STM32F1xx_HAL_Driver/Inc/Legacy -I../Drivers/STM32F1xx_HAL_Driver/Inc -I../Drivers/CMSIS/Device/ST/STM32F1xx/Include -I../Drivers/CMSIS/Include -O0 -ffunction-sections -fdata-sections -Wall -fstack-usage -MMD -MP -MF"Core/Src/sched.d" -MT"Core/Src/sched.o" --specs=nano.specs -mfloat-abi=soft -mthumb -o "Core/Src/sched.o"
arm-none-eabi-gcc -o "Simple_Scheduler.elf" @"objects.list"   -mcpu=cortex-m3 -T"C:\Users\ADMIN\Documents\MCU\Lab4\Simple_Scheduler\STM32F103C6UX_FLASH.ld" --specs=nosys.specs -Wl,-Map="Simple_Scheduler.map" -Wl,--gc-sections -static --specs=nano.specs -mfloat-abi=soft -mthumb -Wl,--start-group -lc -lm -Wl,--end-group
Finished building target: Simple_Scheduler.elf
 
arm-none-eabi-size   Simple_Scheduler.elf 
arm-none-eabi-objdump -h -S  Simple_Scheduler.elf  > "Simple_Scheduler.list"
arm-none-eabi-objcopy  -O ihex  Simple_Scheduler.elf  "Simple_Scheduler.hex"
arm-none-eabi-objcopy  -O binary  Simple_Scheduler.elf  "Simple_Scheduler.bin"
   text	   data	    bss	    dec	    hex	filename
   8300	     20	   2452	  10772	   2a14	Simple_Scheduler.elf
Finished building: default.size.stdout
 
Finished building: Simple_Scheduler.hex
Finished building: Simple_Scheduler.bin
 
 
Finished building: Simple_Scheduler.list
 
17:10:17 **** Incremental Build of configuration Debug for project Simple_Scheduler ****
make -j12 all 
arm-none-eabi-gcc "../Core/Src/sched.c" -mcpu=cortex-m3 -std=gnu11 -g3 -DDEBUG -DUSE_HAL_DRIVER -DSTM32F103x6 -c -I../Core/Inc -I../Drivers/STM32F1xx_HAL_Driver/Inc/Legacy -I../Drivers/STM32F1xx_HAL_Driver/Inc -I../Drivers/CMSIS/Device/ST/STM32F1xx/Include -I../Drivers/CMSIS/Include -O0 -ffunction-sections -fdata-sections -Wall -fstack-usage -MMD -MP -MF"Core/Src/sched.d" -MT"Core/Src/sched.o" --specs=nano.specs -mfloat-abi=soft -mthumb -o "Core/Src/sched.o"
arm-none-eabi-gcc -o "Simple_Scheduler.elf" @"objects.list"   -mcpu=cortex-m3 -T"C:\Users\ADMIN\Documents\MCU\Lab4\Simple_Scheduler\STM32F103C6UX_FLASH.ld" --specs=nosys.specs -Wl,-Map="Simple_Scheduler.map" -Wl,--gc-sections -static --specs=nano.specs -mfloat-abi=soft -mthumb -Wl,--start-group -lc -lm -Wl,--end-group
Finished building target: Simple_Scheduler.elf
 
arm-none-eabi-size   Simple_Scheduler.elf 
arm-none-eabi-objdump -h -S  Simple_Scheduler.elf  > "Simple_Scheduler.list"
arm-none-eabi-objcopy  -O ihex  Simple_Scheduler.elf  "Simple_Scheduler.hex"
arm-none-eabi-objcopy  -O binary  Simple_Scheduler.elf  "Simple_Scheduler.bin"
   text	   data	    bss	    dec	    hex	filename
   8316	     20	   2452	  10788	   2a24	Simple_Scheduler.elf
Finished building: default.size.stdout
 
Finished building: Simple_Scheduler.hex
Finished building: Simple_Scheduler.bin
 
Finished building: Simple_Scheduler.list
 
 
17:11:39 **** Incremental Build of configuration Debug for project Simple_Scheduler ****
make -j12 all 
arm-none-eabi-gcc "../Core/Src/sched.c" -mcpu=cortex-m3 -std=gnu11 -g3 -DDEBUG -DUSE_HAL_DRIVER -DSTM32F103x6 -c -I../Core/Inc -I../Drivers/STM32F1xx_HAL_Driver/Inc/Legacy -I../Drivers/STM32F1xx_HAL_Driver/Inc -I../Drivers/CMSIS/Device/ST/STM32F1xx/Include -I../Drivers/CMSIS/Include -O0 -ffunction-sections -fdata-sections -Wall -fstack-usage -MMD -MP -MF"Core/Src/sched.d" -MT"Core/Src/sched.o" --specs=nano.specs -mfloat-abi=soft -mthumb -o "Core/Src/sched.o"
../Core/Src/sched.c: In function 'SCH_Dispatch_Tasks':
../Core/Src/sched.c:88:4: error: function 'pTask' is initialized like a variable
   88 |    void * pTask(void) = SCH_tasks_G[Index].pTask;
      |    ^~~~
make: *** [Core/Src/subdir.mk:43: Core/Src/sched.o] Error 1
"make -j12 all" terminated with exit code 2. Build might be incomplete.
17:12:52 **** Incremental Build of configuration Debug for project Simple_Scheduler ****
make -j12 all 
arm-none-eabi-gcc "../Core/Src/sched.c" -mcpu=cortex-m3 -std=gnu11 -g3 -DDEBUG -DUSE_HAL_DRIVER -DSTM32F103x6 -c -I../Core/Inc -I../Drivers/STM32F1xx_HAL_Driver/Inc/Legacy -I../Drivers/STM32F1xx_HAL_Driver/Inc -I../Drivers/CMSIS/Device/ST/STM32F1xx/Include -I../Drivers/CMSIS/Include -O0 -ffunction-sections -fdata-sections -Wall -fstack-usage -MMD -MP -MF"Core/Src/sched.d" -MT"Core/Src/sched.o" --specs=nano.specs -mfloat-abi=soft -mthumb -o "Core/Src/sched.o"
../Core/Src/sched.c: In function 'SCH_Dispatch_Tasks':
../Core/Src/sched.c:92:13: warning: unused variable 'Period' [-Wunused-variable]
   92 |    uint32_t Period = SCH_tasks_G[Index].Period;
      |             ^~~~~~
../Core/Src/sched.c:91:13: warning: unused variable 'Delay' [-Wunused-variable]
   91 |    uint32_t Delay = SCH_tasks_G[Index].Delay;
      |             ^~~~~
../Core/Src/sched.c:88:12: warning: variable 'pTask' set but not used [-Wunused-but-set-variable]
   88 |    void (* pTask)(void);
      |            ^~~~~
arm-none-eabi-gcc -o "Simple_Scheduler.elf" @"objects.list"   -mcpu=cortex-m3 -T"C:\Users\ADMIN\Documents\MCU\Lab4\Simple_Scheduler\STM32F103C6UX_FLASH.ld" --specs=nosys.specs -Wl,-Map="Simple_Scheduler.map" -Wl,--gc-sections -static --specs=nano.specs -mfloat-abi=soft -mthumb -Wl,--start-group -lc -lm -Wl,--end-group
Finished building target: Simple_Scheduler.elf
 
arm-none-eabi-size   Simple_Scheduler.elf 
arm-none-eabi-objdump -h -S  Simple_Scheduler.elf  > "Simple_Scheduler.list"
arm-none-eabi-objcopy  -O ihex  Simple_Scheduler.elf  "Simple_Scheduler.hex"
arm-none-eabi-objcopy  -O binary  Simple_Scheduler.elf  "Simple_Scheduler.bin"
   text	   data	    bss	    dec	    hex	filename
   8376	     20	   2452	  10848	   2a60	Simple_Scheduler.elf
Finished building: default.size.stdout
 
Finished building: Simple_Scheduler.hex
Finished building: Simple_Scheduler.bin
 
 
Finished building: Simple_Scheduler.list
 
17:13:21 **** Incremental Build of configuration Debug for project Simple_Scheduler ****
make -j12 all 
arm-none-eabi-gcc "../Core/Src/sched.c" -mcpu=cortex-m3 -std=gnu11 -g3 -DDEBUG -DUSE_HAL_DRIVER -DSTM32F103x6 -c -I../Core/Inc -I../Drivers/STM32F1xx_HAL_Driver/Inc/Legacy -I../Drivers/STM32F1xx_HAL_Driver/Inc -I../Drivers/CMSIS/Device/ST/STM32F1xx/Include -I../Drivers/CMSIS/Include -O0 -ffunction-sections -fdata-sections -Wall -fstack-usage -MMD -MP -MF"Core/Src/sched.d" -MT"Core/Src/sched.o" --specs=nano.specs -mfloat-abi=soft -mthumb -o "Core/Src/sched.o"
arm-none-eabi-gcc -o "Simple_Scheduler.elf" @"objects.list"   -mcpu=cortex-m3 -T"C:\Users\ADMIN\Documents\MCU\Lab4\Simple_Scheduler\STM32F103C6UX_FLASH.ld" --specs=nosys.specs -Wl,-Map="Simple_Scheduler.map" -Wl,--gc-sections -static --specs=nano.specs -mfloat-abi=soft -mthumb -Wl,--start-group -lc -lm -Wl,--end-group
Finished building target: Simple_Scheduler.elf
 
arm-none-eabi-size   Simple_Scheduler.elf 
arm-none-eabi-objdump -h -S  Simple_Scheduler.elf  > "Simple_Scheduler.list"
arm-none-eabi-objcopy  -O ihex  Simple_Scheduler.elf  "Simple_Scheduler.hex"
arm-none-eabi-objcopy  -O binary  Simple_Scheduler.elf  "Simple_Scheduler.bin"
   text	   data	    bss	    dec	    hex	filename
   8292	     20	   2452	  10764	   2a0c	Simple_Scheduler.elf
Finished building: default.size.stdout
 
Finished building: Simple_Scheduler.hex
Finished building: Simple_Scheduler.bin
 
Finished building: Simple_Scheduler.list
 
 
17:30:09 **** Incremental Build of configuration Debug for project Simple_Scheduler ****
make -j12 all 
arm-none-eabi-gcc "../Core/Src/sched.c" -mcpu=cortex-m3 -std=gnu11 -g3 -DDEBUG -DUSE_HAL_DRIVER -DSTM32F103x6 -c -I../Core/Inc -I../Drivers/STM32F1xx_HAL_Driver/Inc/Legacy -I../Drivers/STM32F1xx_HAL_Driver/Inc -I../Drivers/CMSIS/Device/ST/STM32F1xx/Include -I../Drivers/CMSIS/Include -O0 -ffunction-sections -fdata-sections -Wall -fstack-usage -MMD -MP -MF"Core/Src/sched.d" -MT"Core/Src/sched.o" --specs=nano.specs -mfloat-abi=soft -mthumb -o "Core/Src/sched.o"
arm-none-eabi-gcc -o "Simple_Scheduler.elf" @"objects.list"   -mcpu=cortex-m3 -T"C:\Users\ADMIN\Documents\MCU\Lab4\Simple_Scheduler\STM32F103C6UX_FLASH.ld" --specs=nosys.specs -Wl,-Map="Simple_Scheduler.map" -Wl,--gc-sections -static --specs=nano.specs -mfloat-abi=soft -mthumb -Wl,--start-group -lc -lm -Wl,--end-group
Finished building target: Simple_Scheduler.elf
 
arm-none-eabi-size   Simple_Scheduler.elf 
arm-none-eabi-objdump -h -S  Simple_Scheduler.elf  > "Simple_Scheduler.list"
arm-none-eabi-objcopy  -O ihex  Simple_Scheduler.elf  "Simple_Scheduler.hex"
arm-none-eabi-objcopy  -O binary  Simple_Scheduler.elf  "Simple_Scheduler.bin"
   text	   data	    bss	    dec	    hex	filename
   8232	     20	   2452	  10704	   29d0	Simple_Scheduler.elf
Finished building: default.size.stdout
 
Finished building: Simple_Scheduler.bin
Finished building: Simple_Scheduler.hex
 
Finished building: Simple_Scheduler.list
 
 
17:31:09 **** Incremental Build of configuration Debug for project Simple_Scheduler ****
make -j12 all 
arm-none-eabi-gcc "../Core/Src/sched.c" -mcpu=cortex-m3 -std=gnu11 -g3 -DDEBUG -DUSE_HAL_DRIVER -DSTM32F103x6 -c -I../Core/Inc -I../Drivers/STM32F1xx_HAL_Driver/Inc/Legacy -I../Drivers/STM32F1xx_HAL_Driver/Inc -I../Drivers/CMSIS/Device/ST/STM32F1xx/Include -I../Drivers/CMSIS/Include -O0 -ffunction-sections -fdata-sections -Wall -fstack-usage -MMD -MP -MF"Core/Src/sched.d" -MT"Core/Src/sched.o" --specs=nano.specs -mfloat-abi=soft -mthumb -o "Core/Src/sched.o"
arm-none-eabi-gcc -o "Simple_Scheduler.elf" @"objects.list"   -mcpu=cortex-m3 -T"C:\Users\ADMIN\Documents\MCU\Lab4\Simple_Scheduler\STM32F103C6UX_FLASH.ld" --specs=nosys.specs -Wl,-Map="Simple_Scheduler.map" -Wl,--gc-sections -static --specs=nano.specs -mfloat-abi=soft -mthumb -Wl,--start-group -lc -lm -Wl,--end-group
Finished building target: Simple_Scheduler.elf
 
arm-none-eabi-size   Simple_Scheduler.elf 
arm-none-eabi-objdump -h -S  Simple_Scheduler.elf  > "Simple_Scheduler.list"
arm-none-eabi-objcopy  -O ihex  Simple_Scheduler.elf  "Simple_Scheduler.hex"
arm-none-eabi-objcopy  -O binary  Simple_Scheduler.elf  "Simple_Scheduler.bin"
   text	   data	    bss	    dec	    hex	filename
   8236	     20	   2452	  10708	   29d4	Simple_Scheduler.elf
[...]
make -j12 all 
arm-none-eabi-gcc "../Core/Src/sched.c" -mcpu=cortex-m3 -std=gnu11 -g3 -DDEBUG -DUSE_HAL_DRIVER -DSTM32F103x6 -c -I../Core/Inc -I../Drivers/STM32F1xx_HAL_Driver/Inc/Legacy -I../Drivers/STM32F1xx_HAL_Driver/Inc -I../Drivers/CMSIS/Device/ST/STM32F1xx/Include -I../Drivers/CMSIS/Include -O0 -ffunction-sections -fdata-sections -Wall -fstack-usage -MMD -MP -MF"Core/Src/sched.d" -MT"Core/Src/sched.o" --specs=nano.specs -mfloat-abi=soft -mthumb -o "Core/Src/sched.o"
../Core/Src/sched.c: In function 'SCH_Dispatch_Tasks':
../Core/Src/sched.c:88:6: error: 'CH_tasks_G' undeclared (first use in this function); did you mean 'SCH_tasks_G'?
   88 |   if(CH_tasks_G.head->task.Period > 0) {
      |      ^~~~~~~~~~
      |      SCH_tasks_G
../Core/Src/sched.c:88:6: note: each undeclared identifier is reported only once for each function it appears in
make: *** [Core/Src/subdir.mk:43: Core/Src/sched.o] Error 1
"make -j12 all" terminated with exit code 2. Build might be incomplete.
14:43:48 **** Incremental Build of configuration Debug for project Simple_Scheduler ****
make -j12 all 
arm-none-eabi-gcc "../Core/Src/sched.c" -mcpu=cortex-m3 -std=gnu11 -g3 -DDEBUG -DUSE_HAL_DRIVER -DSTM32F103x6 -c -I../Core/Inc -I../Drivers/STM32F1xx_HAL_Driver/Inc/Legacy -I../Drivers/STM32F1xx_HAL_Driver/Inc -I../Drivers/CMSIS/Device/ST/STM32F1xx/Include -I../Drivers/CMSIS/Include -O0 -ffunction-sections -fdata-sections -Wall -fstack-usage -MMD -MP -MF"Core/Src/sched.d" -MT"Core/Src/sched.o" --specs=nano.specs -mfloat-abi=soft -mthumb -o "Core/Src/sched.o"
../Core/Src/sched.c: In function 'SCH_Dispatch_Tasks':
../Core/Src/sched.c:88:6: error: 'CH_tasks_G' undeclared (first use in this function); did you mean 'SCH_tasks_G'?
   88 |   if(CH_tasks_G.head->task.Period > 0) {
      |      ^~~~~~~~~~
      |      SCH_tasks_G
../Core/Src/sched.c:88:6: note: each undeclared identifier is reported only once for each function it appears in
make: *** [Core/Src/subdir.mk:43: Core/Src/sched.o] Error 1
"make -j12 all" terminated with exit code 2. Build might be incomplete.
14:43:55 **** Incremental Build of configuration Debug for project Simple_Scheduler ****
make -j12 all 
arm-none-eabi-gcc "../Core/Src/sched.c" -mcpu=cortex-m3 -std=gnu11 -g3 -DDEBUG -DUSE_HAL_DRIVER -DSTM32F103x6 -c -I../Core/Inc -I../Drivers/STM32F1xx_HAL_Driver/Inc/Legacy -I../Drivers/STM32F1xx_HAL_Driver/Inc -I../Drivers/CMSIS/Device/ST/STM32F1xx/Include -I../Drivers/CMSIS/Include -O0 -ffunction-sections -fdata-sections -Wall -fstack-usage -MMD -MP -MF"Core/Src/sched.d" -MT"Core/Src/sched.o" --specs=nano.specs -mfloat-abi=soft -mthumb -o "Core/Src/sched.o"
arm-none-eabi-gcc -o "Simple_Scheduler.elf" @"objects.list"   -mcpu=cortex-m3 -T"C:\Users\ADMIN\Documents\MCU\Lab4\Simple_Scheduler\STM32F103C6UX_FLASH.ld" --specs=nosys.specs -Wl,-Map="Simple_Scheduler.map" -Wl,--gc-sections -static --specs=nano.specs -mfloat-abi=soft -mthumb -Wl,--start-group -lc -lm -Wl,--end-group
Finished building target: Simple_Scheduler.elf
 
arm-none-eabi-size   Simple_Scheduler.elf 
arm-none-eabi-objdump -h -S  Simple_Scheduler.elf  > "Simple_Scheduler.list"
arm-none-eabi-objcopy  -O ihex  Simple_Scheduler.elf  "Simple_Scheduler.hex"
arm-none-eabi-objcopy  -O binary  Simple_Scheduler.elf  "Simple_Scheduler.bin"
   text	   data	    bss	    dec	    hex	filename
   8216	    120	   1672	  10008	   2718	Simple_Scheduler.elf
Finished building: default.size.stdout
 
Finished building: Simple_Scheduler.hex
Finished building: Simple_Scheduler.bin
 
Finished building: Simple_Scheduler.list
 
 
14:52:21 **** Incremental Build of configuration Debug for project Simple_Scheduler ****
make -j12 all 
arm-none-eabi-gcc "../Core/Src/sched.c" -mcpu=cortex-m3 -std=gnu11 -g3 -DDEBUG -DUSE_HAL_DRIVER -DSTM32F103x6 -c -I../Core/Inc -I../Drivers/STM32F1xx_HAL_Driver/Inc/Legacy -I../Drivers/STM32F1xx_HAL_Driver/Inc -I../Drivers/CMSIS/Device/ST/STM32F1xx/Include -I../Drivers/CMSIS/Include -O0 -ffunction-sections -fdata-sections -Wall -fstack-usage -MMD -MP -MF"Core/Src/sched.d" -MT"Core/Src/sched.o" --specs=nano.specs -mfloat-abi=soft -mthumb -o "Core/Src/sched.o"
arm-none-eabi-gcc -o "Simple_Scheduler.elf" @"objects.list"   -mcpu=cortex-m3 -T"C:\Users\ADMIN\Documents\MCU\Lab4\Simple_Scheduler\STM32F103C6UX_FLASH.ld" --specs=nosys.specs -Wl,-Map="Simple_Scheduler.map" -Wl,--gc-sections -static --specs=nano.specs -mfloat-abi=soft -mthumb -Wl,--start-group -lc -lm -Wl,--end-group
Finished building target: Simple_Scheduler.elf
 
arm-none-eabi-size   Simple_Scheduler.elf 
arm-none-eabi-objdump -h -S  Simple_Scheduler.elf  > "Simple_Scheduler.list"
arm-none-eabi-objcopy  -O ihex  Simple_Scheduler.elf  "Simple_Scheduler.hex"
arm-none-eabi-objcopy  -O binary  Simple_Scheduler.elf  "Simple_Scheduler.bin"
   text	   data	    bss	    dec	    hex	filename
   8080	    120	   1672	   9872	   2690	Simple_Scheduler.elf
Finished building: default.size.stdout
 
Finished building: Simple_Scheduler.hex
Finished building: Simple_Scheduler.bin
 
 
Finished building: Simple_Scheduler.list
 
14:52:26 **** Incremental Build of configuration Debug for project Simple_Scheduler ****
make -j12 all 
arm-none-eabi-gcc "../Core/Src/sched.c" -mcpu=cortex-m3 -std=gnu11 -g3 -DDEBUG -DUSE_HAL_DRIVER -DSTM32F103x6 -c -I../Core/Inc -I../Drivers/STM32F1xx_HAL_Driver/Inc/Legacy -I../Drivers/STM32F1xx_HAL_Driver/Inc -I../Drivers/CMSIS/Device/ST/STM32F1xx/Include -I../Drivers/CMSIS/Include -O0 -ffunction-sections -fdata-sections -Wall -fstack-usage -MMD -MP -MF"Core/Src/sched.d" -MT"Core/Src/sched.o" --specs=nano.specs -mfloat-abi=soft -mthumb -o "Core/Src/sched.o"
arm-none-eabi-gcc -o "Simple_Scheduler.elf" @"objects.list"   -mcpu=cortex-m3 -T"C:\Users\ADMIN\Documents\MCU\Lab4\Simple_Scheduler\STM32F103C6UX_FLASH.ld" --specs=nosys.specs -Wl,-Map="Simple_Scheduler.map" -Wl,--gc-sections -static --specs=nano.specs -mfloat-abi=soft -mthumb -Wl,--start-group -lc -lm -Wl,--end-group
Finished building target: Simple_Scheduler.elf
 
arm-none-eabi-size   Simple_Scheduler.elf 
arm-none-eabi-objdump -h -S  Simple_Scheduler.elf  > "Simple_Scheduler.list"
arm-none-eabi-objcopy  -O ihex  Simple_Scheduler.elf  "Simple_Scheduler.hex"
arm-none-eabi-objcopy  -O binary  Simple_Scheduler.elf  "Simple_Scheduler.bin"
   text	   data	    bss	    dec	    hex	filename
   8080	    120	   1672	   9872	   2690	Simple_Scheduler.elf
Finished building: default.size.stdout
 
Finished building: Simple_Scheduler.hex
Finished building: Simple_Scheduler.bin
 
 
Finished building: Simple_Scheduler.list
 
14:53:16 **** Incremental Build of configuration Debug for project Simple_Scheduler ****
make -j12 all 
arm-none-eabi-gcc "../Core/Src/sched.c" -mcpu=cortex-m3 -std=gnu11 -g3 -DDEBUG -DUSE_HAL_DRIVER -DSTM32F103x6 -c -I../Core/Inc -I../Drivers/STM32F1xx_HAL_Driver/Inc/Legacy -I../Drivers/STM32F1xx_HAL_Driver/Inc -I../Drivers/CMSIS/Device/ST/STM32F1xx/Include -I../Drivers/CMSIS/Include -O0 -ffunction-sections -fdata-sections -Wall -fstack-usage -MMD -MP -MF"Core/Src/sched.d" -MT"Core/Src/sched.o" --specs=nano.specs -mfloat-abi=soft -mthumb -o "Core/Src/sched.o"
arm-none-eabi-gcc -o "Simple_Scheduler.elf" @"objects.list"   -mcpu=cortex-m3 -T"C:\Users\ADMIN\Documents\MCU\Lab4\Simple_Scheduler\STM32F103C6UX_FLASH.ld" --specs=nosys.specs -Wl,-Map="Simple_Scheduler.map" -Wl,--gc-sections -static --specs=nano.specs -mfloat-abi=soft -mthumb -Wl,--start-group -lc -lm -Wl,--end-group
Finished building target: Simple_Scheduler.elf
 
arm-none-eabi-size   Simple_Scheduler.elf 
arm-none-eabi-objdump -h -S  Simple_Scheduler.elf  > "Simple_Scheduler.list"
arm-none-eabi-objcopy  -O ihex  Simple_Scheduler.elf  "Simple_Scheduler.hex"
arm-none-eabi-objcopy  -O binary  Simple_Scheduler.elf  "Simple_Scheduler.bin"
   text	   data	    bss	    dec	    hex	filename
   8216	    120	   1672	  10008	   2718	Simple_Scheduler.elf
Finished building: default.size.stdout
 
Finished building: Simple_Scheduler.hex
Finished building: Simple_Scheduler.bin
 
 
Finished building: Simple_Scheduler.list
 
14:54:54 **** Incremental Build of configuration Debug for project Simple_Scheduler ****
make -j12 all 
arm-none-eabi-gcc "../Core/Src/main.c" -mcpu=cortex-m3 -std=gnu11 -g3 -DDEBUG -DUSE_HAL_DRIVER -DSTM32F103x6 -c -I../Core/Inc -I../Drivers/STM32F1xx_HAL_Driver/Inc/Legacy -I../Drivers/STM32F1xx_HAL_Driver/Inc -I../Drivers/CMSIS/Device/ST/STM32F1xx/Include -I../Drivers/CMSIS/Include -O0 -ffunction-sections -fdata-sections -Wall -fstack-usage -MMD -MP -MF"Core/Src/main.d" -MT"Core/Src/main.o" --specs=nano.specs -mfloat-abi=soft -mthumb -o "Core/Src/main.o"
arm-none-eabi-gcc -o "Simple_Scheduler.elf" @"objects.list"   -mcpu=cortex-m3 -T"C:\Users\ADMIN\Documents\MCU\Lab4\Simple_Scheduler\STM32F103C6UX_FLASH.ld" --specs=nosys.specs -Wl,-Map="Simple_Scheduler.map" -Wl,--gc-sections -static --specs=nano.specs -mfloat-abi=soft -mthumb -Wl,--start-group -lc -lm -Wl,--end-group
Finished building target: Simple_Scheduler.elf
 
arm-none-eabi-size   Simple_Scheduler.elf 
arm-none-eabi-objdump -h -S  Simple_Scheduler.elf  > "Simple_Scheduler.list"
arm-none-eabi-objcopy  -O ihex  Simple_Scheduler.elf  "Simple_Scheduler.hex"
arm-none-eabi-objcopy  -O binary  Simple_Scheduler.elf  "Simple_Scheduler.bin"
   text	   data	    bss	    dec	    hex	filename
   8216	    120	   1672	  10008	   2718	Simple_Scheduler.elf
Finished building: default.size.stdout
 
Finished building: Simple_Scheduler.hex
Finished building: Simple_Scheduler.bin
 
 
Finished building: Simple_Scheduler.list
 
14:56:05 **** Incremental Build of configuration Debug for project Simple_Scheduler ****
make -j12 all 
arm-none-eabi-gcc "../Core/Src/sched.c" -mcpu=cortex-m3 -std=gnu11 -g3 -DDEBUG -DUSE_HAL_DRIVER -DSTM32F103x6 -c -I../Core/Inc -I../Drivers/STM32F1xx_HAL_Driver/Inc/Legacy -I../Drivers/STM32F1xx_HAL_Driver/Inc -I../Drivers/CMSIS/Device/ST/STM32F1xx/Include -I../Drivers/CMSIS/Include -O0 -ffunction-sections -fdata-sections -Wall -fstack-usage -MMD -MP -MF"Core/Src/sched.d" -MT"Core/Src/sched.o" --specs=nano.specs -mfloat-abi=soft -mthumb -o "Core/Src/sched.o"
arm-none-eabi-gcc -o "Simple_Scheduler.elf" @"objects.list"   -mcpu=cortex-m3 -T"C:\Users\ADMIN\Documents\MCU\Lab4\Simple_Scheduler\STM32F103C6UX_FLASH.ld" --specs=nosys.specs -Wl,-Map="Simple_Scheduler.map" -Wl,--gc-sections -static --specs=nano.specs -mfloat-abi=soft -mthumb -Wl,--start-group -lc -lm -Wl,--end-group
Finished building target: Simple_Scheduler.elf
 
arm-none-eabi-size   Simple_Scheduler.elf 
arm-none-eabi-objdump -h -S  Simple_Scheduler.elf  > "Simple_Scheduler.list"
arm-none-eabi-objcopy  -O ihex  Simple_Scheduler.elf  "Simple_Scheduler.hex"
arm-none-eabi-objcopy  -O binary  Simple_Scheduler.elf  "Simple_Scheduler.bin"
   text	   data	    bss	    dec	    hex	filename
   8220	    120	   1672	  10012	   271c	Simple_Scheduler.elf
Finished building: default.size.stdout
 
Finished building: Simple_Scheduler.hex
Finished building: Simple_Scheduler.bin
 
 
Finished building: Simple_Scheduler.list
 
14:57:04 **** Incremental Build of configuration Debug for project Simple_Scheduler ****
make -j12 all 
arm-none-eabi-gcc "../Core/Src/sched.c" -mcpu=cortex-m3 -std=gnu11 -g3 -DDEBUG -DUSE_HAL_DRIVER -DSTM32F103x6 -c -I../Core/Inc -I../Drivers/STM32F1xx_HAL_Driver/Inc/Legacy -I../Drivers/STM32F1xx_HAL_Driver/Inc -I../Drivers/CMSIS/Device/ST/STM32F1xx/Include -I../Drivers/CMSIS/Include -O0 -ffunction-sections -fdata-sections -Wall -fstack-usage -MMD -MP -MF"Core/Src/sched.d" -MT"Core/Src/sched.o" --specs=nano.specs -mfloat-abi=soft -mthumb -o "Core/Src/sched.o"
arm-none-eabi-gcc -o "Simple_Scheduler.elf" @"objects.list"   -mcpu=cortex-m3 -T"C:\Users\ADMIN\Documents\MCU\Lab4\Simple_Scheduler\STM32F103C6UX_FLASH.ld" --specs=nosys.specs -Wl,-Map="Simple_Scheduler.map" -Wl,--gc-sections -static --specs=nano.specs -mfloat-abi=soft -mthumb -Wl,--start-group -lc -lm -Wl,--end-group
Finished building target: Simple_Scheduler.elf
 
arm-none-eabi-size   Simple_Scheduler.elf 
arm-none-eabi-objdump -h -S  Simple_Scheduler.elf  > "Simple_Scheduler.list"
arm-none-eabi-objcopy  -O ihex  Simple_Scheduler.elf  "Simple_Scheduler.hex"
arm-none-eabi-objcopy  -O binary  Simple_Scheduler.elf  "Simple_Scheduler.bin"
   text	   data	    bss	    dec	    hex	filename
   8168	    120	   1672	   9960	   26e8	Simple_Scheduler.elf
Finished building: default.size.stdout
 
Finished building: Simple_Scheduler.hex
Finished building: Simple_Scheduler.bin
 
 
Finished building: Simple_Scheduler.list
 
15:02:35 **** Incremental Build of configuration Debug for project Simple_Scheduler ****
make -j12 all 
arm-none-eabi-gcc "../Core/Src/sched.c" -mcpu=cortex-m3 -std=gnu11 -g3 -DDEBUG -DUSE_HAL_DRIVER -DSTM32F103x6 -c -I../Core/Inc -I../Drivers/STM32F1xx_HAL_Driver/Inc/Legacy -I../Drivers/STM32F1xx_HAL_Driver/Inc -I../Drivers/CMSIS/Device/ST/STM32F1xx/Include -I../Drivers/CMSIS/Include -O0 -ffunction-sections -fdata-sections -Wall -fstack-usage -MMD -MP -MF"Core/Src/sched.d" -MT"Core/Src/sched.o" --specs=nano.specs -mfloat-abi=soft -mthumb -o "Core/Src/sched.o"
arm-none-eabi-gcc -o "Simple_Scheduler.elf" @"objects.list"   -mcpu=cortex-m3 -T"C:\Users\ADMIN\Documents\MCU\Lab4\Simple_Scheduler\STM32F103C6UX_FLASH.ld" --specs=nosys.specs -Wl,-Map="Simple_Scheduler.map" -Wl,--gc-sections -static --specs=nano.specs -mfloat-abi=soft -mthumb -Wl,--start-group -lc -lm -Wl,--end-group
Finished building target: Simple_Scheduler.elf
 
arm-none-eabi-size   Simple_Scheduler.elf 
arm-none-eabi-objdump -h -S  Simple_Scheduler.elf  > "Simple_Scheduler.list"
arm-none-eabi-objcopy  -O ihex  Simple_Scheduler.elf  "Simple_Scheduler.hex"
arm-none-eabi-objcopy  -O binary  Simple_Scheduler.elf  "Simple_Scheduler.bin"
   text	   data	    bss	    dec	    hex	filename
   8256	    120	   1672	  10048	   2740	Simple_Scheduler.elf
Finished building: default.size.stdout
 
Finished building: Simple_Scheduler.hex
Finished building: Simple_Scheduler.bin
 
 
Finished building: Simple_Scheduler.list
 
15:04:08 **** Incremental Build of configuration Debug for project Simple_Scheduler ****
make -j12 all 
arm-none-eabi-gcc "../Core/Src/sched.c" -mcpu=cortex-m3 -std=gnu11 -g3 -DDEBUG -DUSE_HAL_DRIVER -DSTM32F103x6 -c -I../Core/Inc -I../Drivers/STM32F1xx_HAL_Driver/Inc/Legacy -I../Drivers/STM32F1xx_HAL_Driver/Inc -I../Drivers/CMSIS/Device/ST/STM32F1xx/Include -I../Drivers/CMSIS/Include -O0 -ffunction-sections -fdata-sections -Wall -fstack-usage -MMD -MP -MF"Core/Src/sched.d" -MT"Core/Src/sched.o" --specs=nano.specs -mfloat-abi=soft -mthumb -o "Core/Src/sched.o"
arm-none-eabi-gcc -o "Simple_Scheduler.elf" @"objects.list"   -mcpu=cortex-m3 -T"C:\Users\ADMIN\Documents\MCU\Lab4\Simple_Scheduler\STM32F103C6UX_FLASH.ld" --specs=nosys.specs -Wl,-Map="Simple_Scheduler.map" -Wl,--gc-sections -static --specs=nano.specs -mfloat-abi=soft -mthumb -Wl,--start-group -lc -lm -Wl,--end-group
Finished building target: Simple_Scheduler.elf
 
arm-none-eabi-size   Simple_Scheduler.elf 
arm-none-eabi-objdump -h -S  Simple_Scheduler.elf  > "Simple_Scheduler.list"
arm-none-eabi-objcopy  -O ihex  Simple_Scheduler.elf  "Simple_Scheduler.hex"
arm-none-eabi-objcopy  -O binary  Simple_Scheduler.elf  "Simple_Scheduler.bin"
   text	   data	    bss	    dec	    hex	filename
   8248	    120	   1672	  10040	   2738	Simple_Scheduler.elf
Finished building: default.size.stdout
 
Finished building: Simple_Scheduler.hex
Finished building: Simple_Scheduler.bin
 
 
Finished building: Simple_Scheduler.list
 
15:05:57 **** Incremental Build of configuration Debug for project Simple_Scheduler ****
make -j12 all 
arm-none-eabi-gcc "../Core/Src/main.c" -mcpu=cortex-m3 -std=gnu11 -g3 -DDEBUG -DUSE_HAL_DRIVER -DSTM32F103x6 -c -I../Core/Inc -I../Drivers/STM32F1xx_HAL_Driver/Inc/Legacy -I../Drivers/STM32F1xx_HAL_Driver/Inc -I../Drivers/CMSIS/Device/ST/STM32F1xx/Include -I../Drivers/CMSIS/Include -O0 -ffunction-sections -fdata-sections -Wall -fstack-usage -MMD -MP -MF"Core/Src/main.d" -MT"Core/Src/main.o" --specs=nano.specs -mfloat-abi=soft -mthumb -o "Core/Src/main.o"
arm-none-eabi-gcc -o "Simple_Scheduler.elf" @"objects.list"   -mcpu=cortex-m3 -T"C:\Users\ADMIN\Documents\MCU\Lab4\Simple_Scheduler\STM32F103C6UX_FLASH.ld" --specs=nosys.specs -Wl,-Map="Simple_Scheduler.map" -Wl,--gc-sections -static --specs=nano.specs -mfloat-abi=soft -mthumb -Wl,--start-group -lc -lm -Wl,--end-group
Finished building target: Simple_Scheduler.elf
 
arm-none-eabi-size   Simple_Scheduler.elf 
arm-none-eabi-objdump -h -S  Simple_Scheduler.elf  > "Simple_Scheduler.list"
arm-none-eabi-objcopy  -O ihex  Simple_Scheduler.elf  "Simple_Scheduler.hex"
arm-none-eabi-objcopy  -O binary  Simple_Scheduler.elf  "Simple_Scheduler.bin"
   text	   data	    bss	    dec	    hex	filename
   8248	    120	   1672	  10040	   2738	Simple_Scheduler.elf
Finished building: default.size.stdout
 
Finished building: Simple_Scheduler.hex
Finished building: Simple_Scheduler.bin
 
 
Finished building: Simple_Scheduler.list
 
15:06:39 **** Incremental Build of configuration Debug for project Simple_Scheduler ****
make -j12 all 
arm-none-eabi-gcc "../Core/Src/main.c" -mcpu=cortex-m3 -std=gnu11 -g3 -DDEBUG -DUSE_HAL_DRIVER -DSTM32F103x6 -c -I../Core/Inc -I../Drivers/STM32F1xx_HAL_Driver/Inc/Legacy -I../Drivers/STM32F1xx_HAL_Driver/Inc -I../Drivers/CMSIS/Device/ST/STM32F1xx/Include -I../Drivers/CMSIS/Include -O0 -ffunction-sections -fdata-sections -Wall -fstack-usage -MMD -MP -MF"Core/Src/main.d" -MT"Core/Src/main.o" --specs=nano.specs -mfloat-abi=soft -mthumb -o "Core/Src/main.o"
arm-none-eabi-gcc -o "Simple_Scheduler.elf" @"objects.list"   -mcpu=cortex-m3 -T"C:\Users\ADMIN\Documents\MCU\Lab4\Simple_Scheduler\STM32F103C6UX_FLASH.ld" --specs=nosys.specs -Wl,-Map="Simple_Scheduler.map" -Wl,--gc-sections -static --specs=nano.specs -mfloat-abi=soft -mthumb -Wl,--start-group -lc -lm -Wl,--end-group
Finished building target: Simple_Scheduler.elf
 
arm-none-eabi-size   Simple_Scheduler.elf 
arm-none-eabi-objdump -h -S  Simple_Scheduler.elf  > "Simple_Scheduler.list"
arm-none-eabi-objcopy  -O ihex  Simple_Scheduler.elf  "Simple_Scheduler.hex"
arm-none-eabi-objcopy  -O binary  Simple_Scheduler.elf  "Simple_Scheduler.bin"
   text	   data	    bss	    dec	    hex	filename
   8248	    120	   1672	  10040	   2738	Simple_Scheduler.elf
Finished building: default.size.stdout
 
Finished building: Simple_Scheduler.hex
Finished building: Simple_Scheduler.bin
 
Finished building: Simple_Scheduler.list
 
 
15:13:39 **** Incremental Build of configuration Debug for project Simple_Scheduler ****
make -j12 all 
arm-none-eabi-gcc "../Core/Src/main.c" -mcpu=cortex-m3 -std=gnu11 -g3 -DDEBUG -DUSE_HAL_DRIVER -DSTM32F103x6 -c -I../Core/Inc -I../Drivers/STM32F1xx_HAL_Driver/Inc/Legacy -I../Drivers/STM32F1xx_HAL_Driver/Inc -I../Drivers/CMSIS/Device/ST/STM32F1xx/Include -I../Drivers/CMSIS/Include -O0 -ffunction-sections -fdata-sections -Wall -fstack-usage -MMD -MP -MF"Core/Src/main.d" -MT"Core/Src/main.o" --specs=nano.specs -mfloat-abi=soft -mthumb -o "Core/Src/main.o"
arm-none-eabi-gcc -o "Simple_Scheduler.elf" @"objects.list"   -mcpu=cortex-m3 -T"C:\Users\ADMIN\Documents\MCU\Lab4\Simple_Scheduler\STM32F103C6UX_FLASH.ld" --specs=nosys.specs -Wl,-Map="Simple_Scheduler.map" -Wl,--gc-sections -static --specs=nano.specs -mfloat-abi=soft -mthumb -Wl,--start-group -lc -lm -Wl,--end-group
Finished building target: Simple_Scheduler.elf
 
arm-none-eabi-size   Simple_Scheduler.elf 
arm-none-eabi-objdump -h -S  Simple_Scheduler.elf  > "Simple_Scheduler.list"
arm-none-eabi-objcopy  -O ihex  Simple_Scheduler.elf  "Simple_Scheduler.hex"
arm-none-eabi-objcopy  -O binary  Simple_Scheduler.elf  "Simple_Scheduler.bin"
   text	   data	    bss	    dec	    hex	filename
   8248	    120	   1672	  10040	   2738	Simple_Scheduler.elf
Finished building: default.size.stdout
 
Finished building: Simple_Scheduler.hex
Finished building: Simple_Scheduler.bin
 
 
Finished building: Simple_Scheduler.list
 
