22:18:46 **** Build of configuration Debug for project Simple_Scheduler ****
make -j12 all 
arm-none-eabi-gcc "../Drivers/STM32F1xx_HAL_Driver/Src/stm32f1xx_hal.c" -mcpu=cortex-m3 -std=gnu11 -g3 -DDEBUG -DUSE_HAL_DRIVER -DSTM32F103x6 -c -I../Core/Inc -I../Drivers/STM32F1xx_HAL_Driver/Inc/Legacy -I../Drivers/STM32F1xx_HAL_Driver/Inc -I../Drivers/CMSIS/Device/ST/STM32F1xx/Include -I../Drivers/CMSIS/Include -O0 -ffunction-sections -fdata-sections -Wall -fstack-usage -MMD -MP -MF"Drivers/STM32F1xx_HAL_Driver/Src/stm32f1xx_hal.d" -MT"Drivers/STM32F1xx_HAL_Driver/Src/stm32f1xx_hal.o" --specs=nano.specs -mfloat-abi=soft -mthumb -o "Drivers/STM32F1xx_HAL_Driver/Src/stm32f1xx_hal.o"
arm-none-eabi-gcc "../Drivers/STM32F1xx_HAL_Driver/Src/stm32f1xx_hal_cortex.c" -mcpu=cortex-m3 -std=gnu11 -g3 -DDEBUG -DUSE_HAL_DRIVER -DSTM32F103x6 -c -I../Core/Inc -I../Drivers/STM32F1xx_HAL_Driver/Inc/Legacy -I../Drivers/STM32F1xx_HAL_Driver/Inc -I../Drivers/CMSIS/Device/ST/STM32F1xx/Include -I../Drivers/CMSIS/Include -O0 -ffunction-sections -fdata-sections -Wall -fstack-usage -MMD -MP -MF"Drivers/STM32F1xx_HAL_Driver/Src/stm32f1xx_hal_cortex.d" -MT"Drivers/STM32F1xx_HAL_Driver/Src/stm32f1xx_hal_cortex.o" --specs=nano.specs -mfloat-abi=soft -mthumb -o "Drivers/STM32F1xx_HAL_Driver/Src/stm32f1xx_hal_cortex.o"
arm-none-eabi-gcc "../Drivers/STM32F1xx_HAL_Driver/Src/stm32f1xx_hal_dma.c" -mcpu=cortex-m3 -std=gnu11 -g3 -DDEBUG -DUSE_HAL_DRIVER -DSTM32F103x6 -c -I../Core/Inc -I../Drivers/STM32F1xx_HAL_Driver/Inc/Legacy -I../Drivers/STM32F1xx_HAL_Driver/Inc -I../Drivers/CMSIS/Device/ST/STM32F1xx/Include -I../Drivers/CMSIS/Include -O0 -ffunction-sections -fdata-sections -Wall -fstack-usage -MMD -MP -MF"Drivers/STM32F1xx_HAL_Driver/Src/stm32f1xx_hal_dma.d" -MT"Drivers/STM32F1xx_HAL_Driver/Src/stm32f1xx_hal_dma.o" --specs=nano.specs -mfloat-abi=soft -mthumb -o "Drivers/STM32F1xx_HAL_Driver/Src/stm32f1xx_hal_dma.o"
arm-none-eabi-gcc "../Drivers/STM32F1xx_HAL_Driver/Src/stm32f1xx_hal_exti.c" -mcpu=cortex-m3 -std=gnu11 -g3 -DDEBUG -DUSE_HAL_DRIVER -DSTM32F103x6 -c -I../Core/Inc -I../Drivers/STM32F1xx_HAL_Driver/Inc/Legacy -I../Drivers/STM32F1xx_HAL_Driver/Inc -I../Drivers/CMSIS/Device/ST/STM32F1xx/Include -I../Drivers/CMSIS/Include -O0 -ffunction-sections -fdata-sections -Wall -fstack-usage -MMD -MP -MF"Drivers/STM32F1xx_HAL_Driver/Src/stm32f1xx_hal_exti.d" -MT"Drivers/STM32F1xx_HAL_Driver/Src/stm32f1xx_hal_exti.o" --specs=nano.specs -mfloat-abi=soft -mthumb -o "Drivers/STM32F1xx_HAL_Driver/Src/stm32f1xx_hal_exti.o"
arm-none-eabi-gcc "../Drivers/STM32F1xx_HAL_Driver/Src/stm32f1xx_hal_flash.c" -mcpu=cortex-m3 -std=gnu11 -g3 -DDEBUG -DUSE_HAL_DRIVER -DSTM32F103x6 -c -I../Core/Inc -I../Drivers/STM32F1xx_HAL_Driver/Inc/Legacy -I../Drivers/STM32F1xx_HAL_Driver/Inc -I../Drivers/CMSIS/Device/ST/STM32F1xx/Include -I../Drivers/CMSIS/Include -O0 -ffunction-sections -fdata-sections -Wall -fstack-usage -MMD -MP -MF"Drivers/STM32F1xx_HAL_Driver/Src/stm32f1xx_hal_flash.d" -MT"Drivers/STM32F1xx_HAL_Driver/Src/stm32f1xx_hal_flash.o" --specs=nano.specs -mfloat-abi=soft -mthumb -o "Drivers/STM32F1xx_HAL_Driver/Src/stm32f1xx_hal_flash.o"
arm-none-eabi-gcc "../Drivers/STM32F1xx_HAL_Driver/Src/stm32f1xx_hal_flash_ex.c" -mcpu=cortex-m3 -std=gnu11 -g3 -DDEBUG -DUSE_HAL_DRIVER -DSTM32F103x6 -c -I../Core/Inc -I../Drivers/STM32F1xx_HAL_Driver/Inc/Legacy -I../Drivers/STM32F1xx_HAL_Driver/Inc -I../Drivers/CMSIS/Device/ST/STM32F1xx/Include -I../Drivers/CMSIS/Include -O0 -ffunction-sections -fdata-sections -Wall -fstack-usage -MMD -MP -MF"Drivers/STM32F1xx_HAL_Driver/Src/stm32f1xx_hal_flash_ex.d" -MT"Drivers/STM32F1xx_HAL_Driver/Src/stm32f1xx_hal_flash_ex.o" --specs=nano.specs -mfloat-abi=soft -mthumb -o "Drivers/STM32F1xx_HAL_Driver/Src/stm32f1xx_hal_flash_ex.o"
arm-none-eabi-gcc "../Drivers/STM32F1xx_HAL_Driver/Src/stm32f1xx_hal_gpio.c" -mcpu=cortex-m3 -std=gnu11 -g3 -DDEBUG -DUSE_HAL_DRIVER -DSTM32F103x6 -c -I../Core/Inc -I../Drivers/STM32F1xx_HAL_Driver/Inc/Legacy -I../Drivers/STM32F1xx_HAL_Driver/Inc -I../Drivers/CMSIS/Device/ST/STM32F1xx/Include -I../Drivers/CMSIS/Include -O0 -ffunction-sections -fdata-sections -Wall -fstack-usage -MMD -MP -MF"Drivers/STM32F1xx_HAL_Driver/Src/stm32f1xx_hal_gpio.d" -MT"Drivers/STM32F1xx_HAL_Driver/Src/stm32f1xx_hal_gpio.o" --specs=nano.specs -mfloat-abi=soft -mthumb -o "Drivers/STM32F1xx_HAL_Driver/Src/stm32f1xx_hal_gpio.o"
arm-none-eabi-gcc "../Drivers/STM32F1xx_HAL_Driver/Src/stm32f1xx_hal_gpio_ex.c" -mcpu=cortex-m3 -std=gnu11 -g3 -DDEBUG -DUSE_HAL_DRIVER -DSTM32F103x6 -c -I../Core/Inc -I../Drivers/STM32F1xx_HAL_Driver/Inc/Legacy -I../Drivers/STM32F1xx_HAL_Driver/Inc -I../Drivers/CMSIS/Device/ST/STM32F1xx/Include -I../Drivers/CMSIS/Include -O0 -ffunction-sections -fdata-sections -Wall -fstack-usage -MMD -MP -MF"Drivers/STM32F1xx_HAL_Driver/Src/stm32f1xx_hal_gpio_ex.d" -MT"Drivers/STM32F1xx_HAL_Driver/Src/stm32f1xx_hal_gpio_ex.o" --specs=nano.specs -mfloat-abi=soft -mthumb -o "Drivers/STM32F1xx_HAL_Driver/Src/stm32f1xx_hal_gpio_ex.o"
arm-none-eabi-gcc "../Drivers/STM32F1xx_HAL_Driver/Src/stm32f1xx_hal_pwr.c" -mcpu=cortex-m3 -std=gnu11 -g3 -DDEBUG -DUSE_HAL_DRIVER -DSTM32F103x6 -c -I../Core/Inc -I../Drivers/STM32F1xx_HAL_Driver/Inc/Legacy -I../Drivers/STM32F1xx_HAL_Driver/Inc -I../Drivers/CMSIS/Device/ST/STM32F1xx/Include -I../Drivers/CMSIS/Include -O0 -ffunction-sections -fdata-sections -Wall -fstack-usage -MMD -MP -MF"Drivers/STM32F1xx_HAL_Driver/Src/stm32f1xx_hal_pwr.d" -MT"Drivers/STM32F1xx_HAL_Driver/Src/stm32f1xx_hal_pwr.o" --specs=nano.specs -mfloat-abi=soft -mthumb -o "Drivers/STM32F1xx_HAL_Driver/Src/stm32f1xx_hal_pwr.o"
arm-none-eabi-gcc "../Drivers/STM32F1xx_HAL_Driver/Src/stm32f1xx_hal_rcc.c" -mcpu=cortex-m3 -std=gnu11 -g3 -DDEBUG -DUSE_HAL_DRIVER -DSTM32F103x6 -c -I../Core/Inc -I../Drivers/STM32F1xx_HAL_Driver/Inc/Legacy -I../Drivers/STM32F1xx_HAL_Driver/Inc -I../Drivers/CMSIS/Device/ST/STM32F1xx/Include -I../Drivers/CMSIS/Include -O0 -ffunction-sections -fdata-sections -Wall -fstack-usage -MMD -MP -MF"Drivers/STM32F1xx_HAL_Driver/Src/stm32f1xx_hal_rcc.d" -MT"Drivers/STM32F1xx_HAL_Driver/Src/stm32f1xx_hal_rcc.o" --specs=nano.specs -mfloat-abi=soft -mthumb -o "Drivers/STM32F1xx_HAL_Driver/Src/stm32f1xx_hal_rcc.o"
arm-none-eabi-gcc "../Drivers/STM32F1xx_HAL_Driver/Src/stm32f1xx_hal_rcc_ex.c" -mcpu=cortex-m3 -std=gnu11 -g3 -DDEBUG -DUSE_HAL_DRIVER -DSTM32F103x6 -c -I../Core/Inc -I../Drivers/STM32F1xx_HAL_Driver/Inc/Legacy -I../Drivers/STM32F1xx_HAL_Driver/Inc -I../Drivers/CMSIS/Device/ST/STM32F1xx/Include -I../Drivers/CMSIS/Include -O0 -ffunction-sections -fdata-sections -Wall -fstack-usage -MMD -MP -MF"Drivers/STM32F1xx_HAL_Driver/Src/stm32f1xx_hal_rcc_ex.d" -MT"Drivers/STM32F1xx_HAL_Driver/Src/stm32f1xx_hal_rcc_ex.o" --specs=nano.specs -mfloat-abi=soft -mthumb -o "Drivers/STM32F1xx_HAL_Driver/Src/stm32f1xx_hal_rcc_ex.o"
arm-none-eabi-gcc "../Drivers/STM32F1xx_HAL_Driver/Src/stm32f1xx_hal_tim.c" -mcpu=cortex-m3 -std=gnu11 -g3 -DDEBUG -DUSE_HAL_DRIVER -DSTM32F103x6 -c -I../Core/Inc -I../Drivers/STM32F1xx_HAL_Driver/Inc/Legacy -I../Drivers/STM32F1xx_HAL_Driver/Inc -I../Drivers/CMSIS/Device/ST/STM32F1xx/Include -I../Drivers/CMSIS/Include -O0 -ffunction-sections -fdata-sections -Wall -fstack-usage -MMD -MP -MF"Drivers/STM32F1xx_HAL_Driver/Src/stm32f1xx_hal_tim.d" -MT"Drivers/STM32F1xx_HAL_Driver/Src/stm32f1xx_hal_tim.o" --specs=nano.specs -mfloat-abi=soft -mthumb -o "Drivers/STM32F1xx_HAL_Driver/Src/stm32f1xx_hal_tim.o"
arm-none-eabi-gcc "../Drivers/STM32F1xx_HAL_Driver/Src/stm32f1xx_hal_tim_ex.c" -mcpu=cortex-m3 -std=gnu11 -g3 -DDEBUG -DUSE_HAL_DRIVER -DSTM32F103x6 -c -I../Core/Inc -I../Drivers/STM32F1xx_HAL_Driver/Inc/Legacy -I../Drivers/STM32F1xx_HAL_Driver/Inc -I../Drivers/CMSIS/Device/ST/STM32F1xx/Include -I../Drivers/CMSIS/Include -O0 -ffunction-sections -fdata-sections -Wall -fstack-usage -MMD -MP -MF"Drivers/STM32F1xx_HAL_Driver/Src/stm32f1xx_hal_tim_ex.d" -MT"Drivers/STM32F1xx_HAL_Driver/Src/stm32f1xx_hal_tim_ex.o" --specs=nano.specs -mfloat-abi=soft -mthumb -o "Drivers/STM32F1xx_HAL_Driver/Src/stm32f1xx_hal_tim_ex.o"
arm-none-eabi-gcc -mcpu=cortex-m3 -g3 -DDEBUG -c -x assembler-with-cpp -MMD -MP -MF"Core/Startup/startup_stm32f103c6ux.d" -MT"Core/Startup/startup_stm32f103c6ux.o" --specs=nano.specs -mfloat-abi=soft -mthumb -o "Core/Startup/startup_stm32f103c6ux.o" "../Core/Startup/startup_stm32f103c6ux.s"
arm-none-eabi-gcc "../Core/Src/gpio.c" -mcpu=cortex-m3 -std=gnu11 -g3 -DDEBUG -DUSE_HAL_DRIVER -DSTM32F103x6 -c -I../Core/Inc -I../Drivers/STM32F1xx_HAL_Driver/Inc/Legacy -I../Drivers/STM32F1xx_HAL_Driver/Inc -I../Drivers/CMSIS/Device/ST/STM32F1xx/Include -I../Drivers/CMSIS/Include -O0 -ffunction-sections -fdata-sections -Wall -fstack-usage -MMD -MP -MF"Core/Src/gpio.d" -MT"Core/Src/gpio.o" --specs=nano.specs -mfloat-abi=soft -mthumb -o "Core/Src/gpio.o"
arm-none-eabi-gcc "../Core/Src/main.c" -mcpu=cortex-m3 -std=gnu11 -g3 -DDEBUG -DUSE_HAL_DRIVER -DSTM32F103x6 -c -I../Core/Inc -I../Drivers/STM32F1xx_HAL_Driver/Inc/Legacy -I../Drivers/STM32F1xx_HAL_Driver/Inc -I../Drivers/CMSIS/Device/ST/STM32F1xx/Include -I../Drivers/CMSIS/Include -O0 -ffunction-sections -fdata-sections -Wall -fstack-usage -MMD -MP -MF"Core/Src/main.d" -MT"Core/Src/main.o" --specs=nano.specs -mfloat-abi=soft -mthumb -o "Core/Src/main.o"
arm-none-eabi-gcc "../Core/Src/sched.c" -mcpu=cortex-m3 -std=gnu11 -g3 -DDEBUG -DUSE_HAL_DRIVER -DSTM32F103x6 -c -I../Core/Inc -I../Drivers/STM32F1xx_HAL_Driver/Inc/Legacy -I../Drivers/STM32F1xx_HAL_Driver/Inc -I../Drivers/CMSIS/Device/ST/STM32F1xx/Include -I../Drivers/CMSIS/Include -O0 -ffunction-sections -fdata-sections -Wall -fstack-usage -MMD -MP -MF"Core/Src/sched.d" -MT"Core/Src/sched.o" --specs=nano.specs -mfloat-abi=soft -mthumb -o "Core/Src/sched.o"
arm-none-eabi-gcc "../Core/Src/stm32f1xx_hal_msp.c" -mcpu=cortex-m3 -std=gnu11 -g3 -DDEBUG -DUSE_HAL_DRIVER -DSTM32F103x6 -c -I../Core/Inc -I../Drivers/STM32F1xx_HAL_Driver/Inc/Legacy -I../Drivers/STM32F1xx_HAL_Driver/Inc -I../Drivers/CMSIS/Device/ST/STM32F1xx/Include -I../Drivers/CMSIS/Include -O0 -ffunction-sections -fdata-sections -Wall -fstack-usage -MMD -MP -MF"Core/Src/stm32f1xx_hal_msp.d" -MT"Core/Src/stm32f1xx_hal_msp.o" --specs=nano.specs -mfloat-abi=soft -mthumb -o "Core/Src/stm32f1xx_hal_msp.o"
arm-none-eabi-gcc "../Core/Src/stm32f1xx_it.c" -mcpu=cortex-m3 -std=gnu11 -g3 -DDEBUG -DUSE_HAL_DRIVER -DSTM32F103x6 -c -I../Core/Inc -I../Drivers/STM32F1xx_HAL_Driver/Inc/Legacy -I../Drivers/STM32F1xx_HAL_Driver/Inc -I../Drivers/CMSIS/Device/ST/STM32F1xx/Include -I../Drivers/CMSIS/Include -O0 -ffunction-sections -fdata-sections -Wall -fstack-usage -MMD -MP -MF"Core/Src/stm32f1xx_it.d" -MT"Core/Src/stm32f1xx_it.o" --specs=nano.specs -mfloat-abi=soft -mthumb -o "Core/Src/stm32f1xx_it.o"
arm-none-eabi-gcc "../Core/Src/syscalls.c" -mcpu=cortex-m3 -std=gnu11 -g3 -DDEBUG -DUSE_HAL_DRIVER -DSTM32F103x6 -c -I../Core/Inc -I../Drivers/STM32F1xx_HAL_Driver/Inc/Legacy -I../Drivers/STM32F1xx_HAL_Driver/Inc -I../Drivers/CMSIS/Device/ST/STM32F1xx/Include -I../Drivers/CMSIS/Include -O0 -ffunction-sections -fdata-sections -Wall -fstack-usage -MMD -MP -MF"Core/Src/syscalls.d" -MT"Core/Src/syscalls.o" --specs=nano.specs -mfloat-abi=soft -mthumb -o "Core/Src/syscalls.o"
arm-none-eabi-gcc "../Core/Src/sysmem.c" -mcpu=cortex-m3 -std=gnu11 -g3 -DDEBUG -DUSE_HAL_DRIVER -DSTM32F103x6 -c -I../Core/Inc -I../Drivers/STM32F1xx_HAL_Driver/Inc/Legacy -I../Drivers/STM32F1xx_HAL_Driver/Inc -I../Drivers/CMSIS/Device/ST/STM32F1xx/Include -I../Drivers/CMSIS/Include -O0 -ffunction-sections -fdata-sections -Wall -fstack-usage -MMD -MP -MF"Core/Src/sysmem.d" -MT"Core/Src/sysmem.o" --specs=nano.specs -mfloat-abi=soft -mthumb -o "Core/Src/sysmem.o"
arm-none-eabi-gcc "../Core/Src/system_stm32f1xx.c" -mcpu=cortex-m3 -std=gnu11 -g3 -DDEBUG -DUSE_HAL_DRIVER -DSTM32F103x6 -c -I../Core/Inc -I../Drivers/STM32F1xx_HAL_Driver/Inc/Legacy -I../Drivers/STM32F1xx_HAL_Driver/Inc -I../Drivers/CMSIS/Device/ST/STM32F1xx/Include -I../Drivers/CMSIS/Include -O0 -ffunction-sections -fdata-sections -Wall -fstack-usage -MMD -MP -MF"Core/Src/system_stm32f1xx.d" -MT"Core/Src/system_stm32f1xx.o" --specs=nano.specs -mfloat-abi=soft -mthumb -o "Core/Src/system_stm32f1xx.o"
arm-none-eabi-gcc "../Core/Src/tim.c" -mcpu=cortex-m3 -std=gnu11 -g3 -DDEBUG -DUSE_HAL_DRIVER -DSTM32F103x6 -c -I../Core/Inc -I../Drivers/STM32F1xx_HAL_Driver/Inc/Legacy -I../Drivers/STM32F1xx_HAL_Driver/Inc -I../Drivers/CMSIS/Device/ST/STM32F1xx/Include -I../Drivers/CMSIS/Include -O0 -ffunction-sections -fdata-sections -Wall -fstack-usage -MMD -MP -MF"Core/Src/tim.d" -MT"Core/Src/tim.o" --specs=nano.specs -mfloat-abi=soft -mthumb -o "Core/Src/tim.o"
In file included from ../Core/Inc/sched.h:11,
                 from ../Core/Src/sched.c:9:
../Core/Inc/task.h:12:23: error: expected ':', ',', ';', '}' or '__attribute__' before '=' token
   12 |  void (* pTask)(void) = NULL;
      |                       ^
../Core/Inc/task.h:29:2: error: unknown type name 'TaskNode'
   29 |  TaskNode * next = NULL;
      |  ^~~~~~~~
../Core/Inc/task.h:29:18: error: expected ':', ',', ';', '}' or '__attribute__' before '=' token
   29 |  TaskNode * next = NULL;
      |                  ^
In file included from ../Core/Src/sched.c:9:
../Core/Inc/sched.h:14:18: error: expected ':', ',', ';', '}' or '__attribute__' before '=' token
   14 |  TaskNode * head = NULL;
      |                  ^
../Core/Inc/sched.h:22:1: error: unknown type name 'uint8_t'
   22 | uint8_t SCH_Add_Task(void (* pFunction)(void), uint32_t DELAY, uint32_t PERIOD);
      | ^~~~~~~
../Core/Inc/sched.h:22:48: error: unknown type name 'uint32_t'
   22 | uint8_t SCH_Add_Task(void (* pFunction)(void), uint32_t DELAY, uint32_t PERIOD);
      |                                                ^~~~~~~~
../Core/Inc/sched.h:22:64: error: unknown type name 'uint32_t'
   22 | uint8_t SCH_Add_Task(void (* pFunction)(void), uint32_t DELAY, uint32_t PERIOD);
      |                                                                ^~~~~~~~
../Core/Inc/sched.h:23:22: error: unknown type name 'uint8_t'
   23 | void SCH_Delete_Task(uint8_t TASK_ID);
      |                      ^~~~~~~
../Core/Src/sched.c: In function 'SCH_Init':
../Core/Src/sched.c:12:13: error: 'TaskSLL' has no member named 'size'
   12 |  SCH_tasks_G.size = 0;
      |             ^
../Core/Src/sched.c: At top level:
../Core/Src/sched.c:15:1: error: unknown type name 'uint8_t'
   15 | uint8_t SCH_Add_Task(void (* pFunction)(void), uint32_t DELAY, uint32_t PERIOD) {
      | ^~~~~~~
../Core/Src/sched.c:15:48: error: unknown type name 'uint32_t'
   15 | uint8_t SCH_Add_Task(void (* pFunction)(void), uint32_t DELAY, uint32_t PERIOD) {
      |                                                ^~~~~~~~
../Core/Src/sched.c:15:64: error: unknown type name 'uint32_t'
   15 | uint8_t SCH_Add_Task(void (* pFunction)(void), uint32_t DELAY, uint32_t PERIOD) {
      |                                                                ^~~~~~~~
make: *** [Core/Src/subdir.mk:43: Core/Src/sched.o] Error 1
make: *** Waiting for unfinished jobs....
"make -j12 all" terminated with exit code 2. Build might be incomplete.
22:38:43 **** Incremental Build of configuration Debug for project Simple_Scheduler ****
make -j12 all 
arm-none-eabi-gcc "../Core/Src/sched.c" -mcpu=cortex-m3 -std=gnu11 -g3 -DDEBUG -DUSE_HAL_DRIVER -DSTM32F103x6 -c -I../Core/Inc -I../Drivers/STM32F1xx_HAL_Driver/Inc/Legacy -I../Drivers/STM32F1xx_HAL_Driver/Inc -I../Drivers/CMSIS/Device/ST/STM32F1xx/Include -I../Drivers/CMSIS/Include -O0 -ffunction-sections -fdata-sections -Wall -fstack-usage -MMD -MP -MF"Core/Src/sched.d" -MT"Core/Src/sched.o" --specs=nano.specs -mfloat-abi=soft -mthumb -o "Core/Src/sched.o"
In file included from ../Core/Inc/sched.h:11,
                 from ../Core/Src/sched.c:9:
../Core/Inc/task.h:15:2: error: unknown type name 'uint32_t'
   15 |  uint32_t Delay;
      |  ^~~~~~~~
../Core/Inc/task.h:18:2: error: unknown type name 'uint32_t'
   18 |  uint32_t Period;
      |  ^~~~~~~~
../Core/Inc/task.h:21:2: error: unknown type name 'uint8_t'
   21 |  uint8_t RunMe;
      |  ^~~~~~~
../Core/Inc/task.h:23:2: error: unknown type name 'uint32_t'
   23 |  uint32_t Task_ID;
      |  ^~~~~~~~
../Core/Inc/task.h:29:2: error: unknown type name 'TaskNode'
   29 |  TaskNode * next;
      |  ^~~~~~~~
In file included from ../Core/Src/sched.c:9:
../Core/Inc/sched.h:16:2: error: unknown type name 'uint32_t'
   16 |  uint32_t size;
      |  ^~~~~~~~
../Core/Inc/sched.h:22:1: error: unknown type name 'uint8_t'
   22 | uint8_t SCH_Add_Task(void (* pFunction)(void), uint32_t DELAY, uint32_t PERIOD);
      | ^~~~~~~
../Core/Inc/sched.h:22:48: error: unknown type name 'uint32_t'
   22 | uint8_t SCH_Add_Task(void (* pFunction)(void), uint32_t DELAY, uint32_t PERIOD);
      |                                                ^~~~~~~~
../Core/Inc/sched.h:22:64: error: unknown type name 'uint32_t'
   22 | uint8_t SCH_Add_Task(void (* pFunction)(void), uint32_t DELAY, uint32_t PERIOD);
      |                                                                ^~~~~~~~
../Core/Inc/sched.h:23:22: error: unknown type name 'uint8_t'
   23 | void SCH_Delete_Task(uint8_t TASK_ID);
      |                      ^~~~~~~
../Core/Src/sched.c: In function 'SCH_Init':
../Core/Src/sched.c:12:21: error: 'NULL' undeclared (first use in this function)
   12 |  SCH_tasks_G.head = NULL;
      |                     ^~~~
../Core/Src/sched.c:10:1: note: 'NULL' is defined in header '<stddef.h>'; did you forget to '#include <stddef.h>'?
    9 | #include "sched.h"
  +++ |+#include <stddef.h>
   10 | 
../Core/Src/sched.c:12:21: note: each undeclared identifier is reported only once for each function it appears in
   12 |  SCH_tasks_G.head = NULL;
      |                     ^~~~
../Core/Src/sched.c: At top level:
../Core/Src/sched.c:16:1: error: unknown type name 'uint8_t'
   16 | uint8_t SCH_Add_Task(void (* pFunction)(void), uint32_t DELAY, uint32_t PERIOD) {
      | ^~~~~~~
../Core/Src/sched.c:16:48: error: unknown type name 'uint32_t'
   16 | uint8_t SCH_Add_Task(void (* pFunction)(void), uint32_t DELAY, uint32_t PERIOD) {
      |                                                ^~~~~~~~
../Core/Src/sched.c:16:64: error: unknown type name 'uint32_t'
   16 | uint8_t SCH_Add_Task(void (* pFunction)(void), uint32_t DELAY, uint32_t PERIOD) {
      |                                                                ^~~~~~~~
../Core/Src/sched.c:36:22: error: unknown type name 'uint8_t'
   36 | void SCH_Delete_Task(uint8_t TASK_ID) {
      |                      ^~~~~~~
make: *** [Core/Src/subdir.mk:43: Core/Src/sched.o] Error 1
"make -j12 all" terminated with exit code 2. Build might be incomplete.
22:38:48 **** Incremental Build of configuration Debug for project Simple_Scheduler ****
make -j12 all 
arm-none-eabi-gcc "../Core/Src/sched.c" -mcpu=cortex-m3 -std=gnu11 -g3 -DDEBUG -DUSE_HAL_DRIVER -DSTM32F103x6 -c -I../Core/Inc -I../Drivers/STM32F1xx_HAL_Driver/Inc/Legacy -I../Drivers/STM32F1xx_HAL_Driver/Inc -I../Drivers/CMSIS/Device/ST/STM32F1xx/Include -I../Drivers/CMSIS/Include -O0 -ffunction-sections -fdata-sections -Wall -fstack-usage -MMD -MP -MF"Core/Src/sched.d" -MT"Core/Src/sched.o" --specs=nano.specs -mfloat-abi=soft -mthumb -o "Core/Src/sched.o"
In file included from ../Core/Inc/sched.h:11,
                 from ../Core/Src/sched.c:9:
../Core/Inc/task.h:15:2: error: unknown type name 'uint32_t'
   15 |  uint32_t Delay;
      |  ^~~~~~~~
../Core/Inc/task.h:18:2: error: unknown type name 'uint32_t'
   18 |  uint32_t Period;
      |  ^~~~~~~~
../Core/Inc/task.h:21:2: error: unknown type name 'uint8_t'
   21 |  uint8_t RunMe;
      |  ^~~~~~~
../Core/Inc/task.h:23:2: error: unknown type name 'uint32_t'
   23 |  uint32_t Task_ID;
      |  ^~~~~~~~
../Core/Inc/task.h:29:2: error: unknown type name 'TaskNode'
   29 |  TaskNode * next;
      |  ^~~~~~~~
In file included from ../Core/Src/sched.c:9:
../Core/Inc/sched.h:16:2: error: unknown type name 'uint32_t'
   16 |  uint32_t size;
      |  ^~~~~~~~
../Core/Inc/sched.h:22:1: error: unknown type name 'uint8_t'
   22 | uint8_t SCH_Add_Task(void (* pFunction)(void), uint32_t DELAY, uint32_t PERIOD);
      | ^~~~~~~
../Core/Inc/sched.h:22:48: error: unknown type name 'uint32_t'
   22 | uint8_t SCH_Add_Task(void (* pFunction)(void), uint32_t DELAY, uint32_t PERIOD);
      |                                                ^~~~~~~~
../Core/Inc/sched.h:22:64: error: unknown type name 'uint32_t'
   22 | uint8_t SCH_Add_Task(void (* pFunction)(void), uint32_t DELAY, uint32_t PERIOD);
      |                                                                ^~~~~~~~
../Core/Inc/sched.h:23:22: error: unknown type name 'uint8_t'
   23 | void SCH_Delete_Task(uint8_t TASK_ID);
      |                      ^~~~~~~
../Core/Src/sched.c: In function 'SCH_Init':
../Core/Src/sched.c:12:21: error: 'NULL' undeclared (first use in this function)
   12 |  SCH_tasks_G.head = NULL;
      |                     ^~~~
../Core/Src/sched.c:10:1: note: 'NULL' is defined in header '<stddef.h>'; did you forget to '#include <stddef.h>'?
    9 | #include "sched.h"
  +++ |+#include <stddef.h>
   10 | 
../Core/Src/sched.c:12:21: note: each undeclared identifier is reported only once for each function it appears in
   12 |  SCH_tasks_G.head = NULL;
      |                     ^~~~
../Core/Src/sched.c: At top level:
../Core/Src/sched.c:16:1: error: unknown type name 'uint8_t'
   16 | uint8_t SCH_Add_Task(void (* pFunction)(void), uint32_t DELAY, uint32_t PERIOD) {
      | ^~~~~~~
../Core/Src/sched.c:16:48: error: unknown type name 'uint32_t'
   16 | uint8_t SCH_Add_Task(void (* pFunction)(void), uint32_t DELAY, uint32_t PERIOD) {
      |                                                ^~~~~~~~
../Core/Src/sched.c:16:64: error: unknown type name 'uint32_t'
   16 | uint8_t SCH_Add_Task(void (* pFunction)(void), uint32_t DELAY, uint32_t PERIOD) {
      |                                                                ^~~~~~~~
../Core/Src/sched.c:36:22: error: unknown type name 'uint8_t'
   36 | void SCH_Delete_Task(uint8_t TASK_ID) {
      |                      ^~~~~~~
make: *** [Core/Src/subdir.mk:43: Core/Src/sched.o] Error 1
"make -j12 all" terminated with exit code 2. Build might be incomplete.
22:41:59 **** Incremental Build of configuration Debug for project Simple_Scheduler ****
make -j12 all 
arm-none-eabi-gcc "../Core/Src/main.c" -mcpu=cortex-m3 -std=gnu11 -g3 -DDEBUG -DUSE_HAL_DRIVER -DSTM32F103x6 -c -I../Core/Inc -I../Drivers/STM32F1xx_HAL_Driver/Inc/Legacy -I../Drivers/STM32F1xx_HAL_Driver/Inc -I../Drivers/CMSIS/Device/ST/STM32F1xx/Include -I../Drivers/CMSIS/Include -O0 -ffunction-sections -fdata-sections -Wall -fstack-usage -MMD -MP -MF"Core/Src/main.d" -MT"Core/Src/main.o" --specs=nano.specs -mfloat-abi=soft -mthumb -o "Core/Src/main.o"
arm-none-eabi-gcc "../Core/Src/sched.c" -mcpu=cortex-m3 -std=gnu11 -g3 -DDEBUG -DUSE_HAL_DRIVER -DSTM32F103x6 -c -I../Core/Inc -I../Drivers/STM32F1xx_HAL_Driver/Inc/Legacy -I../Drivers/STM32F1xx_HAL_Driver/Inc -I../Drivers/CMSIS/Device/ST/STM32F1xx/Include -I../Drivers/CMSIS/Include -O0 -ffunction-sections -fdata-sections -Wall -fstack-usage -MMD -MP -MF"Core/Src/sched.d" -MT"Core/Src/sched.o" --specs=nano.specs -mfloat-abi=soft -mthumb -o "Core/Src/sched.o"
In file included from ../Core/Inc/sched.h:11,
                 from ../Core/Src/sched.c:9:
../Core/Inc/task.h:15:2: error: unknown type name 'uint32_t'
   15 |  uint32_t Delay;
      |  ^~~~~~~~
../Core/Inc/task.h:18:2: error: unknown type name 'uint32_t'
   18 |  uint32_t Period;
      |  ^~~~~~~~
../Core/Inc/task.h:21:2: error: unknown type name 'uint8_t'
   21 |  uint8_t RunMe;
      |  ^~~~~~~
../Core/Inc/task.h:23:2: error: unknown type name 'uint32_t'
   23 |  uint32_t Task_ID;
      |  ^~~~~~~~
../Core/Inc/task.h:29:2: error: unknown type name 'TaskNode'
   29 |  TaskNode * next;
      |  ^~~~~~~~
In file included from ../Core/Src/sched.c:9:
../Core/Inc/sched.h:16:2: error: unknown type name 'uint32_t'
   16 |  uint32_t size;
      |  ^~~~~~~~
../Core/Inc/sched.h:22:1: error: unknown type name 'uint8_t'
   22 | uint8_t SCH_Add_Task(void (* pFunction)(void), uint32_t DELAY, uint32_t PERIOD);
      | ^~~~~~~
../Core/Inc/sched.h:22:48: error: unknown type name 'uint32_t'
   22 | uint8_t SCH_Add_Task(void (* pFunction)(void), uint32_t DELAY, uint32_t PERIOD);
      |                                                ^~~~~~~~
../Core/Inc/sched.h:22:64: error: unknown type name 'uint32_t'
   22 | uint8_t SCH_Add_Task(void (* pFunction)(void), uint32_t DELAY, uint32_t PERIOD);
      |                                                                ^~~~~~~~
../Core/Inc/sched.h:23:22: error: unknown type name 'uint8_t'
   23 | void SCH_Delete_Task(uint8_t TASK_ID);
      |                      ^~~~~~~
../Core/Src/sched.c: In function 'SCH_Init':
../Core/Src/sched.c:12:21: error: 'NULL' undeclared (first use in this function)
   12 |  SCH_tasks_G.head = NULL;
      |                     ^~~~
../Core/Src/sched.c:10:1: note: 'NULL' is defined in header '<stddef.h>'; did you forget to '#include <stddef.h>'?
    9 | #include "sched.h"
  +++ |+#include <stddef.h>
   10 | 
../Core/Src/sched.c:12:21: note: each undeclared identifier is reported only once for each function it appears in
   12 |  SCH_tasks_G.head = NULL;
      |                     ^~~~
../Core/Src/sched.c: At top level:
../Core/Src/sched.c:16:1: error: unknown type name 'uint8_t'
   16 | uint8_t SCH_Add_Task(void (* pFunction)(void), uint32_t DELAY, uint32_t PERIOD) {
      | ^~~~~~~
../Core/Src/sched.c:16:48: error: unknown type name 'uint32_t'
   16 | uint8_t SCH_Add_Task(void (* pFunction)(void), uint32_t DELAY, uint32_t PERIOD) {
      |                                                ^~~~~~~~
../Core/Src/sched.c:16:64: error: unknown type name 'uint32_t'
   16 | uint8_t SCH_Add_Task(void (* pFunction)(void), uint32_t DELAY, uint32_t PERIOD) {
      |                                                                ^~~~~~~~
../Core/Src/sched.c:36:22: error: unknown type name 'uint8_t'
   36 | void SCH_Delete_Task(uint8_t TASK_ID) {
      |                      ^~~~~~~
make: *** [Core/Src/subdir.mk:43: Core/Src/sched.o] Error 1
make: *** Waiting for unfinished jobs....
In file included from ../Core/Inc/sched.h:11,
                 from ../Core/Src/main.c:26:
../Core/Inc/task.h:29:2: error: unknown type name 'TaskNode'
   29 |  TaskNode * next;
      |  ^~~~~~~~
make: *** [Core/Src/subdir.mk:43: Core/Src/main.o] Error 1
"make -j12 all" terminated with exit code 2. Build might be incomplete.
22:43:36 **** Incremental Build of configuration Debug for project Simple_Scheduler ****
make -j12 all 
arm-none-eabi-gcc "../Core/Src/main.c" -mcpu=cortex-m3 -std=gnu11 -g3 -DDEBUG -DUSE_HAL_DRIVER -DSTM32F103x6 -c -I../Core/Inc -I../Drivers/STM32F1xx_HAL_Driver/Inc/Legacy -I../Drivers/STM32F1xx_HAL_Driver/Inc -I../Drivers/CMSIS/Device/ST/STM32F1xx/Include -I../Drivers/CMSIS/Include -O0 -ffunction-sections -fdata-sections -Wall -fstack-usage -MMD -MP -MF"Core/Src/main.d" -MT"Core/Src/main.o" --specs=nano.specs -mfloat-abi=soft -mthumb -o "Core/Src/main.o"
arm-none-eabi-gcc "../Core/Src/sched.c" -mcpu=cortex-m3 -std=gnu11 -g3 -DDEBUG -DUSE_HAL_DRIVER -DSTM32F103x6 -c -I../Core/Inc -I../Drivers/STM32F1xx_HAL_Driver/Inc/Legacy -I../Drivers/STM32F1xx_HAL_Driver/Inc -I../Drivers/CMSIS/Device/ST/STM32F1xx/Include -I../Drivers/CMSIS/Include -O0 -ffunction-sections -fdata-sections -Wall -fstack-usage -MMD -MP -MF"Core/Src/sched.d" -MT"Core/Src/sched.o" --specs=nano.specs -mfloat-abi=soft -mthumb -o "Core/Src/sched.o"
In file included from ../Core/Inc/sched.h:11,
                 from ../Core/Src/sched.c:9:
../Core/Inc/task.h:15:2: error: unknown type name 'uint32_t'
   15 |  uint32_t Delay;
      |  ^~~~~~~~
../Core/Inc/task.h:18:2: error: unknown type name 'uint32_t'
   18 |  uint32_t Period;
      |  ^~~~~~~~
../Core/Inc/task.h:21:2: error: unknown type name 'uint8_t'
   21 |  uint8_t RunMe;
      |  ^~~~~~~
../Core/Inc/task.h:23:2: error: unknown type name 'uint32_t'
   23 |  uint32_t Task_ID;
      |  ^~~~~~~~
In file included from ../Core/Src/sched.c:9:
../Core/Inc/sched.h:16:2: error: unknown type name 'uint32_t'
   16 |  uint32_t size;
      |  ^~~~~~~~
../Core/Inc/sched.h:22:1: error: unknown type name 'uint8_t'
   22 | uint8_t SCH_Add_Task(void (* pFunction)(void), uint32_t DELAY, uint32_t PERIOD);
      | ^~~~~~~
../Core/Inc/sched.h:22:48: error: unknown type name 'uint32_t'
   22 | uint8_t SCH_Add_Task(void (* pFunction)(void), uint32_t DELAY, uint32_t PERIOD);
      |                                                ^~~~~~~~
../Core/Inc/sched.h:22:64: error: unknown type name 'uint32_t'
   22 | uint8_t SCH_Add_Task(void (* pFunction)(void), uint32_t DELAY, uint32_t PERIOD);
      |                                                                ^~~~~~~~
../Core/Inc/sched.h:23:22: error: unknown type name 'uint8_t'
   23 | void SCH_Delete_Task(uint8_t TASK_ID);
      |                      ^~~~~~~
../Core/Src/sched.c: In function 'SCH_Init':
../Core/Src/sched.c:12:21: error: 'NULL' undeclared (first use in this function)
   12 |  SCH_tasks_G.head = NULL;
      |                     ^~~~
../Core/Src/sched.c:10:1: note: 'NULL' is defined in header '<stddef.h>'; did you forget to '#include <stddef.h>'?
    9 | #include "sched.h"
  +++ |+#include <stddef.h>
   10 | 
../Core/Src/sched.c:12:21: note: each undeclared identifier is reported only once for each function it appears in
   12 |  SCH_tasks_G.head = NULL;
      |                     ^~~~
../Core/Src/sched.c: At top level:
../Core/Src/sched.c:16:1: error: unknown type name 'uint8_t'
   16 | uint8_t SCH_Add_Task(void (* pFunction)(void), uint32_t DELAY, uint32_t PERIOD) {
      | ^~~~~~~
../Core/Src/sched.c:16:48: error: unknown type name 'uint32_t'
   16 | uint8_t SCH_Add_Task(void (* pFunction)(void), uint32_t DELAY, uint32_t PERIOD) {
      |                                                ^~~~~~~~
../Core/Src/sched.c:16:64: error: unknown type name 'uint32_t'
   16 | uint8_t SCH_Add_Task(void (* pFunction)(void), uint32_t DELAY, uint32_t PERIOD) {
      |                                                                ^~~~~~~~
../Core/Src/sched.c:36:22: error: unknown type name 'uint8_t'
   36 | void SCH_Delete_Task(uint8_t TASK_ID) {
      |                      ^~~~~~~
make: *** [Core/Src/subdir.mk:43: Core/Src/sched.o] Error 1
make: *** Waiting for unfinished jobs....
"make -j12 all" terminated with exit code 2. Build might be incomplete.
22:48:33 **** Incremental Build of configuration Debug for project Simple_Scheduler ****
make -j12 all 
arm-none-eabi-gcc "../Core/Src/main.c" -mcpu=cortex-m3 -std=gnu11 -g3 -DDEBUG -DUSE_HAL_DRIVER -DSTM32F103x6 -c -I../Core/Inc -I../Drivers/STM32F1xx_HAL_Driver/Inc/Legacy -I../Drivers/STM32F1xx_HAL_Driver/Inc -I../Drivers/CMSIS/Device/ST/STM32F1xx/Include -I../Drivers/CMSIS/Include -O0 -ffunction-sections -fdata-sections -Wall -fstack-usage -MMD -MP -MF"Core/Src/main.d" -MT"Core/Src/main.o" --specs=nano.specs -mfloat-abi=soft -mthumb -o "Core/Src/main.o"
arm-none-eabi-gcc "../Core/Src/sched.c" -mcpu=cortex-m3 -std=gnu11 -g3 -DDEBUG -DUSE_HAL_DRIVER -DSTM32F103x6 -c -I../Core/Inc -I../Drivers/STM32F1xx_HAL_Driver/Inc/Legacy -I../Drivers/STM32F1xx_HAL_Driver/Inc -I../Drivers/CMSIS/Device/ST/STM32F1xx/Include -I../Drivers/CMSIS/Include -O0 -ffunction-sections -fdata-sections -Wall -fstack-usage -MMD -MP -MF"Core/Src/sched.d" -MT"Core/Src/sched.o" --specs=nano.specs -mfloat-abi=soft -mthumb -o "Core/Src/sched.o"
In file included from ../Core/Inc/sched.h:11,
                 from ../Core/Src/sched.c:9:
../Core/Inc/task.h:15:2: error: unknown type name 'uint32_t'
   15 |  uint32_t Delay;
      |  ^~~~~~~~
../Core/Inc/task.h:18:2: error: unknown type name 'uint32_t'
   18 |  uint32_t Period;
      |  ^~~~~~~~
../Core/Inc/task.h:21:2: error: unknown type name 'uint8_t'
   21 |  uint8_t RunMe;
      |  ^~~~~~~
../Core/Inc/task.h:23:2: error: unknown type name 'uint32_t'
   23 |  uint32_t Task_ID;
      |  ^~~~~~~~
In file included from ../Core/Src/sched.c:9:
../Core/Inc/sched.h:16:2: error: unknown type name 'uint32_t'
   16 |  uint32_t size;
      |  ^~~~~~~~
../Core/Inc/sched.h:22:1: error: unknown type name 'uint8_t'
   22 | uint8_t SCH_Add_Task(void (* pFunction)(void), uint32_t DELAY, uint32_t PERIOD);
      | ^~~~~~~
../Core/Inc/sched.h:22:48: error: unknown type name 'uint32_t'
   22 | uint8_t SCH_Add_Task(void (* pFunction)(void), uint32_t DELAY, uint32_t PERIOD);
      |                                                ^~~~~~~~
../Core/Inc/sched.h:22:64: error: unknown type name 'uint32_t'
   22 | uint8_t SCH_Add_Task(void (* pFunction)(void), uint32_t DELAY, uint32_t PERIOD);
      |                                                                ^~~~~~~~
../Core/Inc/sched.h:23:22: error: unknown type name 'uint8_t'
   23 | void SCH_Delete_Task(uint8_t TASK_ID);
      |                      ^~~~~~~
../Core/Src/sched.c: In function 'SCH_Init':
../Core/Src/sched.c:12:21: error: 'NULL' undeclared (first use in this function)
   12 |  SCH_tasks_G.head = NULL;
      |                     ^~~~
../Core/Src/sched.c:10:1: note: 'NULL' is defined in header '<stddef.h>'; did you forget to '#include <stddef.h>'?
    9 | #include "sched.h"
  +++ |+#include <stddef.h>
   10 | 
../Core/Src/sched.c:12:21: note: each undeclared identifier is reported only once for each function it appears in
   12 |  SCH_tasks_G.head = NULL;
      |                     ^~~~
../Core/Src/sched.c: At top level:
../Core/Src/sched.c:16:1: error: unknown type name 'uint8_t'
   16 | uint8_t SCH_Add_Task(void (* pFunction)(void), uint32_t DELAY, uint32_t PERIOD) {
      | ^~~~~~~
../Core/Src/sched.c:16:48: error: unknown type name 'uint32_t'
   16 | uint8_t SCH_Add_Task(void (* pFunction)(void), uint32_t DELAY, uint32_t PERIOD) {
      |                                                ^~~~~~~~
../Core/Src/sched.c:16:64: error: unknown type name 'uint32_t'
   16 | uint8_t SCH_Add_Task(void (* pFunction)(void), uint32_t DELAY, uint32_t PERIOD) {
      |                                                                ^~~~~~~~
../Core/Src/sched.c:36:22: error: unknown type name 'uint8_t'
   36 | void SCH_Delete_Task(uint8_t TASK_ID) {
      |                      ^~~~~~~
make: *** [Core/Src/subdir.mk:43: Core/Src/sched.o] Error 1
make: *** Waiting for unfinished jobs....
"make -j12 all" terminated with exit code 2. Build might be incomplete.
22:53:54 **** Incremental Build of configuration Debug for project Simple_Scheduler ****
make -j12 all 
arm-none-eabi-gcc "../Core/Src/main.c" -mcpu=cortex-m3 -std=gnu11 -g3 -DDEBUG -DUSE_HAL_DRIVER -DSTM32F103x6 -c -I../Core/Inc -I../Drivers/STM32F1xx_HAL_Driver/Inc/Legacy -I../Drivers/STM32F1xx_HAL_Driver/Inc -I../Drivers/CMSIS/Device/ST/STM32F1xx/Include -I../Drivers/CMSIS/Include -O0 -ffunction-sections -fdata-sections -Wall -fstack-usage -MMD -MP -MF"Core/Src/main.d" -MT"Core/Src/main.o" --specs=nano.specs -mfloat-abi=soft -mthumb -o "Core/Src/main.o"
arm-none-eabi-gcc "../Core/Src/sched.c" -mcpu=cortex-m3 -std=gnu11 -g3 -DDEBUG -DUSE_HAL_DRIVER -DSTM32F103x6 -c -I../Core/Inc -I../Drivers/STM32F1xx_HAL_Driver/Inc/Legacy -I../Drivers/STM32F1xx_HAL_Driver/Inc -I../Drivers/CMSIS/Device/ST/STM32F1xx/Include -I../Drivers/CMSIS/Include -O0 -ffunction-sections -fdata-sections -Wall -fstack-usage -MMD -MP -MF"Core/Src/sched.d" -MT"Core/Src/sched.o" --specs=nano.specs -mfloat-abi=soft -mthumb -o "Core/Src/sched.o"
../Core/Src/sched.c: In function 'SCH_Add_Task':
../Core/Src/sched.c:17:31: warning: implicit declaration of function 'malloc' [-Wimplicit-function-declaration]
   17 |  TaskNode *node = (TaskNode *)malloc(sizeof(TaskNode));
      |                               ^~~~~~
../Core/Src/sched.c:17:31: warning: incompatible implicit declaration of built-in function 'malloc'
../Core/Src/sched.c:10:1: note: include '<stdlib.h>' or provide a declaration of 'malloc'
    9 | #include "sched.h"
  +++ |+#include <stdlib.h>
   10 | 
../Core/Src/sched.c: In function 'SCH_Delete_Task':
../Core/Src/sched.c:43:3: warning: implicit declaration of function 'free' [-Wimplicit-function-declaration]
   43 |   free(cur);
      |   ^~~~
../Core/Src/sched.c:43:3: warning: incompatible implicit declaration of built-in function 'free'
../Core/Src/sched.c:43:3: note: include '<stdlib.h>' or provide a declaration of 'free'
../Core/Src/sched.c:53:3: warning: incompatible implicit declaration of built-in function 'free'
   53 |   free(temp);
      |   ^~~~
../Core/Src/sched.c:53:3: note: include '<stdlib.h>' or provide a declaration of 'free'
../Core/Src/sched.c: In function 'SCH_Add_Task':
../Core/Src/sched.c:34:1: warning: control reaches end of non-void function [-Wreturn-type]
   34 | }
      | ^
arm-none-eabi-gcc -o "Simple_Scheduler.elf" @"objects.list"   -mcpu=cortex-m3 -T"C:\Users\ADMIN\Documents\MCU\Lab4\Simple_Scheduler\STM32F103C6UX_FLASH.ld" --specs=nosys.specs -Wl,-Map="Simple_Scheduler.map" -Wl,--gc-sections -static --specs=nano.specs -mfloat-abi=soft -mthumb -Wl,--start-group -lc -lm -Wl,--end-group
d:\st\stm32cubeide_1.10.1\stm32cubeide\plugins\com.st.stm32cube.ide.mcu.externaltools.gnu-tools-for-stm32.10.3-2021.10.win32_1.0.0.202111181127\tools\arm-none-eabi\bin\ld.exe: ./Core/Src/sched.o:C:/Users/ADMIN/Documents/MCU/Lab4/Simple_Scheduler/Debug/../Core/Inc/sched.h:19: multiple definition of `SCH_tasks_G'; ./Core/Src/main.o:C:/Users/ADMIN/Documents/MCU/Lab4/Simple_Scheduler/Debug/../Core/Inc/sched.h:19: first defined here
collect2.exe: error: ld returned 1 exit status
make: *** [makefile:70: Simple_Scheduler.elf] Error 1
"make -j12 all" terminated with exit code 2. Build might be incomplete.
23:02:40 **** Incremental Build of configuration Debug for project Simple_Scheduler ****
make -j12 all 
arm-none-eabi-gcc "../Core/Src/main.c" -mcpu=cortex-m3 -std=gnu11 -g3 -DDEBUG -DUSE_HAL_DRIVER -DSTM32F103x6 -c -I../Core/Inc -I../Drivers/STM32F1xx_HAL_Driver/Inc/Legacy -I../Drivers/STM32F1xx_HAL_Driver/Inc -I../Drivers/CMSIS/Device/ST/STM32F1xx/Include -I../Drivers/CMSIS/Include -O0 -ffunction-sections -fdata-sections -Wall -fstack-usage -MMD -MP -MF"Core/Src/main.d" -MT"Core/Src/main.o" --specs=nano.specs -mfloat-abi=soft -mthumb -o "Core/Src/main.o"
arm-none-eabi-gcc "../Core/Src/sched.c" -mcpu=cortex-m3 -std=gnu11 -g3 -DDEBUG -DUSE_HAL_DRIVER -DSTM32F103x6 -c -I../Core/Inc -I../Drivers/STM32F1xx_HAL_Driver/Inc/Legacy -I../Drivers/STM32F1xx_HAL_Driver/Inc -I../Drivers/CMSIS/Device/ST/STM32F1xx/Include -I../Drivers/CMSIS/Include -O0 -ffunction-sections -fdata-sections -Wall -fstack-usage -MMD -MP -MF"Core/Src/sched.d" -MT"Core/Src/sched.o" --specs=nano.specs -mfloat-abi=soft -mthumb -o "Core/Src/sched.o"
../Core/Src/sched.c: In function 'SCH_Add_Task':
../Core/Src/sched.c:34:1: warning: control reaches end of non-void function [-Wreturn-type]
   34 | }
      | ^
arm-none-eabi-gcc -o "Simple_Scheduler.elf" @"objects.list"   -mcpu=cortex-m3 -T"C:\Users\ADMIN\Documents\MCU\Lab4\Simple_Scheduler\STM32F103C6UX_FLASH.ld" --specs=nosys.specs -Wl,-Map="Simple_Scheduler.map" -Wl,--gc-sections -static --specs=nano.specs -mfloat-abi=soft -mthumb -Wl,--start-group -lc -lm -Wl,--end-group
d:\st\stm32cubeide_1.10.1\stm32cubeide\plugins\com.st.stm32cube.ide.mcu.externaltools.gnu-tools-for-stm32.10.3-2021.10.win32_1.0.0.202111181127\tools\arm-none-eabi\bin\ld.exe: ./Core/Src/sched.o:C:/Users/ADMIN/Documents/MCU/Lab4/Simple_Scheduler/Debug/../Core/Inc/sched.h:19: multiple definition of `SCH_tasks_G'; ./Core/Src/main.o:C:/Users/ADMIN/Documents/MCU/Lab4/Simple_Scheduler/Debug/../Core/Inc/sched.h:19: first defined here
collect2.exe: error: ld returned 1 exit status
make: *** [makefile:70: Simple_Scheduler.elf] Error 1
"make -j12 all" terminated with exit code 2. Build might be incomplete.
23:04:04 **** Incremental Build of configuration Debug for project Simple_Scheduler ****
make -j12 all 
arm-none-eabi-gcc "../Core/Src/sched.c" -mcpu=cortex-m3 -std=gnu11 -g3 -DDEBUG -DUSE_HAL_DRIVER -DSTM32F103x6 -c -I../Core/Inc -I../Drivers/STM32F1xx_HAL_Driver/Inc/Legacy -I../Drivers/STM32F1xx_HAL_Driver/Inc -I../Drivers/CMSIS/Device/ST/STM32F1xx/Include -I../Drivers/CMSIS/Include -O0 -ffunction-sections -fdata-sections -Wall -fstack-usage -MMD -MP -MF"Core/Src/sched.d" -MT"Core/Src/sched.o" --specs=nano.specs -mfloat-abi=soft -mthumb -o "Core/Src/sched.o"
arm-none-eabi-gcc -o "Simple_Scheduler.elf" @"objects.list"   -mcpu=cortex-m3 -T"C:\Users\ADMIN\Documents\MCU\Lab4\Simple_Scheduler\STM32F103C6UX_FLASH.ld" --specs=nosys.specs -Wl,-Map="Simple_Scheduler.map" -Wl,--gc-sections -static --specs=nano.specs -mfloat-abi=soft -mthumb -Wl,--start-group -lc -lm -Wl,--end-group
d:\st\stm32cubeide_1.10.1\stm32cubeide\plugins\com.st.stm32cube.ide.mcu.externaltools.gnu-tools-for-stm32.10.3-2021.10.win32_1.0.0.202111181127\tools\arm-none-eabi\bin\ld.exe: ./Core/Src/sched.o:C:/Users/ADMIN/Documents/MCU/Lab4/Simple_Scheduler/Debug/../Core/Inc/sched.h:19: multiple definition of `SCH_tasks_G'; ./Core/Src/main.o:C:/Users/ADMIN/Documents/MCU/Lab4/Simple_Scheduler/Debug/../Core/Inc/sched.h:19: first defined here
collect2.exe: error: ld returned 1 exit status
make: *** [makefile:70: Simple_Scheduler.elf] Error 1
"make -j12 all" terminated with exit code 2. Build might be incomplete.
23:05:02 **** Incremental Build of configuration Debug for project Simple_Scheduler ****
make -j12 all 
arm-none-eabi-gcc "../Core/Src/main.c" -mcpu=cortex-m3 -std=gnu11 -g3 -DDEBUG -DUSE_HAL_DRIVER -DSTM32F103x6 -c -I../Core/Inc -I../Drivers/STM32F1xx_HAL_Driver/Inc/Legacy -I../Drivers/STM32F1xx_HAL_Driver/Inc -I../Drivers/CMSIS/Device/ST/STM32F1xx/Include -I../Drivers/CMSIS/Include -O0 -ffunction-sections -fdata-sections -Wall -fstack-usage -MMD -MP -MF"Core/Src/main.d" -MT"Core/Src/main.o" --specs=nano.specs -mfloat-abi=soft -mthumb -o "Core/Src/main.o"
arm-none-eabi-gcc "../Core/Src/sched.c" -mcpu=cortex-m3 -std=gnu11 -g3 -DDEBUG -DUSE_HAL_DRIVER -DSTM32F103x6 -c -I../Core/Inc -I../Drivers/STM32F1xx_HAL_Driver/Inc/Legacy -I../Drivers/STM32F1xx_HAL_Driver/Inc -I../Drivers/CMSIS/Device/ST/STM32F1xx/Include -I../Drivers/CMSIS/Include -O0 -ffunction-sections -fdata-sections -Wall -fstack-usage -MMD -MP -MF"Core/Src/sched.d" -MT"Core/Src/sched.o" --specs=nano.specs -mfloat-abi=soft -mthumb -o "Core/Src/sched.o"
arm-none-eabi-gcc -o "Simple_Scheduler.elf" @"objects.list"   -mcpu=cortex-m3 -T"C:\Users\ADMIN\Documents\MCU\Lab4\Simple_Scheduler\STM32F103C6UX_FLASH.ld" --specs=nosys.specs -Wl,-Map="Simple_Scheduler.map" -Wl,--gc-sections -static --specs=nano.specs -mfloat-abi=soft -mthumb -Wl,--start-group -lc -lm -Wl,--end-group
Finished building target: Simple_Scheduler.elf
 
arm-none-eabi-size   Simple_Scheduler.elf 
arm-none-eabi-objdump -h -S  Simple_Scheduler.elf  > "Simple_Scheduler.list"
arm-none-eabi-objcopy  -O ihex  Simple_Scheduler.elf  "Simple_Scheduler.hex"
arm-none-eabi-objcopy  -O binary  Simple_Scheduler.elf  "Simple_Scheduler.bin"
   text	   data	    bss	    dec	    hex	filename
   6640	     20	   1644	   8304	   2070	Simple_Scheduler.elf
Finished building: default.size.stdout
 
Finished building: Simple_Scheduler.list
 
Finished building: Simple_Scheduler.hex
Finished building: Simple_Scheduler.bin
 
 
23:05:30 **** Incremental Build of configuration Debug for project Simple_Scheduler ****
make -j12 all 
arm-none-eabi-gcc "../Core/Src/main.c" -mcpu=cortex-m3 -std=gnu11 -g3 -DDEBUG -DUSE_HAL_DRIVER -DSTM32F103x6 -c -I../Core/Inc -I../Drivers/STM32F1xx_HAL_Driver/Inc/Legacy -I../Drivers/STM32F1xx_HAL_Driver/Inc -I../Drivers/CMSIS/Device/ST/STM32F1xx/Include -I../Drivers/CMSIS/Include -O0 -ffunction-sections -fdata-sections -Wall -fstack-usage -MMD -MP -MF"Core/Src/main.d" -MT"Core/Src/main.o" --specs=nano.specs -mfloat-abi=soft -mthumb -o "Core/Src/main.o"
arm-none-eabi-gcc "../Core/Src/sched.c" -mcpu=cortex-m3 -std=gnu11 -g3 -DDEBUG -DUSE_HAL_DRIVER -DSTM32F103x6 -c -I../Core/Inc -I../Drivers/STM32F1xx_HAL_Driver/Inc/Legacy -I../Drivers/STM32F1xx_HAL_Driver/Inc -I../Drivers/CMSIS/Device/ST/STM32F1xx/Include -I../Drivers/CMSIS/Include -O0 -ffunction-sections -fdata-sections -Wall -fstack-usage -MMD -MP -MF"Core/Src/sched.d" -MT"Core/Src/sched.o" --specs=nano.specs -mfloat-abi=soft -mthumb -o "Core/Src/sched.o"
In file included from ../Core/Inc/sched.h:11,
                 from ../Core/Src/sched.c:9:
../Core/Inc/task.h:17:2: error: unknown type name 'uint32_t'
   17 |  uint32_t Delay;
      |  ^~~~~~~~
../Core/Inc/task.h:20:2: error: unknown type name 'uint32_t'
   20 |  uint32_t Period;
      |  ^~~~~~~~
../Core/Inc/task.h:23:2: error: unknown type name 'uint8_t'
   23 |  uint8_t RunMe;
      |  ^~~~~~~
../Core/Inc/task.h:25:2: error: unknown type name 'uint32_t'
   25 |  uint32_t Task_ID;
      |  ^~~~~~~~
In file included from ../Core/Src/sched.c:9:
../Core/Inc/sched.h:16:2: error: unknown type name 'uint32_t'
   16 |  uint32_t size;
      |  ^~~~~~~~
../Core/Inc/sched.h:22:1: error: unknown type name 'uint8_t'; did you mean 'wint_t'?
   22 | uint8_t SCH_Add_Task(void (* pFunction)(void), uint32_t DELAY, uint32_t PERIOD);
      | ^~~~~~~
      | wint_t
../Core/Inc/sched.h:22:48: error: unknown type name 'uint32_t'; did you mean 'wint_t'?
   22 | uint8_t SCH_Add_Task(void (* pFunction)(void), uint32_t DELAY, uint32_t PERIOD);
      |                                                ^~~~~~~~
      |                                                wint_t
../Core/Inc/sched.h:22:64: error: unknown type name 'uint32_t'; did you mean 'wint_t'?
   22 | uint8_t SCH_Add_Task(void (* pFunction)(void), uint32_t DELAY, uint32_t PERIOD);
      |                                                                ^~~~~~~~
      |                                                                wint_t
../Core/Inc/sched.h:23:22: error: unknown type name 'uint8_t'; did you mean 'wint_t'?
   23 | void SCH_Delete_Task(uint8_t TASK_ID);
      |                      ^~~~~~~
      |                      wint_t
../Core/Src/sched.c:16:1: error: unknown type name 'uint8_t'; did you mean 'wint_t'?
   16 | uint8_t SCH_Add_Task(void (* pFunction)(void), uint32_t DELAY, uint32_t PERIOD) {
      | ^~~~~~~
      | wint_t
../Core/Src/sched.c:16:48: error: unknown type name 'uint32_t'; did you mean 'wint_t'?
   16 | uint8_t SCH_Add_Task(void (* pFunction)(void), uint32_t DELAY, uint32_t PERIOD) {
      |                                                ^~~~~~~~
      |                                                wint_t
../Core/Src/sched.c:16:64: error: unknown type name 'uint32_t'; did you mean 'wint_t'?
   16 | uint8_t SCH_Add_Task(void (* pFunction)(void), uint32_t DELAY, uint32_t PERIOD) {
      |                                                                ^~~~~~~~
      |                                                                wint_t
../Core/Src/sched.c:37:22: error: unknown type name 'uint8_t'; did you mean 'wint_t'?
   37 | void SCH_Delete_Task(uint8_t TASK_ID) {
      |                      ^~~~~~~
      |                      wint_t
make: *** [Core/Src/subdir.mk:43: Core/Src/sched.o] Error 1
make: *** Waiting for unfinished jobs....
"make -j12 all" terminated with exit code 2. Build might be incomplete.
23:05:35 **** Incremental Build of configuration Debug for project Simple_Scheduler ****
make -j12 all 
arm-none-eabi-gcc "../Core/Src/main.c" -mcpu=cortex-m3 -std=gnu11 -g3 -DDEBUG -DUSE_HAL_DRIVER -DSTM32F103x6 -c -I../Core/Inc -I../Drivers/STM32F1xx_HAL_Driver/Inc/Legacy -I../Drivers/STM32F1xx_HAL_Driver/Inc -I../Drivers/CMSIS/Device/ST/STM32F1xx/Include -I../Drivers/CMSIS/Include -O0 -ffunction-sections -fdata-sections -Wall -fstack-usage -MMD -MP -MF"Core/Src/main.d" -MT"Core/Src/main.o" --specs=nano.specs -mfloat-abi=soft -mthumb -o "Core/Src/main.o"
arm-none-eabi-gcc "../Core/Src/sched.c" -mcpu=cortex-m3 -std=gnu11 -g3 -DDEBUG -DUSE_HAL_DRIVER -DSTM32F103x6 -c -I../Core/Inc -I../Drivers/STM32F1xx_HAL_Driver/Inc/Legacy -I../Drivers/STM32F1xx_HAL_Driver/Inc -I../Drivers/CMSIS/Device/ST/STM32F1xx/Include -I../Drivers/CMSIS/Include -O0 -ffunction-sections -fdata-sections -Wall -fstack-usage -MMD -MP -MF"Core/Src/sched.d" -MT"Core/Src/sched.o" --specs=nano.specs -mfloat-abi=soft -mthumb -o "Core/Src/sched.o"
arm-none-eabi-gcc -o "Simple_Scheduler.elf" @"objects.list"   -mcpu=cortex-m3 -T"C:\Users\ADMIN\Documents\MCU\Lab4\Simple_Scheduler\STM32F103C6UX_FLASH.ld" --specs=nosys.specs -Wl,-Map="Simple_Scheduler.map" -Wl,--gc-sections -static --specs=nano.specs -mfloat-abi=soft -mthumb -Wl,--start-group -lc -lm -Wl,--end-group
Finished building target: Simple_Scheduler.elf
 
arm-none-eabi-size   Simple_Scheduler.elf 
arm-none-eabi-objdump -h -S  Simple_Scheduler.elf  > "Simple_Scheduler.list"
arm-none-eabi-objcopy  -O ihex  Simple_Scheduler.elf  "Simple_Scheduler.hex"
arm-none-eabi-objcopy  -O binary  Simple_Scheduler.elf  "Simple_Scheduler.bin"
   text	   data	    bss	    dec	    hex	filename
   6640	     20	   1644	   8304	   2070	Simple_Scheduler.elf
Finished building: default.size.stdout
 
Finished building: Simple_Scheduler.hex
Finished building: Simple_Scheduler.bin
 
Finished building: Simple_Scheduler.list
 
 
23:06:10 **** Incremental Build of configuration Debug for project Simple_Scheduler ****
make -j12 all 
arm-none-eabi-gcc "../Core/Src/main.c" -mcpu=cortex-m3 -std=gnu11 -g3 -DDEBUG -DUSE_HAL_DRIVER -DSTM32F103x6 -c -I../Core/Inc -I../Drivers/STM32F1xx_HAL_Driver/Inc/Legacy -I../Drivers/STM32F1xx_HAL_Driver/Inc -I../Drivers/CMSIS/Device/ST/STM32F1xx/Include -I../Drivers/CMSIS/Include -O0 -ffunction-sections -fdata-sections -Wall -fstack-usage -MMD -MP -MF"Core/Src/main.d" -MT"Core/Src/main.o" --specs=nano.specs -mfloat-abi=soft -mthumb -o "Core/Src/main.o"
arm-none-eabi-gcc "../Core/Src/sched.c" -mcpu=cortex-m3 -std=gnu11 -g3 -DDEBUG -DUSE_HAL_DRIVER -DSTM32F103x6 -c -I../Core/Inc -I../Drivers/STM32F1xx_HAL_Driver/Inc/Legacy -I../Drivers/STM32F1xx_HAL_Driver/Inc -I../Drivers/CMSIS/Device/ST/STM32F1xx/Include -I../Drivers/CMSIS/Include -O0 -ffunction-sections -fdata-sections -Wall -fstack-usage -MMD -MP -MF"Core/Src/sched.d" -MT"Core/Src/sched.o" --specs=nano.specs -mfloat-abi=soft -mthumb -o "Core/Src/sched.o"
arm-none-eabi-gcc -o "Simple_Scheduler.elf" @"objects.list"   -mcpu=cortex-m3 -T"C:\Users\ADMIN\Documents\MCU\Lab4\Simple_Scheduler\STM32F103C6UX_FLASH.ld" --specs=nosys.specs -Wl,-Map="Simple_Scheduler.map" -Wl,--gc-sections -static --specs=nano.specs -mfloat-abi=soft -mthumb -Wl,--start-group -lc -lm -Wl,--end-group
Finished building target: Simple_Scheduler.elf
 
arm-none-eabi-size   Simple_Scheduler.elf 
arm-none-eabi-objdump -h -S  Simple_Scheduler.elf  > "Simple_Scheduler.list"
arm-none-eabi-objcopy  -O ihex  Simple_Scheduler.elf  "Simple_Scheduler.hex"
arm-none-eabi-objcopy  -O binary  Simple_Scheduler.elf  "Simple_Scheduler.bin"
   text	   data	    bss	    dec	    hex	filename
   6640	     20	   1644	   8304	   2070	Simple_Scheduler.elf
Finished building: default.size.stdout
 
Finished building: Simple_Scheduler.hex
Finished building: Simple_Scheduler.bin
 
Finished building: Simple_Scheduler.list
 
 
00:26:16 **** Incremental Build of configuration Debug for project Simple_Scheduler ****
make -j12 all 
arm-none-eabi-gcc "../Core/Src/main.c" -mcpu=cortex-m3 -std=gnu11 -g3 -DDEBUG -DUSE_HAL_DRIVER -DSTM32F103x6 -c -I../Core/Inc -I../Drivers/STM32F1xx_HAL_Driver/Inc/Legacy -I../Drivers/STM32F1xx_HAL_Driver/Inc -I../Drivers/CMSIS/Device/ST/STM32F1xx/Include -I../Drivers/CMSIS/Include -O0 -ffunction-sections -fdata-sections -Wall -fstack-usage -MMD -MP -MF"Core/Src/main.d" -MT"Core/Src/main.o" --specs=nano.specs -mfloat-abi=soft -mthumb -o "Core/Src/main.o"
arm-none-eabi-gcc "../Core/Src/sched.c" -mcpu=cortex-m3 -std=gnu11 -g3 -DDEBUG -DUSE_HAL_DRIVER -DSTM32F103x6 -c -I../Core/Inc -I../Drivers/STM32F1xx_HAL_Driver/Inc/Legacy -I../Drivers/STM32F1xx_HAL_Driver/Inc -I../Drivers/CMSIS/Device/ST/STM32F1xx/Include -I../Drivers/CMSIS/Include -O0 -ffunction-sections -fdata-sections -Wall -fstack-usage -MMD -MP -MF"Core/Src/sched.d" -MT"Core/Src/sched.o" --specs=nano.specs -mfloat-abi=soft -mthumb -o "Core/Src/sched.o"
../Core/Src/sched.c: In function 'SCH_Dispatch_Tasks':
../Core/Src/sched.c:68:15: error: void value not ignored as it ought to be
   68 |    *(cur->task.pTask)();
      |     ~~~~~~~~~~^~~~~~~~~
make: *** [Core/Src/subdir.mk:43: Core/Src/sched.o] Error 1
make: *** Waiting for unfinished jobs....
"make -j12 all" terminated with exit code 2. Build might be incomplete.
00:27:11 **** Incremental Build of configuration Debug for project Simple_Scheduler ****
make -j12 all 
arm-none-eabi-gcc "../Core/Src/sched.c" -mcpu=cortex-m3 -std=gnu11 -g3 -DDEBUG -DUSE_HAL_DRIVER -DSTM32F103x6 -c -I../Core/Inc -I../Drivers/STM32F1xx_HAL_Driver/Inc/Legacy -I../Drivers/STM32F1xx_HAL_Driver/Inc -I../Drivers/CMSIS/Device/ST/STM32F1xx/Include -I../Drivers/CMSIS/Include -O0 -ffunction-sections -fdata-sections -Wall -fstack-usage -MMD -MP -MF"Core/Src/sched.d" -MT"Core/Src/sched.o" --specs=nano.specs -mfloat-abi=soft -mthumb -o "Core/Src/sched.o"
arm-none-eabi-gcc -o "Simple_Scheduler.elf" @"objects.list"   -mcpu=cortex-m3 -T"C:\Users\ADMIN\Documents\MCU\Lab4\Simple_Scheduler\STM32F103C6UX_FLASH.ld" --specs=nosys.specs -Wl,-Map="Simple_Scheduler.map" -Wl,--gc-sections -static --specs=nano.specs -mfloat-abi=soft -mthumb -Wl,--start-group -lc -lm -Wl,--end-group
Finished building target: Simple_Scheduler.elf
 
arm-none-eabi-size   Simple_Scheduler.elf 
arm-none-eabi-objdump -h -S  Simple_Scheduler.elf  > "Simple_Scheduler.list"
arm-none-eabi-objcopy  -O ihex  Simple_Scheduler.elf  "Simple_Scheduler.hex"
arm-none-eabi-objcopy  -O binary  Simple_Scheduler.elf  "Simple_Scheduler.bin"
   text	   data	    bss	    dec	    hex	filename
   6640	     20	   1644	   8304	   2070	Simple_Scheduler.elf
Finished building: default.size.stdout
 
Finished building: Simple_Scheduler.bin
Finished building: Simple_Scheduler.hex
 
Finished building: Simple_Scheduler.list
 
 
00:29:19 **** Incremental Build of configuration Debug for project Simple_Scheduler ****
make -j12 all 
arm-none-eabi-gcc "../Core/Src/main.c" -mcpu=cortex-m3 -std=gnu11 -g3 -DDEBUG -DUSE_HAL_DRIVER -DSTM32F103x6 -c -I../Core/Inc -I../Drivers/STM32F1xx_HAL_Driver/Inc/Legacy -I../Drivers/STM32F1xx_HAL_Driver/Inc -I../Drivers/CMSIS/Device/ST/STM32F1xx/Include -I../Drivers/CMSIS/Include -O0 -ffunction-sections -fdata-sections -Wall -fstack-usage -MMD -MP -MF"Core/Src/main.d" -MT"Core/Src/main.o" --specs=nano.specs -mfloat-abi=soft -mthumb -o "Core/Src/main.o"
arm-none-eabi-gcc -o "Simple_Scheduler.elf" @"objects.list"   -mcpu=cortex-m3 -T"C:\Users\ADMIN\Documents\MCU\Lab4\Simple_Scheduler\STM32F103C6UX_FLASH.ld" --specs=nosys.specs -Wl,-Map="Simple_Scheduler.map" -Wl,--gc-sections -static --specs=nano.specs -mfloat-abi=soft -mthumb -Wl,--start-group -lc -lm -Wl,--end-group
Finished building target: Simple_Scheduler.elf
 
arm-none-eabi-size   Simple_Scheduler.elf 
arm-none-eabi-objdump -h -S  Simple_Scheduler.elf  > "Simple_Scheduler.list"
arm-none-eabi-objcopy  -O ihex  Simple_Scheduler.elf  "Simple_Scheduler.hex"
arm-none-eabi-objcopy  -O binary  Simple_Scheduler.elf  "Simple_Scheduler.bin"
   text	   data	    bss	    dec	    hex	filename
   6640	     20	   1644	   8304	   2070	Simple_Scheduler.elf
Finished building: default.size.stdout
 
Finished building: Simple_Scheduler.hex
Finished building: Simple_Scheduler.bin
 
Finished building: Simple_Scheduler.list
 
 
00:47:15 **** Incremental Build of configuration Debug for project Simple_Scheduler ****
make -j12 all 
arm-none-eabi-gcc "../Drivers/STM32F1xx_HAL_Driver/Src/stm32f1xx_hal.c" -mcpu=cortex-m3 -std=gnu11 -g3 -DDEBUG -DUSE_HAL_DRIVER -DSTM32F103x6 -c -I../Core/Inc -I../Drivers/STM32F1xx_HAL_Driver/Inc/Legacy -I../Drivers/STM32F1xx_HAL_Driver/Inc -I../Drivers/CMSIS/Device/ST/STM32F1xx/Include -I../Drivers/CMSIS/Include -O0 -ffunction-sections -fdata-sections -Wall -fstack-usage -MMD -MP -MF"Drivers/STM32F1xx_HAL_Driver/Src/stm32f1xx_hal.d" -MT"Drivers/STM32F1xx_HAL_Driver/Src/stm32f1xx_hal.o" --specs=nano.specs -mfloat-abi=soft -mthumb -o "Drivers/STM32F1xx_HAL_Driver/Src/stm32f1xx_hal.o"
arm-none-eabi-gcc "../Drivers/STM32F1xx_HAL_Driver/Src/stm32f1xx_hal_cortex.c" -mcpu=cortex-m3 -std=gnu11 -g3 -DDEBUG -DUSE_HAL_DRIVER -DSTM32F103x6 -c -I../Core/Inc -I../Drivers/STM32F1xx_HAL_Driver/Inc/Legacy -I../Drivers/STM32F1xx_HAL_Driver/Inc -I../Drivers/CMSIS/Device/ST/STM32F1xx/Include -I../Drivers/CMSIS/Include -O0 -ffunction-sections -fdata-sections -Wall -fstack-usage -MMD -MP -MF"Drivers/STM32F1xx_HAL_Driver/Src/stm32f1xx_hal_cortex.d" -MT"Drivers/STM32F1xx_HAL_Driver/Src/stm32f1xx_hal_cortex.o" --specs=nano.specs -mfloat-abi=soft -mthumb -o "Drivers/STM32F1xx_HAL_Driver/Src/stm32f1xx_hal_cortex.o"
arm-none-eabi-gcc "../Drivers/STM32F1xx_HAL_Driver/Src/stm32f1xx_hal_dma.c" -mcpu=cortex-m3 -std=gnu11 -g3 -DDEBUG -DUSE_HAL_DRIVER -DSTM32F103x6 -c -I../Core/Inc -I../Drivers/STM32F1xx_HAL_Driver/Inc/Legacy -I../Drivers/STM32F1xx_HAL_Driver/Inc -I../Drivers/CMSIS/Device/ST/STM32F1xx/Include -I../Drivers/CMSIS/Include -O0 -ffunction-sections -fdata-sections -Wall -fstack-usage -MMD -MP -MF"Drivers/STM32F1xx_HAL_Driver/Src/stm32f1xx_hal_dma.d" -MT"Drivers/STM32F1xx_HAL_Driver/Src/stm32f1xx_hal_dma.o" --specs=nano.specs -mfloat-abi=soft -mthumb -o "Drivers/STM32F1xx_HAL_Driver/Src/stm32f1xx_hal_dma.o"
arm-none-eabi-gcc "../Drivers/STM32F1xx_HAL_Driver/Src/stm32f1xx_hal_exti.c" -mcpu=cortex-m3 -std=gnu11 -g3 -DDEBUG -DUSE_HAL_DRIVER -DSTM32F103x6 -c -I../Core/Inc -I../Drivers/STM32F1xx_HAL_Driver/Inc/Legacy -I../Drivers/STM32F1xx_HAL_Driver/Inc -I../Drivers/CMSIS/Device/ST/STM32F1xx/Include -I../Drivers/CMSIS/Include -O0 -ffunction-sections -fdata-sections -Wall -fstack-usage -MMD -MP -MF"Drivers/STM32F1xx_HAL_Driver/Src/stm32f1xx_hal_exti.d" -MT"Drivers/STM32F1xx_HAL_Driver/Src/stm32f1xx_hal_exti.o" --specs=nano.specs -mfloat-abi=soft -mthumb -o "Drivers/STM32F1xx_HAL_Driver/Src/stm32f1xx_hal_exti.o"
arm-none-eabi-gcc "../Drivers/STM32F1xx_HAL_Driver/Src/stm32f1xx_hal_flash.c" -mcpu=cortex-m3 -std=gnu11 -g3 -DDEBUG -DUSE_HAL_DRIVER -DSTM32F103x6 -c -I../Core/Inc -I../Drivers/STM32F1xx_HAL_Driver/Inc/Legacy -I../Drivers/STM32F1xx_HAL_Driver/Inc -I../Drivers/CMSIS/Device/ST/STM32F1xx/Include -I../Drivers/CMSIS/Include -O0 -ffunction-sections -fdata-sections -Wall -fstack-usage -MMD -MP -MF"Drivers/STM32F1xx_HAL_Driver/Src/stm32f1xx_hal_flash.d" -MT"Drivers/STM32F1xx_HAL_Driver/Src/stm32f1xx_hal_flash.o" --specs=nano.specs -mfloat-abi=soft -mthumb -o "Drivers/STM32F1xx_HAL_Driver/Src/stm32f1xx_hal_flash.o"
arm-none-eabi-gcc "../Drivers/STM32F1xx_HAL_Driver/Src/stm32f1xx_hal_flash_ex.c" -mcpu=cortex-m3 -std=gnu11 -g3 -DDEBUG -DUSE_HAL_DRIVER -DSTM32F103x6 -c -I../Core/Inc -I../Drivers/STM32F1xx_HAL_Driver/Inc/Legacy -I../Drivers/STM32F1xx_HAL_Driver/Inc -I../Drivers/CMSIS/Device/ST/STM32F1xx/Include -I../Drivers/CMSIS/Include -O0 -ffunction-sections -fdata-sections -Wall -fstack-usage -MMD -MP -MF"Drivers/STM32F1xx_HAL_Driver/Src/stm32f1xx_hal_flash_ex.d" -MT"Drivers/STM32F1xx_HAL_Driver/Src/stm32f1xx_hal_flash_ex.o" --specs=nano.specs -mfloat-abi=soft -mthumb -o "Drivers/STM32F1xx_HAL_Driver/Src/stm32f1xx_hal_flash_ex.o"
arm-none-eabi-gcc "../Drivers/STM32F1xx_HAL_Driver/Src/stm32f1xx_hal_gpio.c" -mcpu=cortex-m3 -std=gnu11 -g3 -DDEBUG -DUSE_HAL_DRIVER -DSTM32F103x6 -c -I../Core/Inc -I../Drivers/STM32F1xx_HAL_Driver/Inc/Legacy -I../Drivers/STM32F1xx_HAL_Driver/Inc -I../Drivers/CMSIS/Device/ST/STM32F1xx/Include -I../Drivers/CMSIS/Include -O0 -ffunction-sections -fdata-sections -Wall -fstack-usage -MMD -MP -MF"Drivers/STM32F1xx_HAL_Driver/Src/stm32f1xx_hal_gpio.d" -MT"Drivers/STM32F1xx_HAL_Driver/Src/stm32f1xx_hal_gpio.o" --specs=nano.specs -mfloat-abi=soft -mthumb -o "Drivers/STM32F1xx_HAL_Driver/Src/stm32f1xx_hal_gpio.o"
arm-none-eabi-gcc "../Drivers/STM32F1xx_HAL_Driver/Src/stm32f1xx_hal_gpio_ex.c" -mcpu=cortex-m3 -std=gnu11 -g3 -DDEBUG -DUSE_HAL_DRIVER -DSTM32F103x6 -c -I../Core/Inc -I../Drivers/STM32F1xx_HAL_Driver/Inc/Legacy -I../Drivers/STM32F1xx_HAL_Driver/Inc -I../Drivers/CMSIS/Device/ST/STM32F1xx/Include -I../Drivers/CMSIS/Include -O0 -ffunction-sections -fdata-sections -Wall -fstack-usage -MMD -MP -MF"Drivers/STM32F1xx_HAL_Driver/Src/stm32f1xx_hal_gpio_ex.d" -MT"Drivers/STM32F1xx_HAL_Driver/Src/stm32f1xx_hal_gpio_ex.o" --specs=nano.specs -mfloat-abi=soft -mthumb -o "Drivers/STM32F1xx_HAL_Driver/Src/stm32f1xx_hal_gpio_ex.o"
arm-none-eabi-gcc "../Drivers/STM32F1xx_HAL_Driver/Src/stm32f1xx_hal_pwr.c" -mcpu=cortex-m3 -std=gnu11 -g3 -DDEBUG -DUSE_HAL_DRIVER -DSTM32F103x6 -c -I../Core/Inc -I../Drivers/STM32F1xx_HAL_Driver/Inc/Legacy -I../Drivers/STM32F1xx_HAL_Driver/Inc -I../Drivers/CMSIS/Device/ST/STM32F1xx/Include -I../Drivers/CMSIS/Include -O0 -ffunction-sections -fdata-sections -Wall -fstack-usage -MMD -MP -MF"Drivers/STM32F1xx_HAL_Driver/Src/stm32f1xx_hal_pwr.d" -MT"Drivers/STM32F1xx_HAL_Driver/Src/stm32f1xx_hal_pwr.o" --specs=nano.specs -mfloat-abi=soft -mthumb -o "Drivers/STM32F1xx_HAL_Driver/Src/stm32f1xx_hal_pwr.o"
arm-none-eabi-gcc "../Drivers/STM32F1xx_HAL_Driver/Src/stm32f1xx_hal_rcc.c" -mcpu=cortex-m3 -std=gnu11 -g3 -DDEBUG -DUSE_HAL_DRIVER -DSTM32F103x6 -c -I../Core/Inc -I../Drivers/STM32F1xx_HAL_Driver/Inc/Legacy -I../Drivers/STM32F1xx_HAL_Driver/Inc -I../Drivers/CMSIS/Device/ST/STM32F1xx/Include -I../Drivers/CMSIS/Include -O0 -ffunction-sections -fdata-sections -Wall -fstack-usage -MMD -MP -MF"Drivers/STM32F1xx_HAL_Driver/Src/stm32f1xx_hal_rcc.d" -MT"Drivers/STM32F1xx_HAL_Driver/Src/stm32f1xx_hal_rcc.o" --specs=nano.specs -mfloat-abi=soft -mthumb -o "Drivers/STM32F1xx_HAL_Driver/Src/stm32f1xx_hal_rcc.o"
arm-none-eabi-gcc "../Drivers/STM32F1xx_HAL_Driver/Src/stm32f1xx_hal_rcc_ex.c" -mcpu=cortex-m3 -std=gnu11 -g3 -DDEBUG -DUSE_HAL_DRIVER -DSTM32F103x6 -c -I../Core/Inc -I../Drivers/STM32F1xx_HAL_Driver/Inc/Legacy -I../Drivers/STM32F1xx_HAL_Driver/Inc -I../Drivers/CMSIS/Device/ST/STM32F1xx/Include -I../Drivers/CMSIS/Include -O0 -ffunction-sections -fdata-sections -Wall -fstack-usage -MMD -MP -MF"Drivers/STM32F1xx_HAL_Driver/Src/stm32f1xx_hal_rcc_ex.d" -MT"Drivers/STM32F1xx_HAL_Driver/Src/stm32f1xx_hal_rcc_ex.o" --specs=nano.specs -mfloat-abi=soft -mthumb -o "Drivers/STM32F1xx_HAL_Driver/Src/stm32f1xx_hal_rcc_ex.o"
arm-none-eabi-gcc "../Drivers/STM32F1xx_HAL_Driver/Src/stm32f1xx_hal_tim.c" -mcpu=cortex-m3 -std=gnu11 -g3 -DDEBUG -DUSE_HAL_DRIVER -DSTM32F103x6 -c -I../Core/Inc -I../Drivers/STM32F1xx_HAL_Driver/Inc/Legacy -I../Drivers/STM32F1xx_HAL_Driver/Inc -I../Drivers/CMSIS/Device/ST/STM32F1xx/Include -I../Drivers/CMSIS/Include -O0 -ffunction-sections -fdata-sections -Wall -fstack-usage -MMD -MP -MF"Drivers/STM32F1xx_HAL_Driver/Src/stm32f1xx_hal_tim.d" -MT"Drivers/STM32F1xx_HAL_Driver/Src/stm32f1xx_hal_tim.o" --specs=nano.specs -mfloat-abi=soft -mthumb -o "Drivers/STM32F1xx_HAL_Driver/Src/stm32f1xx_hal_tim.o"
arm-none-eabi-gcc "../Drivers/STM32F1xx_HAL_Driver/Src/stm32f1xx_hal_tim_ex.c" -mcpu=cortex-m3 -std=gnu11 -g3 -DDEBUG -DUSE_HAL_DRIVER -DSTM32F103x6 -c -I../Core/Inc -I../Drivers/STM32F1xx_HAL_Driver/Inc/Legacy -I../Drivers/STM32F1xx_HAL_Driver/Inc -I../Drivers/CMSIS/Device/ST/STM32F1xx/Include -I../Drivers/CMSIS/Include -O0 -ffunction-sections -fdata-sections -Wall -fstack-usage -MMD -MP -MF"Drivers/STM32F1xx_HAL_Driver/Src/stm32f1xx_hal_tim_ex.d" -MT"Drivers/STM32F1xx_HAL_Driver/Src/stm32f1xx_hal_tim_ex.o" --specs=nano.specs -mfloat-abi=soft -mthumb -o "Drivers/STM32F1xx_HAL_Driver/Src/stm32f1xx_hal_tim_ex.o"
arm-none-eabi-gcc "../Core/Src/gpio.c" -mcpu=cortex-m3 -std=gnu11 -g3 -DDEBUG -DUSE_HAL_DRIVER -DSTM32F103x6 -c -I../Core/Inc -I../Drivers/STM32F1xx_HAL_Driver/Inc/Legacy -I../Drivers/STM32F1xx_HAL_Driver/Inc -I../Drivers/CMSIS/Device/ST/STM32F1xx/Include -I../Drivers/CMSIS/Include -O0 -ffunction-sections -fdata-sections -Wall -fstack-usage -MMD -MP -MF"Core/Src/gpio.d" -MT"Core/Src/gpio.o" --specs=nano.specs -mfloat-abi=soft -mthumb -o "Core/Src/gpio.o"
arm-none-eabi-gcc "../Core/Src/main.c" -mcpu=cortex-m3 -std=gnu11 -g3 -DDEBUG -DUSE_HAL_DRIVER -DSTM32F103x6 -c -I../Core/Inc -I../Drivers/STM32F1xx_HAL_Driver/Inc/Legacy -I../Drivers/STM32F1xx_HAL_Driver/Inc -I../Drivers/CMSIS/Device/ST/STM32F1xx/Include -I../Drivers/CMSIS/Include -O0 -ffunction-sections -fdata-sections -Wall -fstack-usage -MMD -MP -MF"Core/Src/main.d" -MT"Core/Src/main.o" --specs=nano.specs -mfloat-abi=soft -mthumb -o "Core/Src/main.o"
arm-none-eabi-gcc "../Core/Src/stm32f1xx_hal_msp.c" -mcpu=cortex-m3 -std=gnu11 -g3 -DDEBUG -DUSE_HAL_DRIVER -DSTM32F103x6 -c -I../Core/Inc -I../Drivers/STM32F1xx_HAL_Driver/Inc/Legacy -I../Drivers/STM32F1xx_HAL_Driver/Inc -I../Drivers/CMSIS/Device/ST/STM32F1xx/Include -I../Drivers/CMSIS/Include -O0 -ffunction-sections -fdata-sections -Wall -fstack-usage -MMD -MP -MF"Core/Src/stm32f1xx_hal_msp.d" -MT"Core/Src/stm32f1xx_hal_msp.o" --specs=nano.specs -mfloat-abi=soft -mthumb -o "Core/Src/stm32f1xx_hal_msp.o"
arm-none-eabi-gcc "../Core/Src/stm32f1xx_it.c" -mcpu=cortex-m3 -std=gnu11 -g3 -DDEBUG -DUSE_HAL_DRIVER -DSTM32F103x6 -c -I../Core/Inc -I../Drivers/STM32F1xx_HAL_Driver/Inc/Legacy -I../Drivers/STM32F1xx_HAL_Driver/Inc -I../Drivers/CMSIS/Device/ST/STM32F1xx/Include -I../Drivers/CMSIS/Include -O0 -ffunction-sections -fdata-sections -Wall -fstack-usage -MMD -MP -MF"Core/Src/stm32f1xx_it.d" -MT"Core/Src/stm32f1xx_it.o" --specs=nano.specs -mfloat-abi=soft -mthumb -o "Core/Src/stm32f1xx_it.o"
arm-none-eabi-gcc "../Core/Src/system_stm32f1xx.c" -mcpu=cortex-m3 -std=gnu11 -g3 -DDEBUG -DUSE_HAL_DRIVER -DSTM32F103x6 -c -I../Core/Inc -I../Drivers/STM32F1xx_HAL_Driver/Inc/Legacy -I../Drivers/STM32F1xx_HAL_Driver/Inc -I../Drivers/CMSIS/Device/ST/STM32F1xx/Include -I../Drivers/CMSIS/Include -O0 -ffunction-sections -fdata-sections -Wall -fstack-usage -MMD -MP -MF"Core/Src/system_stm32f1xx.d" -MT"Core/Src/system_stm32f1xx.o" --specs=nano.specs -mfloat-abi=soft -mthumb -o "Core/Src/system_stm32f1xx.o"
arm-none-eabi-gcc "../Core/Src/tim.c" -mcpu=cortex-m3 -std=gnu11 -g3 -DDEBUG -DUSE_HAL_DRIVER -DSTM32F103x6 -c -I../Core/Inc -I../Drivers/STM32F1xx_HAL_Driver/Inc/Legacy -I../Drivers/STM32F1xx_HAL_Driver/Inc -I../Drivers/CMSIS/Device/ST/STM32F1xx/Include -I../Drivers/CMSIS/Include -O0 -ffunction-sections -fdata-sections -Wall -fstack-usage -MMD -MP -MF"Core/Src/tim.d" -MT"Core/Src/tim.o" --specs=nano.specs -mfloat-abi=soft -mthumb -o "Core/Src/tim.o"
arm-none-eabi-gcc -o "Simple_Scheduler.elf" @"objects.list"   -mcpu=cortex-m3 -T"C:\Users\ADMIN\Documents\MCU\Lab4\Simple_Scheduler\STM32F103C6UX_FLASH.ld" --specs=nosys.specs -Wl,-Map="Simple_Scheduler.map" -Wl,--gc-sections -static --specs=nano.specs -mfloat-abi=soft -mthumb -Wl,--start-group -lc -lm -Wl,--end-group
Finished building target: Simple_Scheduler.elf
 
arm-none-eabi-size   Simple_Scheduler.elf 
arm-none-eabi-objdump -h -S  Simple_Scheduler.elf  > "Simple_Scheduler.list"
arm-none-eabi-objcopy  -O ihex  Simple_Scheduler.elf  "Simple_Scheduler.hex"
arm-none-eabi-objcopy  -O binary  Simple_Scheduler.elf  "Simple_Scheduler.bin"
   text	   data	    bss	    dec	    hex	filename
   7340	    120	   1656	   9116	   239c	Simple_Scheduler.elf
Finished building: default.size.stdout
 
Finished building: Simple_Scheduler.hex
Finished building: Simple_Scheduler.bin
 
Finished building: Simple_Scheduler.list
 
 
00:55:13 **** Incremental Build of configuration Debug for project Simple_Scheduler ****
make -j12 all 
arm-none-eabi-gcc "../Core/Src/main.c" -mcpu=cortex-m3 -std=gnu11 -g3 -DDEBUG -DUSE_HAL_DRIVER -DSTM32F103x6 -c -I../Core/Inc -I../Drivers/STM32F1xx_HAL_Driver/Inc/Legacy -I../Drivers/STM32F1xx_HAL_Driver/Inc -I../Drivers/CMSIS/Device/ST/STM32F1xx/Include -I../Drivers/CMSIS/Include -O0 -ffunction-sections -fdata-sections -Wall -fstack-usage -MMD -MP -MF"Core/Src/main.d" -MT"Core/Src/main.o" --specs=nano.specs -mfloat-abi=soft -mthumb -o "Core/Src/main.o"
arm-none-eabi-gcc "../Core/Src/sched.c" -mcpu=cortex-m3 -std=gnu11 -g3 -DDEBUG -DUSE_HAL_DRIVER -DSTM32F103x6 -c -I../Core/Inc -I../Drivers/STM32F1xx_HAL_Driver/Inc/Legacy -I../Drivers/STM32F1xx_HAL_Driver/Inc -I../Drivers/CMSIS/Device/ST/STM32F1xx/Include -I../Drivers/CMSIS/Include -O0 -ffunction-sections -fdata-sections -Wall -fstack-usage -MMD -MP -MF"Core/Src/sched.d" -MT"Core/Src/sched.o" --specs=nano.specs -mfloat-abi=soft -mthumb -o "Core/Src/sched.o"
arm-none-eabi-gcc -o "Simple_Scheduler.elf" @"objects.list"   -mcpu=cortex-m3 -T"C:\Users\ADMIN\Documents\MCU\Lab4\Simple_Scheduler\STM32F103C6UX_FLASH.ld" --specs=nosys.specs -Wl,-Map="Simple_Scheduler.map" -Wl,--gc-sections -static --specs=nano.specs -mfloat-abi=soft -mthumb -Wl,--start-group -lc -lm -Wl,--end-group
Finished building target: Simple_Scheduler.elf
 
arm-none-eabi-size   Simple_Scheduler.elf 
arm-none-eabi-objdump -h -S  Simple_Scheduler.elf  > "Simple_Scheduler.list"
arm-none-eabi-objcopy  -O ihex  Simple_Scheduler.elf  "Simple_Scheduler.hex"
arm-none-eabi-objcopy  -O binary  Simple_Scheduler.elf  "Simple_Scheduler.bin"
   text	   data	    bss	    dec	    hex	filename
   7340	    120	   1656	   9116	   239c	Simple_Scheduler.elf
Finished building: default.size.stdout
 
Finished building: Simple_Scheduler.hex
Finished building: Simple_Scheduler.bin
 
Finished building: Simple_Scheduler.list
 
 
00:57:24 **** Incremental Build of configuration Debug for project Simple_Scheduler ****
make -j12 all 
arm-none-eabi-gcc "../Core/Src/main.c" -mcpu=cortex-m3 -std=gnu11 -g3 -DDEBUG -DUSE_HAL_DRIVER -DSTM32F103x6 -c -I../Core/Inc -I../Drivers/STM32F1xx_HAL_Driver/Inc/Legacy -I../Drivers/STM32F1xx_HAL_Driver/Inc -I../Drivers/CMSIS/Device/ST/STM32F1xx/Include -I../Drivers/CMSIS/Include -O0 -ffunction-sections -fdata-sections -Wall -fstack-usage -MMD -MP -MF"Core/Src/main.d" -MT"Core/Src/main.o" --specs=nano.specs -mfloat-abi=soft -mthumb -o "Core/Src/main.o"
../Core/Src/main.c: In function 'main':
../Core/Src/main.c:114:16: warning: taking address of expression of type 'void'
  114 |   SCH_Add_Task(&toggleRedLed(), 0, 500);
      |                ^
../Core/Src/main.c:114:16: error: lvalue required as unary '&' operand
../Core/Src/main.c:115:16: warning: taking address of expression of type 'void'
  115 |   SCH_Add_Task(&toggleYelLed(), 10, 1000);
      |                ^
../Core/Src/main.c:115:16: error: lvalue required as unary '&' operand
../Core/Src/main.c:116:16: warning: taking address of expression of type 'void'
  116 |   SCH_Add_Task(&toggleGrnLed(), 20, 1500);
      |                ^
../Core/Src/main.c:116:16: error: lvalue required as unary '&' operand
../Core/Src/main.c:117:16: warning: taking address of expression of type 'void'
  117 |   SCH_Add_Task(&toggleBluLed(), 30, 2000);
      |                ^
../Core/Src/main.c:117:16: error: lvalue required as unary '&' operand
../Core/Src/main.c:118:16: warning: taking address of expression of type 'void'
  118 |   SCH_Add_Task(&toggleWhtLed(), 1000, 0);
      |                ^
../Core/Src/main.c:118:16: error: lvalue required as unary '&' operand
make: *** [Core/Src/subdir.mk:43: Core/Src/main.o] Error 1
"make -j12 all" terminated with exit code 2. Build might be incomplete.
00:58:02 **** Incremental Build of configuration Debug for project Simple_Scheduler ****
make -j12 all 
arm-none-eabi-gcc "../Core/Src/main.c" -mcpu=cortex-m3 -std=gnu11 -g3 -DDEBUG -DUSE_HAL_DRIVER -DSTM32F103x6 -c -I../Core/Inc -I../Drivers/STM32F1xx_HAL_Driver/Inc/Legacy -I../Drivers/STM32F1xx_HAL_Driver/Inc -I../Drivers/CMSIS/Device/ST/STM32F1xx/Include -I../Drivers/CMSIS/Include -O0 -ffunction-sections -fdata-sections -Wall -fstack-usage -MMD -MP -MF"Core/Src/main.d" -MT"Core/Src/main.o" --specs=nano.specs -mfloat-abi=soft -mthumb -o "Core/Src/main.o"
arm-none-eabi-gcc -o "Simple_Scheduler.elf" @"objects.list"   -mcpu=cortex-m3 -T"C:\Users\ADMIN\Documents\MCU\Lab4\Simple_Scheduler\STM32F103C6UX_FLASH.ld" --specs=nosys.specs -Wl,-Map="Simple_Scheduler.map" -Wl,--gc-sections -static --specs=nano.specs -mfloat-abi=soft -mthumb -Wl,--start-group -lc -lm -Wl,--end-group
Finished building target: Simple_Scheduler.elf
 
arm-none-eabi-size   Simple_Scheduler.elf 
arm-none-eabi-objdump -h -S  Simple_Scheduler.elf  > "Simple_Scheduler.list"
arm-none-eabi-objcopy  -O ihex  Simple_Scheduler.elf  "Simple_Scheduler.hex"
arm-none-eabi-objcopy  -O binary  Simple_Scheduler.elf  "Simple_Scheduler.bin"
   text	   data	    bss	    dec	    hex	filename
   8192	    120	   1672	   9984	   2700	Simple_Scheduler.elf
Finished building: default.size.stdout
 
Finished building: Simple_Scheduler.hex
Finished building: Simple_Scheduler.bin
 
Finished building: Simple_Scheduler.list
 
 
01:08:46 **** Incremental Build of configuration Debug for project Simple_Scheduler ****
make -j12 all 
arm-none-eabi-gcc "../Core/Src/sched.c" -mcpu=cortex-m3 -std=gnu11 -g3 -DDEBUG -DUSE_HAL_DRIVER -DSTM32F103x6 -c -I../Core/Inc -I../Drivers/STM32F1xx_HAL_Driver/Inc/Legacy -I../Drivers/STM32F1xx_HAL_Driver/Inc -I../Drivers/CMSIS/Device/ST/STM32F1xx/Include -I../Drivers/CMSIS/Include -O0 -ffunction-sections -fdata-sections -Wall -fstack-usage -MMD -MP -MF"Core/Src/sched.d" -MT"Core/Src/sched.o" --specs=nano.specs -mfloat-abi=soft -mthumb -o "Core/Src/sched.o"
arm-none-eabi-gcc -o "Simple_Scheduler.elf" @"objects.list"   -mcpu=cortex-m3 -T"C:\Users\ADMIN\Documents\MCU\Lab4\Simple_Scheduler\STM32F103C6UX_FLASH.ld" --specs=nosys.specs -Wl,-Map="Simple_Scheduler.map" -Wl,--gc-sections -static --specs=nano.specs -mfloat-abi=soft -mthumb -Wl,--start-group -lc -lm -Wl,--end-group
Finished building target: Simple_Scheduler.elf
 
arm-none-eabi-size   Simple_Scheduler.elf 
arm-none-eabi-objdump -h -S  Simple_Scheduler.elf  > "Simple_Scheduler.list"
arm-none-eabi-objcopy  -O ihex  Simple_Scheduler.elf  "Simple_Scheduler.hex"
arm-none-eabi-objcopy  -O binary  Simple_Scheduler.elf  "Simple_Scheduler.bin"
   text	   data	    bss	    dec	    hex	filename
   8200	    120	   1672	   9992	   2708	Simple_Scheduler.elf
Finished building: default.size.stdout
 
Finished building: Simple_Scheduler.hex
Finished building: Simple_Scheduler.bin
 
Finished building: Simple_Scheduler.list
 
 
01:10:27 **** Incremental Build of configuration Debug for project Simple_Scheduler ****
make -j12 all 
arm-none-eabi-gcc "../Core/Src/main.c" -mcpu=cortex-m3 -std=gnu11 -g3 -DDEBUG -DUSE_HAL_DRIVER -DSTM32F103x6 -c -I../Core/Inc -I../Drivers/STM32F1xx_HAL_Driver/Inc/Legacy -I../Drivers/STM32F1xx_HAL_Driver/Inc -I../Drivers/CMSIS/Device/ST/STM32F1xx/Include -I../Drivers/CMSIS/Include -O0 -ffunction-sections -fdata-sections -Wall -fstack-usage -MMD -MP -MF"Core/Src/main.d" -MT"Core/Src/main.o" --specs=nano.specs -mfloat-abi=soft -mthumb -o "Core/Src/main.o"
arm-none-eabi-gcc -o "Simple_Scheduler.elf" @"objects.list"   -mcpu=cortex-m3 -T"C:\Users\ADMIN\Documents\MCU\Lab4\Simple_Scheduler\STM32F103C6UX_FLASH.ld" --specs=nosys.specs -Wl,-Map="Simple_Scheduler.map" -Wl,--gc-sections -static --specs=nano.specs -mfloat-abi=soft -mthumb -Wl,--start-group -lc -lm -Wl,--end-group
Finished building target: Simple_Scheduler.elf
 
arm-none-eabi-size   Simple_Scheduler.elf 
arm-none-eabi-objdump -h -S  Simple_Scheduler.elf  > "Simple_Scheduler.list"
arm-none-eabi-objcopy  -O ihex  Simple_Scheduler.elf  "Simple_Scheduler.hex"
   text	   data	    bss	    dec	    hex	filename
   8200	    120	   1672	   9992	   2708	Simple_Scheduler.elf
arm-none-eabi-objcopy  -O binary  Simple_Scheduler.elf  "Simple_Scheduler.bin"
Finished building: default.size.stdout
 
Finished building: Simple_Scheduler.hex
Finished building: Simple_Scheduler.bin
 
 
Finished building: Simple_Scheduler.list
 
01:13:41 **** Incremental Build of configuration Debug for project Simple_Scheduler ****
make -j12 all 
arm-none-eabi-gcc "../Core/Src/main.c" -mcpu=cortex-m3 -std=gnu11 -g3 -DDEBUG -DUSE_HAL_DRIVER -DSTM32F103x6 -c -I../Core/Inc -I../Drivers/STM32F1xx_HAL_Driver/Inc/Legacy -I../Drivers/STM32F1xx_HAL_Driver/Inc -I../Drivers/CMSIS/Device/ST/STM32F1xx/Include -I../Drivers/CMSIS/Include -O0 -ffunction-sections -fdata-sections -Wall -fstack-usage -MMD -MP -MF"Core/Src/main.d" -MT"Core/Src/main.o" --specs=nano.specs -mfloat-abi=soft -mthumb -o "Core/Src/main.o"
arm-none-eabi-gcc -o "Simple_Scheduler.elf" @"objects.list"   -mcpu=cortex-m3 -T"C:\Users\ADMIN\Documents\MCU\Lab4\Simple_Scheduler\STM32F103C6UX_FLASH.ld" --specs=nosys.specs -Wl,-Map="Simple_Scheduler.map" -Wl,--gc-sections -static --specs=nano.specs -mfloat-abi=soft -mthumb -Wl,--start-group -lc -lm -Wl,--end-group
Finished building target: Simple_Scheduler.elf
 
arm-none-eabi-size   Simple_Scheduler.elf 
arm-none-eabi-objdump -h -S  Simple_Scheduler.elf  > "Simple_Scheduler.list"
arm-none-eabi-objcopy  -O ihex  Simple_Scheduler.elf  "Simple_Scheduler.hex"
arm-none-eabi-objcopy  -O binary  Simple_Scheduler.elf  "Simple_Scheduler.bin"
   text	   data	    bss	    dec	    hex	filename
   8200	    120	   1672	   9992	   2708	Simple_Scheduler.elf
Finished building: default.size.stdout
 
Finished building: Simple_Scheduler.hex
Finished building: Simple_Scheduler.bin
 
Finished building: Simple_Scheduler.list
 
 
02:05:46 **** Incremental Build of configuration Debug for project Simple_Scheduler ****
make -j12 all 
arm-none-eabi-gcc "../Core/Src/sched.c" -mcpu=cortex-m3 -std=gnu11 -g3 -DDEBUG -DUSE_HAL_DRIVER -DSTM32F103x6 -c -I../Core/Inc -I../Drivers/STM32F1xx_HAL_Driver/Inc/Legacy -I../Drivers/STM32F1xx_HAL_Driver/Inc -I../Drivers/CMSIS/Device/ST/STM32F1xx/Include -I../Drivers/CMSIS/Include -O0 -ffunction-sections -fdata-sections -Wall -fstack-usage -MMD -MP -MF"Core/Src/sched.d" -MT"Core/Src/sched.o" --specs=nano.specs -mfloat-abi=soft -mthumb -o "Core/Src/sched.o"
arm-none-eabi-gcc -o "Simple_Scheduler.elf" @"objects.list"   -mcpu=cortex-m3 -T"C:\Users\ADMIN\Documents\MCU\Lab4\Simple_Scheduler\STM32F103C6UX_FLASH.ld" --specs=nosys.specs -Wl,-Map="Simple_Scheduler.map" -Wl,--gc-sections -static --specs=nano.specs -mfloat-abi=soft -mthumb -Wl,--start-group -lc -lm -Wl,--end-group
Finished building target: Simple_Scheduler.elf
 
arm-none-eabi-size   Simple_Scheduler.elf 
arm-none-eabi-objdump -h -S  Simple_Scheduler.elf  > "Simple_Scheduler.list"
arm-none-eabi-objcopy  -O ihex  Simple_Scheduler.elf  "Simple_Scheduler.hex"
arm-none-eabi-objcopy  -O binary  Simple_Scheduler.elf  "Simple_Scheduler.bin"
   text	   data	    bss	    dec	    hex	filename
   8212	    120	   1672	  10004	   2714	Simple_Scheduler.elf
Finished building: default.size.stdout
 
Finished building: Simple_Scheduler.bin
Finished building: Simple_Scheduler.hex
 
 
Finished building: Simple_Scheduler.list
 
02:05:50 **** Incremental Build of configuration Debug for project Simple_Scheduler ****
make -j12 all 
arm-none-eabi-size   Simple_Scheduler.elf 
   text	   data	    bss	    dec	    hex	filename
   8212	    120	   1672	  10004	   2714	Simple_Scheduler.elf
Finished building: default.size.stdout
 
12:33:03 **** Incremental Build of configuration Debug for project Simple_Scheduler ****
make -j12 all 
arm-none-eabi-gcc "../Core/Src/main.c" -mcpu=cortex-m3 -std=gnu11 -g3 -DDEBUG -DUSE_HAL_DRIVER -DSTM32F103x6 -c -I../Core/Inc -I../Drivers/STM32F1xx_HAL_Driver/Inc/Legacy -I../Drivers/STM32F1xx_HAL_Driver/Inc -I../Drivers/CMSIS/Device/ST/STM32F1xx/Include -I../Drivers/CMSIS/Include -O0 -ffunction-sections -fdata-sections -Wall -fstack-usage -MMD -MP -MF"Core/Src/main.d" -MT"Core/Src/main.o" --specs=nano.specs -mfloat-abi=soft -mthumb -o "Core/Src/main.o"
arm-none-eabi-gcc "../Core/Src/sched.c" -mcpu=cortex-m3 -std=gnu11 -g3 -DDEBUG -DUSE_HAL_DRIVER -DSTM32F103x6 -c -I../Core/Inc -I../Drivers/STM32F1xx_HAL_Driver/Inc/Legacy -I../Drivers/STM32F1xx_HAL_Driver/Inc -I../Drivers/CMSIS/Device/ST/STM32F1xx/Include -I../Drivers/CMSIS/Include -O0 -ffunction-sections -fdata-sections -Wall -fstack-usage -MMD -MP -MF"Core/Src/sched.d" -MT"Core/Src/sched.o" --specs=nano.specs -mfloat-abi=soft -mthumb -o "Core/Src/sched.o"
arm-none-eabi-gcc -o "Simple_Scheduler.elf" @"objects.list"   -mcpu=cortex-m3 -T"C:\Users\ADMIN\Documents\MCU\Lab4\Simple_Scheduler\STM32F103C6UX_FLASH.ld" --specs=nosys.specs -Wl,-Map="Simple_Scheduler.map" -Wl,--gc-sections -static --specs=nano.specs -mfloat-abi=soft -mthumb -Wl,--start-group -lc -lm -Wl,--end-group
Finished building target: Simple_Scheduler.elf
 
arm-none-eabi-size   Simple_Scheduler.elf 
arm-none-eabi-objdump -h -S  Simple_Scheduler.elf  > "Simple_Scheduler.list"
arm-none-eabi-objcopy  -O ihex  Simple_Scheduler.elf  "Simple_Scheduler.hex"
arm-none-eabi-objcopy  -O binary  Simple_Scheduler.elf  "Simple_Scheduler.bin"
   text	   data	    bss	    dec	    hex	filename
   8192	    120	   1672	   9984	   2700	Simple_Scheduler.elf
Finished building: default.size.stdout
 
Finished building: Simple_Scheduler.bin
Finished building: Simple_Scheduler.hex
 
 
Finished building: Simple_Scheduler.list
 
12:33:59 **** Incremental Build of configuration Debug for project Simple_Scheduler ****
make -j12 all 
arm-none-eabi-gcc "../Core/Src/sched.c" -mcpu=cortex-m3 -std=gnu11 -g3 -DDEBUG -DUSE_HAL_DRIVER -DSTM32F103x6 -c -I../Core/Inc -I../Drivers/STM32F1xx_HAL_Driver/Inc/Legacy -I../Drivers/STM32F1xx_HAL_Driver/Inc -I../Drivers/CMSIS/Device/ST/STM32F1xx/Include -I../Drivers/CMSIS/Include -O0 -ffunction-sections -fdata-sections -Wall -fstack-usage -MMD -MP -MF"Core/Src/sched.d" -MT"Core/Src/sched.o" --specs=nano.specs -mfloat-abi=soft -mthumb -o "Core/Src/sched.o"
arm-none-eabi-gcc -o "Simple_Scheduler.elf" @"objects.list"   -mcpu=cortex-m3 -T"C:\Users\ADMIN\Documents\MCU\Lab4\Simple_Scheduler\STM32F103C6UX_FLASH.ld" --specs=nosys.specs -Wl,-Map="Simple_Scheduler.map" -Wl,--gc-sections -static --specs=nano.specs -mfloat-abi=soft -mthumb -Wl,--start-group -lc -lm -Wl,--end-group
Finished building target: Simple_Scheduler.elf
 
arm-none-eabi-size   Simple_Scheduler.elf 
arm-none-eabi-objdump -h -S  Simple_Scheduler.elf  > "Simple_Scheduler.list"
arm-none-eabi-objcopy  -O ihex  Simple_Scheduler.elf  "Simple_Scheduler.hex"
arm-none-eabi-objcopy  -O binary  Simple_Scheduler.elf  "Simple_Scheduler.bin"
   text	   data	    bss	    dec	    hex	filename
   8176	    120	   1672	   9968	   26f0	Simple_Scheduler.elf
Finished building: default.size.stdout
 
Finished building: Simple_Scheduler.hex
Finished building: Simple_Scheduler.bin
 
Finished building: Simple_Scheduler.list
 
 
