15:13:39 **** Incremental Build of configuration Debug for project Simple_Scheduler ****
make -j12 all 
arm-none-eabi-gcc "../Core/Src/main.c" -mcpu=cortex-m3 -std=gnu11 -g3 -DDEBUG -DUSE_HAL_DRIVER -DSTM32F103x6 -c -I../Core/Inc -I../Drivers/STM32F1xx_HAL_Driver/Inc/Legacy -I../Drivers/STM32F1xx_HAL_Driver/Inc -I../Drivers/CMSIS/Device/ST/STM32F1xx/Include -I../Drivers/CMSIS/Include -O0 -ffunction-sections -fdata-sections -Wall -fstack-usage -MMD -MP -MF"Core/Src/main.d" -MT"Core/Src/main.o" --specs=nano.specs -mfloat-abi=soft -mthumb -o "Core/Src/main.o"
arm-none-eabi-gcc -o "Simple_Scheduler.elf" @"objects.list"   -mcpu=cortex-m3 -T"C:\Users\ADMIN\Documents\MCU\Lab4\Simple_Scheduler\STM32F103C6UX_FLASH.ld" --specs=nosys.specs -Wl,-Map="Simple_Scheduler.map" -Wl,--gc-sections -static --specs=nano.specs -mfloat-abi=soft -mthumb -Wl,--start-group -lc -lm -Wl,--end-group
Finished building target: Simple_Scheduler.elf
 
arm-none-eabi-size   Simple_Scheduler.elf 
arm-none-eabi-objdump -h -S  Simple_Scheduler.elf  > "Simple_Scheduler.list"
arm-none-eabi-objcopy  -O ihex  Simple_Scheduler.elf  "Simple_Scheduler.hex"
arm-none-eabi-objcopy  -O binary  Simple_Scheduler.elf  "Simple_Scheduler.bin"
   text	   data	    bss	    dec	    hex	filename
   8248	    120	   1672	  10040	   2738	Simple_Scheduler.elf
Finished building: default.size.stdout
 
Finished building: Simple_Scheduler.hex
Finished building: Simple_Scheduler.bin
 
 
Finished building: Simple_Scheduler.list
 

15:13:39 Build Finished. 0 errors, 0 warnings. (took 463ms)

